Archive member included to satisfy reference by file (symbol)

C:/Applications/Microchip/XC32/bin/bin/../../lib/gcc/pic32c/13.2.1/../../../../pic32c/lib/thumb/v8-m.base/nofp\libpic32c.a(data_init.o)
                              build/default/debug/_ext/1171490990/startup_xc32.o (__pic32c_data_initialization)
C:/Applications/Microchip/XC32/bin/bin/../../lib/gcc/pic32c/13.2.1/../../../../pic32c/lib/thumb/v8-m.base/nofp\libc-size-musl.a(memcmp.o)
                              build/default/debug/_ext/1857064221/winc_dev.o (memcmp)
C:/Applications/Microchip/XC32/bin/bin/../../lib/gcc/pic32c/13.2.1/../../../../pic32c/lib/thumb/v8-m.base/nofp\libc-size-musl.a(memcpy.o)
                              build/default/debug/_ext/818654064/drv_usbfsv1_device.o (memcpy)
C:/Applications/Microchip/XC32/bin/bin/../../lib/gcc/pic32c/13.2.1/../../../../pic32c/lib/thumb/v8-m.base/nofp\libc-size-musl.a(memmove.o)
                              build/default/debug/_ext/1857064221/winc_socket.o (memmove)
C:/Applications/Microchip/XC32/bin/bin/../../lib/gcc/pic32c/13.2.1/../../../../pic32c/lib/thumb/v8-m.base/nofp\libc-size-musl.a(memset.o)
                              build/default/debug/_ext/818654064/drv_usbfsv1_device.o (memset)
C:/Applications/Microchip/XC32/bin/bin/../../lib/gcc/pic32c/13.2.1/../../../../pic32c/lib/thumb/v8-m.base/nofp\libc-size-musl.a(strlen.o)
                              build/default/debug/_ext/1857064221/winc_socket.o (strlen)
C:/Applications/Microchip/XC32/bin/bin/../../lib/gcc/pic32c/13.2.1/../../../../pic32c/lib/thumb/v8-m.base/nofp\libc-size-musl.a(strstr.o)
                              build/default/debug/_ext/634868841/sys_wincs_wifi_service.o (strstr)
C:/Applications/Microchip/XC32/bin/bin/../../lib/gcc/pic32c/13.2.1/../../../../pic32c/lib/thumb/v8-m.base/nofp\libc-size-musl.a(strchr.o)
                              build/default/debug/_ext/1706628858/wdrv_winc_ota.o (strchr)
C:/Applications/Microchip/XC32/bin/bin/../../lib/gcc/pic32c/13.2.1/../../../../pic32c/lib/thumb/v8-m.base/nofp\libc-size-musl.a(strchrnul.o)
                              C:/Applications/Microchip/XC32/bin/bin/../../lib/gcc/pic32c/13.2.1/../../../../pic32c/lib/thumb/v8-m.base/nofp\libc-size-musl.a(strchr.o) (__strchrnul)
C:/Applications/Microchip/XC32/bin/bin/../../lib/gcc/pic32c/13.2.1/../../../../pic32c/lib/thumb/v8-m.base/nofp\libc-size-musl.a(strcpy.o)
                              build/default/debug/_ext/1857064221/winc_socket.o (strcpy)
C:/Applications/Microchip/XC32/bin/bin/../../lib/gcc/pic32c/13.2.1/../../../../pic32c/lib/thumb/v8-m.base/nofp\libc-size-musl.a(strncmp.o)
                              build/default/debug/_ext/1857064221/winc_tables.o (strncmp)
C:/Applications/Microchip/XC32/bin/bin/../../lib/gcc/pic32c/13.2.1/../../../../pic32c/lib/thumb/v8-m.base/nofp\libc-size-musl.a(strncpy.o)
                              build/default/debug/_ext/1706628858/wdrv_winc_utils.o (strncpy)
C:/Applications/Microchip/XC32/bin/bin/../../lib/gcc/pic32c/13.2.1/../../../../pic32c/lib/thumb/v8-m.base/nofp\libc-size-musl.a(strnlen.o)
                              build/default/debug/_ext/1857064221/winc_socket.o (strnlen)
C:/Applications/Microchip/XC32/bin/bin/../../lib/gcc/pic32c/13.2.1/../../../../pic32c/lib/thumb/v8-m.base/nofp\libc-size-musl.a(strrchr.o)
                              build/default/debug/_ext/1706628858/wdrv_winc_ota.o (strrchr)
C:/Applications/Microchip/XC32/bin/bin/../../lib/gcc/pic32c/13.2.1/../../../../pic32c/lib/thumb/v8-m.base/nofp\libc-size-musl.a(strspn.o)
                              build/default/debug/_ext/1857064221/winc_socket.o (strspn)
C:/Applications/Microchip/XC32/bin/bin/../../lib/gcc/pic32c/13.2.1/../../../../pic32c/lib/thumb/v8-m.base/nofp\libc-size-musl.a(memrchr.o)
                              C:/Applications/Microchip/XC32/bin/bin/../../lib/gcc/pic32c/13.2.1/../../../../pic32c/lib/thumb/v8-m.base/nofp\libc-size-musl.a(strrchr.o) (__memrchr)
C:/Applications/Microchip/XC32/bin/bin/../../lib/gcc/pic32c/13.2.1/../../../../pic32c/lib/thumb/v8-m.base/nofp\libc-size-musl.a(memchr.o)
                              C:/Applications/Microchip/XC32/bin/bin/../../lib/gcc/pic32c/13.2.1/../../../../pic32c/lib/thumb/v8-m.base/nofp\libc-size-musl.a(strnlen.o) (memchr)
C:/Applications/Microchip/XC32/bin/bin/../../lib/gcc/pic32c/13.2.1/../../../../pic32c/lib/thumb/v8-m.base/nofp\libc-size-musl.a(stpcpy.o)
                              C:/Applications/Microchip/XC32/bin/bin/../../lib/gcc/pic32c/13.2.1/../../../../pic32c/lib/thumb/v8-m.base/nofp\libc-size-musl.a(strcpy.o) (__stpcpy)
C:/Applications/Microchip/XC32/bin/bin/../../lib/gcc/pic32c/13.2.1/../../../../pic32c/lib/thumb/v8-m.base/nofp\libc-size-musl.a(stpncpy.o)
                              C:/Applications/Microchip/XC32/bin/bin/../../lib/gcc/pic32c/13.2.1/../../../../pic32c/lib/thumb/v8-m.base/nofp\libc-size-musl.a(strncpy.o) (__stpncpy)
[...]
Memory Configuration

Name             Origin             Length             Attributes
rom              0x00000000         0x00040000         xrl
ram              0x20000000         0x00008000         xw!r
config_00804000  0x00804000         0x00000004
config_00804004  0x00804004         0x00000004
*default*        0x00000000         0xffffffff

Linker script and memory map

LOAD C:/Applications/Microchip/XC32/bin/bin/../../lib/gcc/pic32c/13.2.1/thumb/v8-m.base/nofp/crti.o
LOAD C:/Applications/Microchip/XC32/bin/bin/../../lib/gcc/pic32c/13.2.1/thumb/v8-m.base/nofp/crtbegin.o
LOAD build/default/debug/_ext/158385033/drv_i2c.o
LOAD build/default/debug/_ext/818654064/drv_usbfsv1.o
LOAD build/default/debug/_ext/818654064/drv_usbfsv1_device.o
LOAD build/default/debug/_ext/622324608/wdrv_winc_spi.o
LOAD build/default/debug/_ext/622324608/wdrv_winc_eint.o
LOAD build/default/debug/_ext/1857064221/winc_cmds.o
LOAD build/default/debug/_ext/1857064221/winc_cmd_req.o
LOAD build/default/debug/_ext/1857064221/winc_dev.o
LOAD build/default/debug/_ext/1857064221/winc_sdio_drv.o
LOAD build/default/debug/_ext/1857064221/winc_socket.o
LOAD build/default/debug/_ext/1857064221/winc_tables.o
LOAD build/default/debug/_ext/1706628858/wdrv_winc.o
LOAD build/default/debug/_ext/1706628858/wdrv_winc_assoc.o
LOAD build/default/debug/_ext/1706628858/wdrv_winc_authctx.o
LOAD build/default/debug/_ext/1706628858/wdrv_winc_bssctx.o
LOAD build/default/debug/_ext/1706628858/wdrv_winc_bssfind.o
LOAD build/default/debug/_ext/1706628858/wdrv_winc_dns.o
LOAD build/default/debug/_ext/1706628858/wdrv_winc_dhcps.o
LOAD build/default/debug/_ext/1706628858/wdrv_winc_extcrypto.o
LOAD build/default/debug/_ext/1706628858/wdrv_winc_file.o
LOAD build/default/debug/_ext/1706628858/wdrv_winc_mqtt.o
LOAD build/default/debug/_ext/1706628858/wdrv_winc_netif.o
LOAD build/default/debug/_ext/1706628858/wdrv_winc_ota.o
LOAD build/default/debug/_ext/1706628858/wdrv_winc_pps.o
LOAD build/default/debug/_ext/1706628858/wdrv_winc_nvm.o
LOAD build/default/debug/_ext/1706628858/wdrv_winc_prov.o
LOAD build/default/debug/_ext/1706628858/wdrv_winc_sntp.o
LOAD build/default/debug/_ext/1706628858/wdrv_winc_socket.o
LOAD build/default/debug/_ext/1706628858/wdrv_winc_softap.o
LOAD build/default/debug/_ext/1706628858/wdrv_winc_sta.o
LOAD build/default/debug/_ext/1706628858/wdrv_winc_systime.o
LOAD build/default/debug/_ext/1706628858/wdrv_winc_tls.o
LOAD build/default/debug/_ext/1706628858/wdrv_winc_utils.o
LOAD build/default/debug/_ext/1706628858/wdrv_winc_wifi.o
LOAD build/default/debug/_ext/60163342/plib_adc.o
LOAD build/default/debug/_ext/1984496892/plib_clock.o
LOAD build/default/debug/_ext/1865161661/plib_dmac.o
LOAD build/default/debug/_ext/60167341/plib_eic.o
LOAD build/default/debug/_ext/1986646378/plib_evsys.o
LOAD build/default/debug/_ext/1865468468/plib_nvic.o
LOAD build/default/debug/_ext/1593096446/plib_nvmctrl.o
LOAD build/default/debug/_ext/829342769/plib_pm.o
LOAD build/default/debug/_ext/1865521619/plib_port.o
LOAD build/default/debug/_ext/1865585090/plib_rstc.o
LOAD build/default/debug/_ext/60180175/plib_rtc_timer.o
LOAD build/default/debug/_ext/508257091/plib_sercom2_i2c_master.o
LOAD build/default/debug/_ext/508257091/plib_sercom0_i2c_master.o
LOAD build/default/debug/_ext/17022449/plib_sercom1_spi_master.o
LOAD build/default/debug/_ext/1865616679/plib_supc.o
LOAD build/default/debug/_ext/1827571544/plib_systick.o
LOAD build/default/debug/_ext/60184501/plib_wdt.o
LOAD build/default/debug/_ext/163028504/xc32_monitor.o
LOAD build/default/debug/_ext/1832805299/sys_console_usb_cdc.o
LOAD build/default/debug/_ext/1832805299/sys_console.o
LOAD build/default/debug/_ext/944882569/sys_debug.o
LOAD build/default/debug/_ext/14461671/sys_dma.o
LOAD build/default/debug/_ext/1881668453/sys_int.o
LOAD build/default/debug/_ext/1766557203/sys_wincs_net_service.o
LOAD build/default/debug/_ext/1000052432/sys_reset.o
LOAD build/default/debug/_ext/101884895/sys_time.o
LOAD build/default/debug/_ext/634868841/sys_wincs_wifi_service.o
LOAD build/default/debug/_ext/753841488/sys_wincs_system_service.o
LOAD build/default/debug/_ext/308758920/usb_device.o
LOAD build/default/debug/_ext/308758920/usb_device_cdc.o
LOAD build/default/debug/_ext/308758920/usb_device_cdc_acm.o
LOAD build/default/debug/_ext/1171490990/usb_device_init_data.o
LOAD build/default/debug/_ext/1171490990/tasks.o
LOAD build/default/debug/_ext/1171490990/initialization.o
LOAD build/default/debug/_ext/1171490990/interrupts.o
LOAD build/default/debug/_ext/1171490990/exceptions.o
LOAD build/default/debug/_ext/1171490990/startup_xc32.o
LOAD build/default/debug/_ext/1171490990/libc_syscalls.o
LOAD build/default/debug/_ext/1360937237/wincs02_driver.o
LOAD build/default/debug/_ext/1360937237/timer_driver.o
LOAD build/default/debug/_ext/1360937237/rtc_driver.o
LOAD build/default/debug/_ext/1360937237/rstc_driver.o
LOAD build/default/debug/_ext/1360937237/console_driver.o
LOAD build/default/debug/_ext/1360937237/bmp585_driver.o
LOAD build/default/debug/_ext/1360937237/battery_driver.o
LOAD build/default/debug/_ext/1360937237/app.o
LOAD build/default/debug/_ext/1360937237/main.o
                0x00000001                        __MPLAB_BUILD = 0x1
                0x00040000                        __rom_end = (ORIGIN (rom) + LENGTH (rom))
                0x20008000                        __ram_end = (ORIGIN (ram) + LENGTH (ram))

.config_00804000
                0x00804000        0x4
 *(.config_00804000)
 .config_00804000
                0x00804000        0x4 build/default/debug/_ext/1171490990/initialization.o
                0x00804000                __config_00804000

.config_00804004
                0x00804004        0x4
 *(.config_00804004)
 .config_00804004
                0x00804004        0x4 build/default/debug/_ext/1171490990/initialization.o
                0x00804004                __config_00804004

.vectors        0x00000000      0x15c
                0x00000000                        . = ALIGN (0x4)
                0x00000000                        _sfixed = .
 *(.vectors .vectors.* .vectors_default .vectors_default.*)
 .vectors       0x00000000      0x15c build/default/debug/_ext/1171490990/interrupts.o
                0x00000000                exception_table
 *(.isr_vector)
 *(.reset*)
 *(.after_vectors)

.text           0x0000015c       0x20
                0x0000015c                        . = ALIGN (0x4)
 *(.glue_7t)
 .glue_7t       0x0000015c        0x0 linker stubs
 *(.glue_7)
 .glue_7        0x0000015c        0x0 linker stubs
 *(.gnu.linkonce.r.*)
 *(.ARM.extab* .gnu.linkonce.armextab.*)
                0x0000015c                        . = ALIGN (0x4)
 *(.init)
 .init          0x0000015c        0x4 C:/Applications/Microchip/XC32/bin/bin/../../lib/gcc/pic32c/13.2.1/thumb/v8-m.base/nofp/crti.o
                0x0000015c                _init
 .init          0x00000160        0x8 C:/Applications/Microchip/XC32/bin/bin/../../lib/gcc/pic32c/13.2.1/thumb/v8-m.base/nofp/crtn.o
                0x00000168                        . = ALIGN (0x4)
                0x00000168                        __preinit_array_start = .
 *(.preinit_array)
                0x00000168                        __preinit_array_end = .
                0x00000168                        . = ALIGN (0x4)
                0x00000168                        __init_array_start = .
 *(SORT_BY_NAME(.init_array.*))
 *(.init_array)
 .init_array    0x00000168        0x4 C:/Applications/Microchip/XC32/bin/bin/../../lib/gcc/pic32c/13.2.1/thumb/v8-m.base/nofp/crtbegin.o
                0x0000016c                        __init_array_end = .
                0x0000016c                        . = ALIGN (0x4)
 *crtbegin.o(.ctors)
 *(EXCLUDE_FILE(*crtend.o) .ctors)
 *(SORT_BY_NAME(.ctors.*))
 *crtend.o(.ctors)
                0x0000016c                        . = ALIGN (0x4)
 *(.fini)
 .fini          0x0000016c        0x4 C:/Applications/Microchip/XC32/bin/bin/../../lib/gcc/pic32c/13.2.1/thumb/v8-m.base/nofp/crti.o
                0x0000016c                _fini
 .fini          0x00000170        0x8 C:/Applications/Microchip/XC32/bin/bin/../../lib/gcc/pic32c/13.2.1/thumb/v8-m.base/nofp/crtn.o
                0x00000178                        . = ALIGN (0x4)
                0x00000178                        __fini_array_start = .
 *(.fini_array)
 .fini_array    0x00000178        0x4 C:/Applications/Microchip/XC32/bin/bin/../../lib/gcc/pic32c/13.2.1/thumb/v8-m.base/nofp/crtbegin.o
 *(SORT_BY_NAME(.fini_array.*))
                0x0000017c                        __fini_array_end = .
 *crtbegin.o(.dtors)
 *(EXCLUDE_FILE(*crtend.o) .dtors)
 *(SORT_BY_NAME(.dtors.*))
 *crtend.o(.dtors)
                0x0000017c                        . = ALIGN (0x4)
                0x0000017c                        _efixed = .
                [!provide]                        PROVIDE (__exidx_start = .)

.ARM.exidx      0x0000017c       0x10
 *(.ARM.exidx* .gnu.linkonce.armexidx.*)
 .ARM.exidx     0x0000017c        0x8 C:/Applications/Microchip/XC32/bin/bin/../../lib/gcc/pic32c/13.2.1/thumb/v8-m.base/nofp\libgcc.a(_udivmoddi4.o)
 .ARM.exidx     0x00000184        0x8 C:/Applications/Microchip/XC32/bin/bin/../../lib/gcc/pic32c/13.2.1/thumb/v8-m.base/nofp\libgcc.a(_divdi3.o)
                [!provide]                        PROVIDE (__exidx_end = .)
                0x0000018c                        . = ALIGN (0x4)
                0x0000018c                        _etext = .

.bss            0x20000000        0x0
                0x20000000                        . = ALIGN (0x4)
                0x20000000                        __bss_start__ = .
                0x20000000                        _sbss = .
                0x20000000                        _szero = .
 *(COMMON)
                0x20000000                        . = ALIGN (0x4)
                0x20000000                        __bss_end__ = .
                0x20000000                        _ebss = .
                0x20000000                        _ezero = .
                0x20000000                        . = ALIGN (0x4)
                0x20000000                        _end = .
                0x20007fff                        _ram_end_ = ((ORIGIN (ram) + LENGTH (ram)) - 0x1)
                0x00000001                        __ICD2RAM = 0x1
                0x00000001                        __MPLAB_DEBUG = 0x1
                0x00000001                        __DEBUG = 0x1
                0x00001000                        _min_heap_size = 0x1000
START GROUP
LOAD C:/Applications/Microchip/XC32/bin/bin/../../lib/gcc/pic32c/13.2.1/../../../../pic32c/lib/thumb/v8-m.base/nofp\libpic32c.a
LOAD C:/Applications/Microchip/XC32/bin/bin/../../lib/gcc/pic32c/13.2.1/../../../../pic32c/lib/thumb/v8-m.base/nofp\libc-size-musl.a
LOAD C:/Applications/Microchip/XC32/bin/bin/../../lib/gcc/pic32c/13.2.1/../../../../pic32c/lib/thumb/v8-m.base/nofp\liblmalloc-musl.a
LOAD C:/Applications/Microchip/XC32/bin/bin/../../lib/gcc/pic32c/13.2.1/../../../../pic32c/lib/thumb/v8-m.base/nofp\libg-musl.a
LOAD C:/Applications/Microchip/XC32/bin/bin/../../lib/gcc/pic32c/13.2.1/../../../../pic32c/lib/thumb/v8-m.base/nofp\libc-musl.a
LOAD C:/Applications/Microchip/XC32/bin/bin/../../lib/gcc/pic32c/13.2.1/../../../../pic32c/lib/thumb/v8-m.base/nofp\libm-fast-emfloat.a
LOAD C:/Applications/Microchip/XC32/bin/bin/../../lib/gcc/pic32c/13.2.1/../../../../pic32c/lib/thumb/v8-m.base/nofp\libm-musl.a
END GROUP
LOAD C:/Applications/Microchip/XC32/bin/bin/../../lib/gcc/pic32c/13.2.1/thumb/v8-m.base/nofp\libgcc.a
LOAD C:/Applications/Microchip/XC32/bin/bin/../../lib/gcc/pic32c/13.2.1/thumb/v8-m.base/nofp/crtend.o
LOAD C:/Applications/Microchip/XC32/bin/bin/../../lib/gcc/pic32c/13.2.1/thumb/v8-m.base/nofp/crtn.o
OUTPUT(dist/default/debug/MAIN_MODULE.X.debug.elf elf32-littlearm)
LOAD linker stubs
LOAD data_init

.note           0x00000000      0xff0
 .note          0x00000000       0x18 C:/Applications/Microchip/XC32/bin/bin/../../lib/gcc/pic32c/13.2.1/thumb/v8-m.base/nofp/crti.o
 .note          0x00000018       0x18 C:/Applications/Microchip/XC32/bin/bin/../../lib/gcc/pic32c/13.2.1/thumb/v8-m.base/nofp/crtbegin.o
 .note          0x00000030       0x18 build/default/debug/_ext/158385033/drv_i2c.o
 .note          0x00000048       0x18 build/default/debug/_ext/818654064/drv_usbfsv1.o
 .note          0x00000060       0x18 build/default/debug/_ext/818654064/drv_usbfsv1_device.o
 .note          0x00000078       0x18 build/default/debug/_ext/622324608/wdrv_winc_spi.o
 .note          0x00000090       0x18 build/default/debug/_ext/622324608/wdrv_winc_eint.o
 .note          0x000000a8       0x18 build/default/debug/_ext/1857064221/winc_cmds.o
 .note          0x000000c0       0x18 build/default/debug/_ext/1857064221/winc_cmd_req.o
 .note          0x000000d8       0x18 build/default/debug/_ext/1857064221/winc_dev.o
 .note          0x000000f0       0x18 build/default/debug/_ext/1857064221/winc_sdio_drv.o
 .note          0x00000108       0x18 build/default/debug/_ext/1857064221/winc_socket.o
 .note          0x00000120       0x18 build/default/debug/_ext/1857064221/winc_tables.o
 .note          0x00000138       0x18 build/default/debug/_ext/1706628858/wdrv_winc.o
 .note          0x00000150       0x18 build/default/debug/_ext/1706628858/wdrv_winc_assoc.o
 .note          0x00000168       0x18 build/default/debug/_ext/1706628858/wdrv_winc_authctx.o
 .note          0x00000180       0x18 build/default/debug/_ext/1706628858/wdrv_winc_bssctx.o
 .note          0x00000198       0x18 build/default/debug/_ext/1706628858/wdrv_winc_bssfind.o
 .note          0x000001b0       0x18 build/default/debug/_ext/1706628858/wdrv_winc_dns.o
 .note          0x000001c8       0x18 build/default/debug/_ext/1706628858/wdrv_winc_dhcps.o
 .note          0x000001e0       0x18 build/default/debug/_ext/1706628858/wdrv_winc_extcrypto.o
 .note          0x000001f8       0x18 build/default/debug/_ext/1706628858/wdrv_winc_file.o
 .note          0x00000210       0x18 build/default/debug/_ext/1706628858/wdrv_winc_mqtt.o
 .note          0x00000228       0x18 build/default/debug/_ext/1706628858/wdrv_winc_netif.o
 .note          0x00000240       0x18 build/default/debug/_ext/1706628858/wdrv_winc_ota.o
 .note          0x00000258       0x18 build/default/debug/_ext/1706628858/wdrv_winc_pps.o
 .note          0x00000270       0x18 build/default/debug/_ext/1706628858/wdrv_winc_nvm.o
 .note          0x00000288       0x18 build/default/debug/_ext/1706628858/wdrv_winc_prov.o
 .note          0x000002a0       0x18 build/default/debug/_ext/1706628858/wdrv_winc_sntp.o
 .note          0x000002b8       0x18 build/default/debug/_ext/1706628858/wdrv_winc_socket.o
 .note          0x000002d0       0x18 build/default/debug/_ext/1706628858/wdrv_winc_softap.o
 .note          0x000002e8       0x18 build/default/debug/_ext/1706628858/wdrv_winc_sta.o
 .note          0x00000300       0x18 build/default/debug/_ext/1706628858/wdrv_winc_systime.o
 .note          0x00000318       0x18 build/default/debug/_ext/1706628858/wdrv_winc_tls.o
 .note          0x00000330       0x18 build/default/debug/_ext/1706628858/wdrv_winc_utils.o
 .note          0x00000348       0x18 build/default/debug/_ext/1706628858/wdrv_winc_wifi.o
 .note          0x00000360       0x18 build/default/debug/_ext/60163342/plib_adc.o
 .note          0x00000378       0x18 build/default/debug/_ext/1984496892/plib_clock.o
 .note          0x00000390       0x18 build/default/debug/_ext/1865161661/plib_dmac.o
 .note          0x000003a8       0x18 build/default/debug/_ext/60167341/plib_eic.o
 .note          0x000003c0       0x18 build/default/debug/_ext/1986646378/plib_evsys.o
 .note          0x000003d8       0x18 build/default/debug/_ext/1865468468/plib_nvic.o
 .note          0x000003f0       0x18 build/default/debug/_ext/1593096446/plib_nvmctrl.o
 .note          0x00000408       0x18 build/default/debug/_ext/829342769/plib_pm.o
 .note          0x00000420       0x18 build/default/debug/_ext/1865521619/plib_port.o
 .note          0x00000438       0x18 build/default/debug/_ext/1865585090/plib_rstc.o
 .note          0x00000450       0x18 build/default/debug/_ext/60180175/plib_rtc_timer.o
 .note          0x00000468       0x18 build/default/debug/_ext/508257091/plib_sercom2_i2c_master.o
 .note          0x00000480       0x18 build/default/debug/_ext/508257091/plib_sercom0_i2c_master.o
 .note          0x00000498       0x18 build/default/debug/_ext/17022449/plib_sercom1_spi_master.o
 .note          0x000004b0       0x18 build/default/debug/_ext/1865616679/plib_supc.o
 .note          0x000004c8       0x18 build/default/debug/_ext/1827571544/plib_systick.o
 .note          0x000004e0       0x18 build/default/debug/_ext/60184501/plib_wdt.o
 .note          0x000004f8       0x18 build/default/debug/_ext/163028504/xc32_monitor.o
 .note          0x00000510       0x18 build/default/debug/_ext/1832805299/sys_console_usb_cdc.o
 .note          0x00000528       0x18 build/default/debug/_ext/1832805299/sys_console.o
 .note          0x00000540       0x18 build/default/debug/_ext/944882569/sys_debug.o
 .note          0x00000558       0x18 build/default/debug/_ext/14461671/sys_dma.o
 .note          0x00000570       0x18 build/default/debug/_ext/1881668453/sys_int.o
 .note          0x00000588       0x18 build/default/debug/_ext/1766557203/sys_wincs_net_service.o
 .note          0x000005a0       0x18 build/default/debug/_ext/1000052432/sys_reset.o
 .note          0x000005b8       0x18 build/default/debug/_ext/101884895/sys_time.o
 .note          0x000005d0       0x18 build/default/debug/_ext/634868841/sys_wincs_wifi_service.o
 .note          0x000005e8       0x18 build/default/debug/_ext/753841488/sys_wincs_system_service.o
 .note          0x00000600       0x18 build/default/debug/_ext/308758920/usb_device.o
 .note          0x00000618       0x18 build/default/debug/_ext/308758920/usb_device_cdc.o
 .note          0x00000630       0x18 build/default/debug/_ext/308758920/usb_device_cdc_acm.o
 .note          0x00000648       0x18 build/default/debug/_ext/1171490990/usb_device_init_data.o
 .note          0x00000660       0x18 build/default/debug/_ext/1171490990/tasks.o
 .note          0x00000678      0x168 build/default/debug/_ext/1171490990/initialization.o
 .note          0x000007e0       0x18 build/default/debug/_ext/1171490990/interrupts.o
 .note          0x000007f8       0x18 build/default/debug/_ext/1171490990/exceptions.o
 .note          0x00000810       0x18 build/default/debug/_ext/1171490990/startup_xc32.o
 .note          0x00000828       0x18 build/default/debug/_ext/1171490990/libc_syscalls.o
 .note          0x00000840       0x18 build/default/debug/_ext/1360937237/wincs02_driver.o
 .note          0x00000858       0x18 build/default/debug/_ext/1360937237/timer_driver.o
 .note          0x00000870       0x18 build/default/debug/_ext/1360937237/rtc_driver.o
 .note          0x00000888       0x18 build/default/debug/_ext/1360937237/rstc_driver.o
 .note          0x000008a0       0x18 build/default/debug/_ext/1360937237/console_driver.o
 .note          0x000008b8       0x18 build/default/debug/_ext/1360937237/bmp585_driver.o
 .note          0x000008d0       0x18 build/default/debug/_ext/1360937237/battery_driver.o
 .note          0x000008e8       0x18 build/default/debug/_ext/1360937237/app.o
 .note          0x00000900       0x18 build/default/debug/_ext/1360937237/main.o
 .note          0x00000918       0x18 C:/Applications/Microchip/XC32/bin/bin/../../lib/gcc/pic32c/13.2.1/../../../../pic32c/lib/thumb/v8-m.base/nofp\libpic32c.a(data_init.o)
 .note          0x00000930       0x18 C:/Applications/Microchip/XC32/bin/bin/../../lib/gcc/pic32c/13.2.1/../../../../pic32c/lib/thumb/v8-m.base/nofp\libc-size-musl.a(memcmp.o)
 .note          0x00000948       0x18 C:/Applications/Microchip/XC32/bin/bin/../../lib/gcc/pic32c/13.2.1/../../../../pic32c/lib/thumb/v8-m.base/nofp\libc-size-musl.a(memcpy.o)
 .note          0x00000960       0x18 C:/Applications/Microchip/XC32/bin/bin/../../lib/gcc/pic32c/13.2.1/../../../../pic32c/lib/thumb/v8-m.base/nofp\libc-size-musl.a(memmove.o)
 .note          0x00000978       0x18 C:/Applications/Microchip/XC32/bin/bin/../../lib/gcc/pic32c/13.2.1/../../../../pic32c/lib/thumb/v8-m.base/nofp\libc-size-musl.a(memset.o)
 .note          0x00000990       0x18 C:/Applications/Microchip/XC32/bin/bin/../../lib/gcc/pic32c/13.2.1/../../../../pic32c/lib/thumb/v8-m.base/nofp\libc-size-musl.a(strlen.o)
 .note          0x000009a8       0x18 C:/Applications/Microchip/XC32/bin/bin/../../lib/gcc/pic32c/13.2.1/../../../../pic32c/lib/thumb/v8-m.base/nofp\libc-size-musl.a(strstr.o)
 .note          0x000009c0       0x18 C:/Applications/Microchip/XC32/bin/bin/../../lib/gcc/pic32c/13.2.1/../../../../pic32c/lib/thumb/v8-m.base/nofp\libc-size-musl.a(strchr.o)
 .note          0x000009d8       0x18 C:/Applications/Microchip/XC32/bin/bin/../../lib/gcc/pic32c/13.2.1/../../../../pic32c/lib/thumb/v8-m.base/nofp\libc-size-musl.a(strchrnul.o)
 .note          0x000009f0       0x18 C:/Applications/Microchip/XC32/bin/bin/../../lib/gcc/pic32c/13.2.1/../../../../pic32c/lib/thumb/v8-m.base/nofp\libc-size-musl.a(strcpy.o)
 .note          0x00000a08       0x18 C:/Applications/Microchip/XC32/bin/bin/../../lib/gcc/pic32c/13.2.1/../../../../pic32c/lib/thumb/v8-m.base/nofp\libc-size-musl.a(strncmp.o)
 .note          0x00000a20       0x18 C:/Applications/Microchip/XC32/bin/bin/../../lib/gcc/pic32c/13.2.1/../../../../pic32c/lib/thumb/v8-m.base/nofp\libc-size-musl.a(strncpy.o)
 .note          0x00000a38       0x18 C:/Applications/Microchip/XC32/bin/bin/../../lib/gcc/pic32c/13.2.1/../../../../pic32c/lib/thumb/v8-m.base/nofp\libc-size-musl.a(strnlen.o)
 .note          0x00000a50       0x18 C:/Applications/Microchip/XC32/bin/bin/../../lib/gcc/pic32c/13.2.1/../../../../pic32c/lib/thumb/v8-m.base/nofp\libc-size-musl.a(strrchr.o)
 .note          0x00000a68       0x18 C:/Applications/Microchip/XC32/bin/bin/../../lib/gcc/pic32c/13.2.1/../../../../pic32c/lib/thumb/v8-m.base/nofp\libc-size-musl.a(strspn.o)
 .note          0x00000a80       0x18 C:/Applications/Microchip/XC32/bin/bin/../../lib/gcc/pic32c/13.2.1/../../../../pic32c/lib/thumb/v8-m.base/nofp\libc-size-musl.a(memrchr.o)
 .note          0x00000a98       0x18 C:/Applications/Microchip/XC32/bin/bin/../../lib/gcc/pic32c/13.2.1/../../../../pic32c/lib/thumb/v8-m.base/nofp\libc-size-musl.a(memchr.o)
 .note          0x00000ab0       0x18 C:/Applications/Microchip/XC32/bin/bin/../../lib/gcc/pic32c/13.2.1/../../../../pic32c/lib/thumb/v8-m.base/nofp\libc-size-musl.a(stpcpy.o)
 .note          0x00000ac8       0x18 C:/Applications/Microchip/XC32/bin/bin/../../lib/gcc/pic32c/13.2.1/../../../../pic32c/lib/thumb/v8-m.base/nofp\libc-size-musl.a(stpncpy.o)
 .note          0x00000ae0       0x18 C:/Applications/Microchip/XC32/bin/bin/../../lib/gcc/pic32c/13.2.1/../../../../pic32c/lib/thumb/v8-m.base/nofp\liblmalloc-musl.a(lite_free.o)
 .note          0x00000af8       0x18 C:/Applications/Microchip/XC32/bin/bin/../../lib/gcc/pic32c/13.2.1/../../../../pic32c/lib/thumb/v8-m.base/nofp\liblmalloc-musl.a(lite_malloc.o)
 .note          0x00000b10       0x18 C:/Applications/Microchip/XC32/bin/bin/../../lib/gcc/pic32c/13.2.1/../../../../pic32c/lib/thumb/v8-m.base/nofp\libg-musl.a(isxdigit.o)
 .note          0x00000b28       0x18 C:/Applications/Microchip/XC32/bin/bin/../../lib/gcc/pic32c/13.2.1/../../../../pic32c/lib/thumb/v8-m.base/nofp\libg-musl.a(__libc_start_main.o)
 .note          0x00000b40       0x18 C:/Applications/Microchip/XC32/bin/bin/../../lib/gcc/pic32c/13.2.1/../../../../pic32c/lib/thumb/v8-m.base/nofp\libg-musl.a(__errno_location.o)
 .note          0x00000b58       0x18 C:/Applications/Microchip/XC32/bin/bin/../../lib/gcc/pic32c/13.2.1/../../../../pic32c/lib/thumb/v8-m.base/nofp\libg-musl.a(libc.o)
 .note          0x00000b70       0x18 C:/Applications/Microchip/XC32/bin/bin/../../lib/gcc/pic32c/13.2.1/../../../../pic32c/lib/thumb/v8-m.base/nofp\libg-musl.a(expand_heap.o)
 .note          0x00000b88       0x18 C:/Applications/Microchip/XC32/bin/bin/../../lib/gcc/pic32c/13.2.1/../../../../pic32c/lib/thumb/v8-m.base/nofp\libg-musl.a(vsnprintf.o)
 .note          0x00000ba0       0x18 C:/Applications/Microchip/XC32/bin/bin/../../lib/gcc/pic32c/13.2.1/../../../../pic32c/lib/thumb/v8-m.base/nofp\libg-musl.a(snprintf.o)
 .note          0x00000bb8       0x18 C:/Applications/Microchip/XC32/bin/bin/../../lib/gcc/pic32c/13.2.1/../../../../pic32c/lib/thumb/v8-m.base/nofp\libg-musl.a(sprintf.o)
 .note          0x00000bd0       0x18 C:/Applications/Microchip/XC32/bin/bin/../../lib/gcc/pic32c/13.2.1/../../../../pic32c/lib/thumb/v8-m.base/nofp\libg-musl.a(vsprintf.o)
 .note          0x00000be8       0x18 C:/Applications/Microchip/XC32/bin/bin/../../lib/gcc/pic32c/13.2.1/../../../../pic32c/lib/thumb/v8-m.base/nofp\libg-musl.a(strtol.o)
 .note          0x00000c00       0x18 C:/Applications/Microchip/XC32/bin/bin/../../lib/gcc/pic32c/13.2.1/../../../../pic32c/lib/thumb/v8-m.base/nofp\libg-musl.a(gmtime.o)
 .note          0x00000c18       0x18 C:/Applications/Microchip/XC32/bin/bin/../../lib/gcc/pic32c/13.2.1/../../../../pic32c/lib/thumb/v8-m.base/nofp\libg-musl.a(gmtime_r.o)
 .note          0x00000c30       0x18 C:/Applications/Microchip/XC32/bin/bin/../../lib/gcc/pic32c/13.2.1/../../../../pic32c/lib/thumb/v8-m.base/nofp\libg-musl.a(__environ.o)
 .note          0x00000c48       0x18 C:/Applications/Microchip/XC32/bin/bin/../../lib/gcc/pic32c/13.2.1/../../../../pic32c/lib/thumb/v8-m.base/nofp\libg-musl.a(intscan.o)
 .note          0x00000c60       0x18 C:/Applications/Microchip/XC32/bin/bin/../../lib/gcc/pic32c/13.2.1/../../../../pic32c/lib/thumb/v8-m.base/nofp\libg-musl.a(shgetc.o)
 .note          0x00000c78       0x18 C:/Applications/Microchip/XC32/bin/bin/../../lib/gcc/pic32c/13.2.1/../../../../pic32c/lib/thumb/v8-m.base/nofp\libg-musl.a(__uflow.o)
 .note          0x00000c90       0x18 C:/Applications/Microchip/XC32/bin/bin/../../lib/gcc/pic32c/13.2.1/../../../../pic32c/lib/thumb/v8-m.base/nofp\libg-musl.a(vfprintf.o)
 .note          0x00000ca8       0x18 C:/Applications/Microchip/XC32/bin/bin/../../lib/gcc/pic32c/13.2.1/../../../../pic32c/lib/thumb/v8-m.base/nofp\libg-musl.a(__secs_to_tm.o)
 .note          0x00000cc0       0x18 C:/Applications/Microchip/XC32/bin/bin/../../lib/gcc/pic32c/13.2.1/../../../../pic32c/lib/thumb/v8-m.base/nofp\libg-musl.a(__toread.o)
 .note          0x00000cd8       0x18 C:/Applications/Microchip/XC32/bin/bin/../../lib/gcc/pic32c/13.2.1/../../../../pic32c/lib/thumb/v8-m.base/nofp\libg-musl.a(__io_fmt_needed.o)
 .note          0x00000cf0       0x18 C:/Applications/Microchip/XC32/bin/bin/../../lib/gcc/pic32c/13.2.1/../../../../pic32c/lib/thumb/v8-m.base/nofp\libg-musl.a(__pop_float.o)
 .note          0x00000d08       0x18 C:/Applications/Microchip/XC32/bin/bin/../../lib/gcc/pic32c/13.2.1/../../../../pic32c/lib/thumb/v8-m.base/nofp\libg-musl.a(__pop_int.o)
 .note          0x00000d20       0x18 C:/Applications/Microchip/XC32/bin/bin/../../lib/gcc/pic32c/13.2.1/../../../../pic32c/lib/thumb/v8-m.base/nofp\libg-musl.a(__pop_ptr.o)
 .note          0x00000d38       0x18 C:/Applications/Microchip/XC32/bin/bin/../../lib/gcc/pic32c/13.2.1/../../../../pic32c/lib/thumb/v8-m.base/nofp\libg-musl.a(__printf_core.o)
 .note          0x00000d50       0x18 C:/Applications/Microchip/XC32/bin/bin/../../lib/gcc/pic32c/13.2.1/../../../../pic32c/lib/thumb/v8-m.base/nofp\libg-musl.a(__stdio_exit.o)
 .note          0x00000d68       0x18 C:/Applications/Microchip/XC32/bin/bin/../../lib/gcc/pic32c/13.2.1/../../../../pic32c/lib/thumb/v8-m.base/nofp\libg-musl.a(atoi.o)
 .note          0x00000d80       0x18 C:/Applications/Microchip/XC32/bin/bin/../../lib/gcc/pic32c/13.2.1/../../../../pic32c/lib/thumb/v8-m.base/nofp\libg-musl.a(tolower.o)
 .note          0x00000d98       0x18 C:/Applications/Microchip/XC32/bin/bin/../../lib/gcc/pic32c/13.2.1/../../../../pic32c/lib/thumb/v8-m.base/nofp\libg-musl.a(__fmt_a.o)
 .note          0x00000db0       0x18 C:/Applications/Microchip/XC32/bin/bin/../../lib/gcc/pic32c/13.2.1/../../../../pic32c/lib/thumb/v8-m.base/nofp\libg-musl.a(__fmt_d.o)
 .note          0x00000dc8       0x18 C:/Applications/Microchip/XC32/bin/bin/../../lib/gcc/pic32c/13.2.1/../../../../pic32c/lib/thumb/v8-m.base/nofp\libg-musl.a(__fmt_fp.o)
 .note          0x00000de0       0x18 C:/Applications/Microchip/XC32/bin/bin/../../lib/gcc/pic32c/13.2.1/../../../../pic32c/lib/thumb/v8-m.base/nofp\libg-musl.a(__fmt_o.o)
 .note          0x00000df8       0x18 C:/Applications/Microchip/XC32/bin/bin/../../lib/gcc/pic32c/13.2.1/../../../../pic32c/lib/thumb/v8-m.base/nofp\libg-musl.a(__fmt_s.o)
 .note          0x00000e10       0x18 C:/Applications/Microchip/XC32/bin/bin/../../lib/gcc/pic32c/13.2.1/../../../../pic32c/lib/thumb/v8-m.base/nofp\libg-musl.a(__fmt_u.o)
 .note          0x00000e28       0x18 C:/Applications/Microchip/XC32/bin/bin/../../lib/gcc/pic32c/13.2.1/../../../../pic32c/lib/thumb/v8-m.base/nofp\libg-musl.a(__fmt_x.o)
 .note          0x00000e40       0x18 C:/Applications/Microchip/XC32/bin/bin/../../lib/gcc/pic32c/13.2.1/../../../../pic32c/lib/thumb/v8-m.base/nofp\libg-musl.a(toupper.o)
 .note          0x00000e58       0x18 C:/Applications/Microchip/XC32/bin/bin/../../lib/gcc/pic32c/13.2.1/../../../../pic32c/lib/thumb/v8-m.base/nofp\libg-musl.a(__cvt_u.o)
 .note          0x00000e70       0x18 C:/Applications/Microchip/XC32/bin/bin/../../lib/gcc/pic32c/13.2.1/../../../../pic32c/lib/thumb/v8-m.base/nofp\libpic32c.a(sbrk.o)
 .note          0x00000e88       0x18 C:/Applications/Microchip/XC32/bin/bin/../../lib/gcc/pic32c/13.2.1/thumb/v8-m.base/nofp\libgcc.a(_thumb1_case_uqi.o)
 .note          0x00000ea0       0x18 C:/Applications/Microchip/XC32/bin/bin/../../lib/gcc/pic32c/13.2.1/thumb/v8-m.base/nofp\libgcc.a(_lshrdi3.o)
 .note          0x00000eb8       0x18 C:/Applications/Microchip/XC32/bin/bin/../../lib/gcc/pic32c/13.2.1/thumb/v8-m.base/nofp\libgcc.a(_ashldi3.o)
 .note          0x00000ed0       0x18 C:/Applications/Microchip/XC32/bin/bin/../../lib/gcc/pic32c/13.2.1/thumb/v8-m.base/nofp\libgcc.a(_aeabi_ldivmod.o)
 .note          0x00000ee8       0x18 C:/Applications/Microchip/XC32/bin/bin/../../lib/gcc/pic32c/13.2.1/thumb/v8-m.base/nofp\libgcc.a(_aeabi_uldivmod.o)
 .note          0x00000f00       0x18 C:/Applications/Microchip/XC32/bin/bin/../../lib/gcc/pic32c/13.2.1/thumb/v8-m.base/nofp\libgcc.a(_muldi3.o)
 .note          0x00000f18       0x18 C:/Applications/Microchip/XC32/bin/bin/../../lib/gcc/pic32c/13.2.1/thumb/v8-m.base/nofp\libgcc.a(_udivmoddi4.o)
 .note          0x00000f30       0x18 C:/Applications/Microchip/XC32/bin/bin/../../lib/gcc/pic32c/13.2.1/thumb/v8-m.base/nofp\libgcc.a(bpabi.o)
 .note          0x00000f48       0x18 C:/Applications/Microchip/XC32/bin/bin/../../lib/gcc/pic32c/13.2.1/thumb/v8-m.base/nofp\libgcc.a(_dvmd_tls.o)
 .note          0x00000f60       0x18 C:/Applications/Microchip/XC32/bin/bin/../../lib/gcc/pic32c/13.2.1/thumb/v8-m.base/nofp\libgcc.a(_clzsi2.o)
 .note          0x00000f78       0x18 C:/Applications/Microchip/XC32/bin/bin/../../lib/gcc/pic32c/13.2.1/thumb/v8-m.base/nofp\libgcc.a(_divdi3.o)
 .note          0x00000f90       0x18 C:/Applications/Microchip/XC32/bin/bin/../../lib/gcc/pic32c/13.2.1/thumb/v8-m.base/nofp/crtend.o
 .note          0x00000fa8       0x18 C:/Applications/Microchip/XC32/bin/bin/../../lib/gcc/pic32c/13.2.1/thumb/v8-m.base/nofp/crtn.o
 .note          0x00000fc0       0x18 C:/Applications/Microchip/XC32/bin/bin/../../lib/gcc/pic32c/13.2.1/../../../../pic32c/lib/thumb/v8-m.base/nofp\libpic32c.a(pic32_data_init_clear.o)
 .note          0x00000fd8       0x18 C:/Applications/Microchip/XC32/bin/bin/../../lib/gcc/pic32c/13.2.1/../../../../pic32c/lib/thumb/v8-m.base/nofp\libpic32c.a(pic32_data_init_copy.o)

.ARM.attributes
                0x00000000       0x2e
 .ARM.attributes
                0x00000000       0x22 C:/Applications/Microchip/XC32/bin/bin/../../lib/gcc/pic32c/13.2.1/thumb/v8-m.base/nofp/crti.o
 .ARM.attributes
                0x00000022       0x30 C:/Applications/Microchip/XC32/bin/bin/../../lib/gcc/pic32c/13.2.1/thumb/v8-m.base/nofp/crtbegin.o
 .ARM.attributes
                0x00000052       0x30 build/default/debug/_ext/158385033/drv_i2c.o
 .ARM.attributes
                0x00000082       0x30 build/default/debug/_ext/818654064/drv_usbfsv1.o
 .ARM.attributes
                0x000000b2       0x30 build/default/debug/_ext/818654064/drv_usbfsv1_device.o
 .ARM.attributes
                0x000000e2       0x30 build/default/debug/_ext/622324608/wdrv_winc_spi.o
 .ARM.attributes
                0x00000112       0x30 build/default/debug/_ext/622324608/wdrv_winc_eint.o
 .ARM.attributes
                0x00000142       0x30 build/default/debug/_ext/1857064221/winc_cmds.o
 .ARM.attributes
                0x00000172       0x30 build/default/debug/_ext/1857064221/winc_cmd_req.o
 .ARM.attributes
                0x000001a2       0x30 build/default/debug/_ext/1857064221/winc_dev.o
 .ARM.attributes
                0x000001d2       0x30 build/default/debug/_ext/1857064221/winc_sdio_drv.o
 .ARM.attributes
                0x00000202       0x30 build/default/debug/_ext/1857064221/winc_socket.o
 .ARM.attributes
                0x00000232       0x30 build/default/debug/_ext/1706628858/wdrv_winc.o
 .ARM.attributes
                0x00000262       0x30 build/default/debug/_ext/1706628858/wdrv_winc_assoc.o
 .ARM.attributes
                0x00000292       0x30 build/default/debug/_ext/1706628858/wdrv_winc_authctx.o
 .ARM.attributes
                0x000002c2       0x30 build/default/debug/_ext/1706628858/wdrv_winc_bssctx.o
 .ARM.attributes
                0x000002f2       0x30 build/default/debug/_ext/1706628858/wdrv_winc_bssfind.o
 .ARM.attributes
                0x00000322       0x30 build/default/debug/_ext/1706628858/wdrv_winc_dns.o
 .ARM.attributes
                0x00000352       0x30 build/default/debug/_ext/1706628858/wdrv_winc_dhcps.o
 .ARM.attributes
                0x00000382       0x30 build/default/debug/_ext/1706628858/wdrv_winc_extcrypto.o
 .ARM.attributes
                0x000003b2       0x30 build/default/debug/_ext/1706628858/wdrv_winc_mqtt.o
 .ARM.attributes
                0x000003e2       0x30 build/default/debug/_ext/1706628858/wdrv_winc_netif.o
 .ARM.attributes
                0x00000412       0x30 build/default/debug/_ext/1706628858/wdrv_winc_ota.o
 .ARM.attributes
                0x00000442       0x30 build/default/debug/_ext/1706628858/wdrv_winc_pps.o
 .ARM.attributes
                0x00000472       0x30 build/default/debug/_ext/1706628858/wdrv_winc_nvm.o
 .ARM.attributes
                0x000004a2       0x30 build/default/debug/_ext/1706628858/wdrv_winc_prov.o
 .ARM.attributes
                0x000004d2       0x30 build/default/debug/_ext/1706628858/wdrv_winc_sntp.o
 .ARM.attributes
                0x00000502       0x30 build/default/debug/_ext/1706628858/wdrv_winc_socket.o
 .ARM.attributes
                0x00000532       0x30 build/default/debug/_ext/1706628858/wdrv_winc_softap.o
 .ARM.attributes
                0x00000562       0x30 build/default/debug/_ext/1706628858/wdrv_winc_sta.o
 .ARM.attributes
                0x00000592       0x30 build/default/debug/_ext/1706628858/wdrv_winc_systime.o
 .ARM.attributes
                0x000005c2       0x30 build/default/debug/_ext/1706628858/wdrv_winc_tls.o
 .ARM.attributes
                0x000005f2       0x30 build/default/debug/_ext/1706628858/wdrv_winc_utils.o
 .ARM.attributes
                0x00000622       0x30 build/default/debug/_ext/1706628858/wdrv_winc_wifi.o
 .ARM.attributes
                0x00000652       0x30 build/default/debug/_ext/60163342/plib_adc.o
 .ARM.attributes
                0x00000682       0x30 build/default/debug/_ext/1984496892/plib_clock.o
 .ARM.attributes
                0x000006b2       0x30 build/default/debug/_ext/1865161661/plib_dmac.o
 .ARM.attributes
                0x000006e2       0x30 build/default/debug/_ext/60167341/plib_eic.o
 .ARM.attributes
                0x00000712       0x30 build/default/debug/_ext/1986646378/plib_evsys.o
 .ARM.attributes
                0x00000742       0x30 build/default/debug/_ext/1865468468/plib_nvic.o
 .ARM.attributes
                0x00000772       0x30 build/default/debug/_ext/1593096446/plib_nvmctrl.o
 .ARM.attributes
                0x000007a2       0x30 build/default/debug/_ext/829342769/plib_pm.o
 .ARM.attributes
                0x000007d2       0x30 build/default/debug/_ext/1865521619/plib_port.o
 .ARM.attributes
                0x00000802       0x30 build/default/debug/_ext/1865585090/plib_rstc.o
 .ARM.attributes
                0x00000832       0x30 build/default/debug/_ext/60180175/plib_rtc_timer.o
 .ARM.attributes
                0x00000862       0x30 build/default/debug/_ext/508257091/plib_sercom2_i2c_master.o
 .ARM.attributes
                0x00000892       0x30 build/default/debug/_ext/508257091/plib_sercom0_i2c_master.o
 .ARM.attributes
                0x000008c2       0x30 build/default/debug/_ext/17022449/plib_sercom1_spi_master.o
 .ARM.attributes
                0x000008f2       0x30 build/default/debug/_ext/1865616679/plib_supc.o
 .ARM.attributes
                0x00000922       0x30 build/default/debug/_ext/1827571544/plib_systick.o
 .ARM.attributes
                0x00000952       0x30 build/default/debug/_ext/60184501/plib_wdt.o
 .ARM.attributes
                0x00000982       0x30 build/default/debug/_ext/1832805299/sys_console_usb_cdc.o
 .ARM.attributes
                0x000009b2       0x30 build/default/debug/_ext/1832805299/sys_console.o
 .ARM.attributes
                0x000009e2       0x30 build/default/debug/_ext/944882569/sys_debug.o
 .ARM.attributes
                0x00000a12       0x30 build/default/debug/_ext/14461671/sys_dma.o
 .ARM.attributes
                0x00000a42       0x30 build/default/debug/_ext/1881668453/sys_int.o
 .ARM.attributes
                0x00000a72       0x30 build/default/debug/_ext/1766557203/sys_wincs_net_service.o
 .ARM.attributes
                0x00000aa2       0x30 build/default/debug/_ext/101884895/sys_time.o
 .ARM.attributes
                0x00000ad2       0x30 build/default/debug/_ext/634868841/sys_wincs_wifi_service.o
 .ARM.attributes
                0x00000b02       0x30 build/default/debug/_ext/308758920/usb_device.o
 .ARM.attributes
                0x00000b32       0x30 build/default/debug/_ext/308758920/usb_device_cdc.o
 .ARM.attributes
                0x00000b62       0x30 build/default/debug/_ext/308758920/usb_device_cdc_acm.o
 .ARM.attributes
                0x00000b92       0x30 build/default/debug/_ext/1171490990/usb_device_init_data.o
 .ARM.attributes
                0x00000bc2       0x30 build/default/debug/_ext/1171490990/tasks.o
 .ARM.attributes
                0x00000bf2       0x30 build/default/debug/_ext/1171490990/initialization.o
 .ARM.attributes
                0x00000c22       0x30 build/default/debug/_ext/1171490990/interrupts.o
 .ARM.attributes
                0x00000c52       0x30 build/default/debug/_ext/1171490990/exceptions.o
 .ARM.attributes
                0x00000c82       0x30 build/default/debug/_ext/1171490990/startup_xc32.o
 .ARM.attributes
                0x00000cb2       0x30 build/default/debug/_ext/1360937237/wincs02_driver.o
 .ARM.attributes
                0x00000ce2       0x30 build/default/debug/_ext/1360937237/timer_driver.o
 .ARM.attributes
                0x00000d12       0x30 build/default/debug/_ext/1360937237/rtc_driver.o
 .ARM.attributes
                0x00000d42       0x30 build/default/debug/_ext/1360937237/rstc_driver.o
 .ARM.attributes
                0x00000d72       0x30 build/default/debug/_ext/1360937237/console_driver.o
 .ARM.attributes
                0x00000da2       0x30 build/default/debug/_ext/1360937237/bmp585_driver.o
 .ARM.attributes
                0x00000dd2       0x30 build/default/debug/_ext/1360937237/battery_driver.o
 .ARM.attributes
                0x00000e02       0x30 build/default/debug/_ext/1360937237/app.o
 .ARM.attributes
                0x00000e32       0x30 build/default/debug/_ext/1360937237/main.o
 .ARM.attributes
                0x00000e62       0x30 C:/Applications/Microchip/XC32/bin/bin/../../lib/gcc/pic32c/13.2.1/../../../../pic32c/lib/thumb/v8-m.base/nofp\libpic32c.a(data_init.o)
 .ARM.attributes
                0x00000e92       0x32 C:/Applications/Microchip/XC32/bin/bin/../../lib/gcc/pic32c/13.2.1/../../../../pic32c/lib/thumb/v8-m.base/nofp\libc-size-musl.a(memcmp.o)
 .ARM.attributes
                0x00000ec4       0x32 C:/Applications/Microchip/XC32/bin/bin/../../lib/gcc/pic32c/13.2.1/../../../../pic32c/lib/thumb/v8-m.base/nofp\libc-size-musl.a(memcpy.o)
 .ARM.attributes
                0x00000ef6       0x32 C:/Applications/Microchip/XC32/bin/bin/../../lib/gcc/pic32c/13.2.1/../../../../pic32c/lib/thumb/v8-m.base/nofp\libc-size-musl.a(memmove.o)
 .ARM.attributes
                0x00000f28       0x32 C:/Applications/Microchip/XC32/bin/bin/../../lib/gcc/pic32c/13.2.1/../../../../pic32c/lib/thumb/v8-m.base/nofp\libc-size-musl.a(memset.o)
 .ARM.attributes
                0x00000f5a       0x32 C:/Applications/Microchip/XC32/bin/bin/../../lib/gcc/pic32c/13.2.1/../../../../pic32c/lib/thumb/v8-m.base/nofp\libc-size-musl.a(strlen.o)
 .ARM.attributes
                0x00000f8c       0x32 C:/Applications/Microchip/XC32/bin/bin/../../lib/gcc/pic32c/13.2.1/../../../../pic32c/lib/thumb/v8-m.base/nofp\libc-size-musl.a(strstr.o)
 .ARM.attributes
                0x00000fbe       0x32 C:/Applications/Microchip/XC32/bin/bin/../../lib/gcc/pic32c/13.2.1/../../../../pic32c/lib/thumb/v8-m.base/nofp\libc-size-musl.a(strcpy.o)
 .ARM.attributes
                0x00000ff0       0x32 C:/Applications/Microchip/XC32/bin/bin/../../lib/gcc/pic32c/13.2.1/../../../../pic32c/lib/thumb/v8-m.base/nofp\libc-size-musl.a(strnlen.o)
 .ARM.attributes
                0x00001022       0x32 C:/Applications/Microchip/XC32/bin/bin/../../lib/gcc/pic32c/13.2.1/../../../../pic32c/lib/thumb/v8-m.base/nofp\libc-size-musl.a(strspn.o)
 .ARM.attributes
                0x00001054       0x32 C:/Applications/Microchip/XC32/bin/bin/../../lib/gcc/pic32c/13.2.1/../../../../pic32c/lib/thumb/v8-m.base/nofp\libc-size-musl.a(memchr.o)
 .ARM.attributes
                0x00001086       0x32 C:/Applications/Microchip/XC32/bin/bin/../../lib/gcc/pic32c/13.2.1/../../../../pic32c/lib/thumb/v8-m.base/nofp\libc-size-musl.a(stpcpy.o)
 .ARM.attributes
                0x000010b8       0x32 C:/Applications/Microchip/XC32/bin/bin/../../lib/gcc/pic32c/13.2.1/../../../../pic32c/lib/thumb/v8-m.base/nofp\liblmalloc-musl.a(lite_free.o)
 .ARM.attributes
                0x000010ea       0x32 C:/Applications/Microchip/XC32/bin/bin/../../lib/gcc/pic32c/13.2.1/../../../../pic32c/lib/thumb/v8-m.base/nofp\liblmalloc-musl.a(lite_malloc.o)
 .ARM.attributes
                0x0000111c       0x32 C:/Applications/Microchip/XC32/bin/bin/../../lib/gcc/pic32c/13.2.1/../../../../pic32c/lib/thumb/v8-m.base/nofp\libg-musl.a(__libc_start_main.o)
 .ARM.attributes
                0x0000114e       0x32 C:/Applications/Microchip/XC32/bin/bin/../../lib/gcc/pic32c/13.2.1/../../../../pic32c/lib/thumb/v8-m.base/nofp\libg-musl.a(__errno_location.o)
 .ARM.attributes
                0x00001180       0x32 C:/Applications/Microchip/XC32/bin/bin/../../lib/gcc/pic32c/13.2.1/../../../../pic32c/lib/thumb/v8-m.base/nofp\libg-musl.a(libc.o)
 .ARM.attributes
                0x000011b2       0x32 C:/Applications/Microchip/XC32/bin/bin/../../lib/gcc/pic32c/13.2.1/../../../../pic32c/lib/thumb/v8-m.base/nofp\libg-musl.a(expand_heap.o)
 .ARM.attributes
                0x000011e4       0x32 C:/Applications/Microchip/XC32/bin/bin/../../lib/gcc/pic32c/13.2.1/../../../../pic32c/lib/thumb/v8-m.base/nofp\libg-musl.a(vsnprintf.o)
 .ARM.attributes
                0x00001216       0x32 C:/Applications/Microchip/XC32/bin/bin/../../lib/gcc/pic32c/13.2.1/../../../../pic32c/lib/thumb/v8-m.base/nofp\libg-musl.a(snprintf.o)
 .ARM.attributes
                0x00001248       0x32 C:/Applications/Microchip/XC32/bin/bin/../../lib/gcc/pic32c/13.2.1/../../../../pic32c/lib/thumb/v8-m.base/nofp\libg-musl.a(sprintf.o)
 .ARM.attributes
                0x0000127a       0x32 C:/Applications/Microchip/XC32/bin/bin/../../lib/gcc/pic32c/13.2.1/../../../../pic32c/lib/thumb/v8-m.base/nofp\libg-musl.a(vsprintf.o)
 .ARM.attributes
                0x000012ac       0x32 C:/Applications/Microchip/XC32/bin/bin/../../lib/gcc/pic32c/13.2.1/../../../../pic32c/lib/thumb/v8-m.base/nofp\libg-musl.a(gmtime.o)
 .ARM.attributes
                0x000012de       0x32 C:/Applications/Microchip/XC32/bin/bin/../../lib/gcc/pic32c/13.2.1/../../../../pic32c/lib/thumb/v8-m.base/nofp\libg-musl.a(gmtime_r.o)
 .ARM.attributes
                0x00001310       0x32 C:/Applications/Microchip/XC32/bin/bin/../../lib/gcc/pic32c/13.2.1/../../../../pic32c/lib/thumb/v8-m.base/nofp\libg-musl.a(__environ.o)
 .ARM.attributes
                0x00001342       0x32 C:/Applications/Microchip/XC32/bin/bin/../../lib/gcc/pic32c/13.2.1/../../../../pic32c/lib/thumb/v8-m.base/nofp\libg-musl.a(vfprintf.o)
 .ARM.attributes
                0x00001374       0x32 C:/Applications/Microchip/XC32/bin/bin/../../lib/gcc/pic32c/13.2.1/../../../../pic32c/lib/thumb/v8-m.base/nofp\libg-musl.a(__secs_to_tm.o)
 .ARM.attributes
                0x000013a6       0x32 C:/Applications/Microchip/XC32/bin/bin/../../lib/gcc/pic32c/13.2.1/../../../../pic32c/lib/thumb/v8-m.base/nofp\libg-musl.a(__pop_float.o)
 .ARM.attributes
                0x000013d8       0x32 C:/Applications/Microchip/XC32/bin/bin/../../lib/gcc/pic32c/13.2.1/../../../../pic32c/lib/thumb/v8-m.base/nofp\libg-musl.a(__pop_int.o)
 .ARM.attributes
                0x0000140a       0x32 C:/Applications/Microchip/XC32/bin/bin/../../lib/gcc/pic32c/13.2.1/../../../../pic32c/lib/thumb/v8-m.base/nofp\libg-musl.a(__pop_ptr.o)
 .ARM.attributes
                0x0000143c       0x32 C:/Applications/Microchip/XC32/bin/bin/../../lib/gcc/pic32c/13.2.1/../../../../pic32c/lib/thumb/v8-m.base/nofp\libg-musl.a(__printf_core.o)
 .ARM.attributes
                0x0000146e       0x32 C:/Applications/Microchip/XC32/bin/bin/../../lib/gcc/pic32c/13.2.1/../../../../pic32c/lib/thumb/v8-m.base/nofp\libg-musl.a(atoi.o)
 .ARM.attributes
                0x000014a0       0x32 C:/Applications/Microchip/XC32/bin/bin/../../lib/gcc/pic32c/13.2.1/../../../../pic32c/lib/thumb/v8-m.base/nofp\libg-musl.a(tolower.o)
 .ARM.attributes
                0x000014d2       0x32 C:/Applications/Microchip/XC32/bin/bin/../../lib/gcc/pic32c/13.2.1/../../../../pic32c/lib/thumb/v8-m.base/nofp\libg-musl.a(__fmt_a.o)
 .ARM.attributes
                0x00001504       0x32 C:/Applications/Microchip/XC32/bin/bin/../../lib/gcc/pic32c/13.2.1/../../../../pic32c/lib/thumb/v8-m.base/nofp\libg-musl.a(__fmt_d.o)
 .ARM.attributes
                0x00001536       0x32 C:/Applications/Microchip/XC32/bin/bin/../../lib/gcc/pic32c/13.2.1/../../../../pic32c/lib/thumb/v8-m.base/nofp\libg-musl.a(__fmt_fp.o)
 .ARM.attributes
                0x00001568       0x32 C:/Applications/Microchip/XC32/bin/bin/../../lib/gcc/pic32c/13.2.1/../../../../pic32c/lib/thumb/v8-m.base/nofp\libg-musl.a(__fmt_o.o)
 .ARM.attributes
                0x0000159a       0x32 C:/Applications/Microchip/XC32/bin/bin/../../lib/gcc/pic32c/13.2.1/../../../../pic32c/lib/thumb/v8-m.base/nofp\libg-musl.a(__fmt_s.o)
 .ARM.attributes
                0x000015cc       0x32 C:/Applications/Microchip/XC32/bin/bin/../../lib/gcc/pic32c/13.2.1/../../../../pic32c/lib/thumb/v8-m.base/nofp\libg-musl.a(__fmt_u.o)
 .ARM.attributes
                0x000015fe       0x32 C:/Applications/Microchip/XC32/bin/bin/../../lib/gcc/pic32c/13.2.1/../../../../pic32c/lib/thumb/v8-m.base/nofp\libg-musl.a(__fmt_x.o)
 .ARM.attributes
                0x00001630       0x32 C:/Applications/Microchip/XC32/bin/bin/../../lib/gcc/pic32c/13.2.1/../../../../pic32c/lib/thumb/v8-m.base/nofp\libg-musl.a(toupper.o)
 .ARM.attributes
                0x00001662       0x32 C:/Applications/Microchip/XC32/bin/bin/../../lib/gcc/pic32c/13.2.1/../../../../pic32c/lib/thumb/v8-m.base/nofp\libg-musl.a(__cvt_u.o)
 .ARM.attributes
                0x00001694       0x30 C:/Applications/Microchip/XC32/bin/bin/../../lib/gcc/pic32c/13.2.1/../../../../pic32c/lib/thumb/v8-m.base/nofp\libm-fast-emfloat.a(fma.o)
 .ARM.attributes
                0x000016c4       0x30 C:/Applications/Microchip/XC32/bin/bin/../../lib/gcc/pic32c/13.2.1/../../../../pic32c/lib/thumb/v8-m.base/nofp\libm-fast-emfloat.a(floor.o)
 .ARM.attributes
                0x000016f4       0x20 C:/Applications/Microchip/XC32/bin/bin/../../lib/gcc/pic32c/13.2.1/../../../../pic32c/lib/thumb/v8-m.base/nofp\libm-fast-emfloat.a(__aeabi_fadd.o)
 .ARM.attributes
                0x00001714       0x20 C:/Applications/Microchip/XC32/bin/bin/../../lib/gcc/pic32c/13.2.1/../../../../pic32c/lib/thumb/v8-m.base/nofp\libm-fast-emfloat.a(__aeabi_dadd.o)
 .ARM.attributes
                0x00001734       0x20 C:/Applications/Microchip/XC32/bin/bin/../../lib/gcc/pic32c/13.2.1/../../../../pic32c/lib/thumb/v8-m.base/nofp\libm-fast-emfloat.a(__aeabi_fsub.o)
 .ARM.attributes
                0x00001754       0x20 C:/Applications/Microchip/XC32/bin/bin/../../lib/gcc/pic32c/13.2.1/../../../../pic32c/lib/thumb/v8-m.base/nofp\libm-fast-emfloat.a(__aeabi_dsub.o)
 .ARM.attributes
                0x00001774       0x20 C:/Applications/Microchip/XC32/bin/bin/../../lib/gcc/pic32c/13.2.1/../../../../pic32c/lib/thumb/v8-m.base/nofp\libm-fast-emfloat.a(__aeabi_fmul.o)
 .ARM.attributes
                0x00001794       0x20 C:/Applications/Microchip/XC32/bin/bin/../../lib/gcc/pic32c/13.2.1/../../../../pic32c/lib/thumb/v8-m.base/nofp\libm-fast-emfloat.a(__aeabi_dmul_aux.o)
 .ARM.attributes
                0x000017b4       0x20 C:/Applications/Microchip/XC32/bin/bin/../../lib/gcc/pic32c/13.2.1/../../../../pic32c/lib/thumb/v8-m.base/nofp\libm-fast-emfloat.a(__aeabi_fdiv.o)
 .ARM.attributes
                0x000017d4       0x20 C:/Applications/Microchip/XC32/bin/bin/../../lib/gcc/pic32c/13.2.1/../../../../pic32c/lib/thumb/v8-m.base/nofp\libm-fast-emfloat.a(__aeabi_ddiv.o)
 .ARM.attributes
                0x000017f4       0x20 C:/Applications/Microchip/XC32/bin/bin/../../lib/gcc/pic32c/13.2.1/../../../../pic32c/lib/thumb/v8-m.base/nofp\libm-fast-emfloat.a(__aeabi_dcmple.o)
 .ARM.attributes
                0x00001814       0x20 C:/Applications/Microchip/XC32/bin/bin/../../lib/gcc/pic32c/13.2.1/../../../../pic32c/lib/thumb/v8-m.base/nofp\libm-fast-emfloat.a(__aeabi_dcmpeq.o)
 .ARM.attributes
                0x00001834       0x20 C:/Applications/Microchip/XC32/bin/bin/../../lib/gcc/pic32c/13.2.1/../../../../pic32c/lib/thumb/v8-m.base/nofp\libm-fast-emfloat.a(__aeabi_dcmpgt.o)
 .ARM.attributes
                0x00001854       0x20 C:/Applications/Microchip/XC32/bin/bin/../../lib/gcc/pic32c/13.2.1/../../../../pic32c/lib/thumb/v8-m.base/nofp\libm-fast-emfloat.a(__aeabi_dcmplt.o)
 .ARM.attributes
                0x00001874       0x20 C:/Applications/Microchip/XC32/bin/bin/../../lib/gcc/pic32c/13.2.1/../../../../pic32c/lib/thumb/v8-m.base/nofp\libm-fast-emfloat.a(__aeabi_d2iz.o)
 .ARM.attributes
                0x00001894       0x20 C:/Applications/Microchip/XC32/bin/bin/../../lib/gcc/pic32c/13.2.1/../../../../pic32c/lib/thumb/v8-m.base/nofp\libm-fast-emfloat.a(__aeabi_f2uiz.o)
 .ARM.attributes
                0x000018b4       0x20 C:/Applications/Microchip/XC32/bin/bin/../../lib/gcc/pic32c/13.2.1/../../../../pic32c/lib/thumb/v8-m.base/nofp\libm-fast-emfloat.a(__aeabi_d2uiz.o)
 .ARM.attributes
                0x000018d4       0x20 C:/Applications/Microchip/XC32/bin/bin/../../lib/gcc/pic32c/13.2.1/../../../../pic32c/lib/thumb/v8-m.base/nofp\libm-fast-emfloat.a(__aeabi_i2f.o)
 .ARM.attributes
                0x000018f4       0x20 C:/Applications/Microchip/XC32/bin/bin/../../lib/gcc/pic32c/13.2.1/../../../../pic32c/lib/thumb/v8-m.base/nofp\libm-fast-emfloat.a(__aeabi_i2d.o)
 .ARM.attributes
                0x00001914       0x20 C:/Applications/Microchip/XC32/bin/bin/../../lib/gcc/pic32c/13.2.1/../../../../pic32c/lib/thumb/v8-m.base/nofp\libm-fast-emfloat.a(__aeabi_ui2f.o)
 .ARM.attributes
                0x00001934       0x20 C:/Applications/Microchip/XC32/bin/bin/../../lib/gcc/pic32c/13.2.1/../../../../pic32c/lib/thumb/v8-m.base/nofp\libm-fast-emfloat.a(__aeabi_ui2d.o)
 .ARM.attributes
                0x00001954       0x20 C:/Applications/Microchip/XC32/bin/bin/../../lib/gcc/pic32c/13.2.1/../../../../pic32c/lib/thumb/v8-m.base/nofp\libm-fast-emfloat.a(__aeabi_f2d.o)
 .ARM.attributes
                0x00001974       0x20 C:/Applications/Microchip/XC32/bin/bin/../../lib/gcc/pic32c/13.2.1/../../../../pic32c/lib/thumb/v8-m.base/nofp\libm-fast-emfloat.a(__aeabi_d2f.o)
 .ARM.attributes
                0x00001994       0x30 C:/Applications/Microchip/XC32/bin/bin/../../lib/gcc/pic32c/13.2.1/../../../../pic32c/lib/thumb/v8-m.base/nofp\libpic32c.a(sbrk.o)
 .ARM.attributes
                0x000019c4       0x22 C:/Applications/Microchip/XC32/bin/bin/../../lib/gcc/pic32c/13.2.1/thumb/v8-m.base/nofp\libgcc.a(_thumb1_case_uqi.o)
 .ARM.attributes
                0x000019e6       0x22 C:/Applications/Microchip/XC32/bin/bin/../../lib/gcc/pic32c/13.2.1/thumb/v8-m.base/nofp\libgcc.a(_aeabi_ldivmod.o)
 .ARM.attributes
                0x00001a08       0x22 C:/Applications/Microchip/XC32/bin/bin/../../lib/gcc/pic32c/13.2.1/thumb/v8-m.base/nofp\libgcc.a(_aeabi_uldivmod.o)
 .ARM.attributes
                0x00001a2a       0x30 C:/Applications/Microchip/XC32/bin/bin/../../lib/gcc/pic32c/13.2.1/thumb/v8-m.base/nofp\libgcc.a(_muldi3.o)
 .ARM.attributes
                0x00001a5a       0x30 C:/Applications/Microchip/XC32/bin/bin/../../lib/gcc/pic32c/13.2.1/thumb/v8-m.base/nofp\libgcc.a(_udivmoddi4.o)
 .ARM.attributes
                0x00001a8a       0x30 C:/Applications/Microchip/XC32/bin/bin/../../lib/gcc/pic32c/13.2.1/thumb/v8-m.base/nofp\libgcc.a(bpabi.o)
 .ARM.attributes
                0x00001aba       0x22 C:/Applications/Microchip/XC32/bin/bin/../../lib/gcc/pic32c/13.2.1/thumb/v8-m.base/nofp\libgcc.a(_dvmd_tls.o)
 .ARM.attributes
                0x00001adc       0x22 C:/Applications/Microchip/XC32/bin/bin/../../lib/gcc/pic32c/13.2.1/thumb/v8-m.base/nofp\libgcc.a(_clzsi2.o)
 .ARM.attributes
                0x00001afe       0x30 C:/Applications/Microchip/XC32/bin/bin/../../lib/gcc/pic32c/13.2.1/thumb/v8-m.base/nofp\libgcc.a(_divdi3.o)
 .ARM.attributes
                0x00001b2e       0x22 C:/Applications/Microchip/XC32/bin/bin/../../lib/gcc/pic32c/13.2.1/thumb/v8-m.base/nofp/crtn.o
 .ARM.attributes
                0x00001b50       0x30 C:/Applications/Microchip/XC32/bin/bin/../../lib/gcc/pic32c/13.2.1/../../../../pic32c/lib/thumb/v8-m.base/nofp\libpic32c.a(pic32_data_init_clear.o)
 .ARM.attributes
                0x00001b80       0x30 C:/Applications/Microchip/XC32/bin/bin/../../lib/gcc/pic32c/13.2.1/../../../../pic32c/lib/thumb/v8-m.base/nofp\libpic32c.a(pic32_data_init_copy.o)

.comment        0x00000000       0x35
 .comment       0x00000000       0x35 C:/Applications/Microchip/XC32/bin/bin/../../lib/gcc/pic32c/13.2.1/thumb/v8-m.base/nofp/crtbegin.o
                                 0x36 (size before relaxing)
 .comment       0x00000035       0x36 build/default/debug/_ext/158385033/drv_i2c.o
 .comment       0x00000035       0x36 build/default/debug/_ext/818654064/drv_usbfsv1.o
 .comment       0x00000035       0x36 build/default/debug/_ext/818654064/drv_usbfsv1_device.o
 .comment       0x00000035       0x36 build/default/debug/_ext/622324608/wdrv_winc_spi.o
 .comment       0x00000035       0x36 build/default/debug/_ext/622324608/wdrv_winc_eint.o
 .comment       0x00000035       0x36 build/default/debug/_ext/1857064221/winc_cmds.o
 .comment       0x00000035       0x36 build/default/debug/_ext/1857064221/winc_cmd_req.o
 .comment       0x00000035       0x36 build/default/debug/_ext/1857064221/winc_dev.o
 .comment       0x00000035       0x36 build/default/debug/_ext/1857064221/winc_sdio_drv.o
 .comment       0x00000035       0x36 build/default/debug/_ext/1857064221/winc_socket.o
 .comment       0x00000035       0x36 build/default/debug/_ext/1706628858/wdrv_winc.o
 .comment       0x00000035       0x36 build/default/debug/_ext/1706628858/wdrv_winc_assoc.o
 .comment       0x00000035       0x36 build/default/debug/_ext/1706628858/wdrv_winc_authctx.o
 .comment       0x00000035       0x36 build/default/debug/_ext/1706628858/wdrv_winc_bssctx.o
 .comment       0x00000035       0x36 build/default/debug/_ext/1706628858/wdrv_winc_bssfind.o
 .comment       0x00000035       0x36 build/default/debug/_ext/1706628858/wdrv_winc_dns.o
 .comment       0x00000035       0x36 build/default/debug/_ext/1706628858/wdrv_winc_dhcps.o
 .comment       0x00000035       0x36 build/default/debug/_ext/1706628858/wdrv_winc_extcrypto.o
 .comment       0x00000035       0x36 build/default/debug/_ext/1706628858/wdrv_winc_mqtt.o
 .comment       0x00000035       0x36 build/default/debug/_ext/1706628858/wdrv_winc_netif.o
 .comment       0x00000035       0x36 build/default/debug/_ext/1706628858/wdrv_winc_ota.o
 .comment       0x00000035       0x36 build/default/debug/_ext/1706628858/wdrv_winc_pps.o
 .comment       0x00000035       0x36 build/default/debug/_ext/1706628858/wdrv_winc_nvm.o
 .comment       0x00000035       0x36 build/default/debug/_ext/1706628858/wdrv_winc_prov.o
 .comment       0x00000035       0x36 build/default/debug/_ext/1706628858/wdrv_winc_sntp.o
 .comment       0x00000035       0x36 build/default/debug/_ext/1706628858/wdrv_winc_socket.o
 .comment       0x00000035       0x36 build/default/debug/_ext/1706628858/wdrv_winc_softap.o
 .comment       0x00000035       0x36 build/default/debug/_ext/1706628858/wdrv_winc_sta.o
 .comment       0x00000035       0x36 build/default/debug/_ext/1706628858/wdrv_winc_systime.o
 .comment       0x00000035       0x36 build/default/debug/_ext/1706628858/wdrv_winc_tls.o
 .comment       0x00000035       0x36 build/default/debug/_ext/1706628858/wdrv_winc_utils.o
 .comment       0x00000035       0x36 build/default/debug/_ext/1706628858/wdrv_winc_wifi.o
 .comment       0x00000035       0x36 build/default/debug/_ext/60163342/plib_adc.o
 .comment       0x00000035       0x36 build/default/debug/_ext/1984496892/plib_clock.o
 .comment       0x00000035       0x36 build/default/debug/_ext/1865161661/plib_dmac.o
 .comment       0x00000035       0x36 build/default/debug/_ext/60167341/plib_eic.o
 .comment       0x00000035       0x36 build/default/debug/_ext/1986646378/plib_evsys.o
 .comment       0x00000035       0x36 build/default/debug/_ext/1865468468/plib_nvic.o
 .comment       0x00000035       0x36 build/default/debug/_ext/1593096446/plib_nvmctrl.o
 .comment       0x00000035       0x36 build/default/debug/_ext/829342769/plib_pm.o
 .comment       0x00000035       0x36 build/default/debug/_ext/1865521619/plib_port.o
 .comment       0x00000035       0x36 build/default/debug/_ext/1865585090/plib_rstc.o
 .comment       0x00000035       0x36 build/default/debug/_ext/60180175/plib_rtc_timer.o
 .comment       0x00000035       0x36 build/default/debug/_ext/508257091/plib_sercom2_i2c_master.o
 .comment       0x00000035       0x36 build/default/debug/_ext/508257091/plib_sercom0_i2c_master.o
 .comment       0x00000035       0x36 build/default/debug/_ext/17022449/plib_sercom1_spi_master.o
 .comment       0x00000035       0x36 build/default/debug/_ext/1865616679/plib_supc.o
 .comment       0x00000035       0x36 build/default/debug/_ext/1827571544/plib_systick.o
 .comment       0x00000035       0x36 build/default/debug/_ext/60184501/plib_wdt.o
 .comment       0x00000035       0x36 build/default/debug/_ext/1832805299/sys_console_usb_cdc.o
 .comment       0x00000035       0x36 build/default/debug/_ext/1832805299/sys_console.o
 .comment       0x00000035       0x36 build/default/debug/_ext/944882569/sys_debug.o
 .comment       0x00000035       0x36 build/default/debug/_ext/14461671/sys_dma.o
 .comment       0x00000035       0x36 build/default/debug/_ext/1881668453/sys_int.o
 .comment       0x00000035       0x36 build/default/debug/_ext/1766557203/sys_wincs_net_service.o
 .comment       0x00000035       0x36 build/default/debug/_ext/101884895/sys_time.o
 .comment       0x00000035       0x36 build/default/debug/_ext/634868841/sys_wincs_wifi_service.o
 .comment       0x00000035       0x36 build/default/debug/_ext/308758920/usb_device.o
 .comment       0x00000035       0x36 build/default/debug/_ext/308758920/usb_device_cdc.o
 .comment       0x00000035       0x36 build/default/debug/_ext/308758920/usb_device_cdc_acm.o
 .comment       0x00000035       0x36 build/default/debug/_ext/1171490990/usb_device_init_data.o
 .comment       0x00000035       0x36 build/default/debug/_ext/1171490990/tasks.o
 .comment       0x00000035       0x36 build/default/debug/_ext/1171490990/initialization.o
 .comment       0x00000035       0x36 build/default/debug/_ext/1171490990/interrupts.o
 .comment       0x00000035       0x36 build/default/debug/_ext/1171490990/exceptions.o
 .comment       0x00000035       0x36 build/default/debug/_ext/1171490990/startup_xc32.o
 .comment       0x00000035       0x36 build/default/debug/_ext/1360937237/wincs02_driver.o
 .comment       0x00000035       0x36 build/default/debug/_ext/1360937237/timer_driver.o
 .comment       0x00000035       0x36 build/default/debug/_ext/1360937237/rtc_driver.o
 .comment       0x00000035       0x36 build/default/debug/_ext/1360937237/rstc_driver.o
 .comment       0x00000035       0x36 build/default/debug/_ext/1360937237/console_driver.o
 .comment       0x00000035       0x36 build/default/debug/_ext/1360937237/bmp585_driver.o
 .comment       0x00000035       0x36 build/default/debug/_ext/1360937237/battery_driver.o
 .comment       0x00000035       0x36 build/default/debug/_ext/1360937237/app.o
 .comment       0x00000035       0x36 build/default/debug/_ext/1360937237/main.o
 .comment       0x00000035       0x36 C:/Applications/Microchip/XC32/bin/bin/../../lib/gcc/pic32c/13.2.1/../../../../pic32c/lib/thumb/v8-m.base/nofp\libpic32c.a(data_init.o)
 .comment       0x00000035       0x36 C:/Applications/Microchip/XC32/bin/bin/../../lib/gcc/pic32c/13.2.1/../../../../pic32c/lib/thumb/v8-m.base/nofp\libc-size-musl.a(memcmp.o)
 .comment       0x00000035       0x36 C:/Applications/Microchip/XC32/bin/bin/../../lib/gcc/pic32c/13.2.1/../../../../pic32c/lib/thumb/v8-m.base/nofp\libc-size-musl.a(memcpy.o)
 .comment       0x00000035       0x36 C:/Applications/Microchip/XC32/bin/bin/../../lib/gcc/pic32c/13.2.1/../../../../pic32c/lib/thumb/v8-m.base/nofp\libc-size-musl.a(memmove.o)
 .comment       0x00000035       0x36 C:/Applications/Microchip/XC32/bin/bin/../../lib/gcc/pic32c/13.2.1/../../../../pic32c/lib/thumb/v8-m.base/nofp\libc-size-musl.a(memset.o)
 .comment       0x00000035       0x36 C:/Applications/Microchip/XC32/bin/bin/../../lib/gcc/pic32c/13.2.1/../../../../pic32c/lib/thumb/v8-m.base/nofp\libc-size-musl.a(strlen.o)
 .comment       0x00000035       0x36 C:/Applications/Microchip/XC32/bin/bin/../../lib/gcc/pic32c/13.2.1/../../../../pic32c/lib/thumb/v8-m.base/nofp\libc-size-musl.a(strstr.o)
 .comment       0x00000035       0x36 C:/Applications/Microchip/XC32/bin/bin/../../lib/gcc/pic32c/13.2.1/../../../../pic32c/lib/thumb/v8-m.base/nofp\libc-size-musl.a(strcpy.o)
 .comment       0x00000035       0x36 C:/Applications/Microchip/XC32/bin/bin/../../lib/gcc/pic32c/13.2.1/../../../../pic32c/lib/thumb/v8-m.base/nofp\libc-size-musl.a(strnlen.o)
 .comment       0x00000035       0x36 C:/Applications/Microchip/XC32/bin/bin/../../lib/gcc/pic32c/13.2.1/../../../../pic32c/lib/thumb/v8-m.base/nofp\libc-size-musl.a(strspn.o)
 .comment       0x00000035       0x36 C:/Applications/Microchip/XC32/bin/bin/../../lib/gcc/pic32c/13.2.1/../../../../pic32c/lib/thumb/v8-m.base/nofp\libc-size-musl.a(memchr.o)
 .comment       0x00000035       0x36 C:/Applications/Microchip/XC32/bin/bin/../../lib/gcc/pic32c/13.2.1/../../../../pic32c/lib/thumb/v8-m.base/nofp\libc-size-musl.a(stpcpy.o)
 .comment       0x00000035       0x36 C:/Applications/Microchip/XC32/bin/bin/../../lib/gcc/pic32c/13.2.1/../../../../pic32c/lib/thumb/v8-m.base/nofp\liblmalloc-musl.a(lite_free.o)
 .comment       0x00000035       0x36 C:/Applications/Microchip/XC32/bin/bin/../../lib/gcc/pic32c/13.2.1/../../../../pic32c/lib/thumb/v8-m.base/nofp\liblmalloc-musl.a(lite_malloc.o)
 .comment       0x00000035       0x36 C:/Applications/Microchip/XC32/bin/bin/../../lib/gcc/pic32c/13.2.1/../../../../pic32c/lib/thumb/v8-m.base/nofp\libg-musl.a(__libc_start_main.o)
 .comment       0x00000035       0x36 C:/Applications/Microchip/XC32/bin/bin/../../lib/gcc/pic32c/13.2.1/../../../../pic32c/lib/thumb/v8-m.base/nofp\libg-musl.a(__errno_location.o)
 .comment       0x00000035       0x36 C:/Applications/Microchip/XC32/bin/bin/../../lib/gcc/pic32c/13.2.1/../../../../pic32c/lib/thumb/v8-m.base/nofp\libg-musl.a(libc.o)
 .comment       0x00000035       0x36 C:/Applications/Microchip/XC32/bin/bin/../../lib/gcc/pic32c/13.2.1/../../../../pic32c/lib/thumb/v8-m.base/nofp\libg-musl.a(expand_heap.o)
 .comment       0x00000035       0x36 C:/Applications/Microchip/XC32/bin/bin/../../lib/gcc/pic32c/13.2.1/../../../../pic32c/lib/thumb/v8-m.base/nofp\libg-musl.a(vsnprintf.o)
 .comment       0x00000035       0x36 C:/Applications/Microchip/XC32/bin/bin/../../lib/gcc/pic32c/13.2.1/../../../../pic32c/lib/thumb/v8-m.base/nofp\libg-musl.a(snprintf.o)
 .comment       0x00000035       0x36 C:/Applications/Microchip/XC32/bin/bin/../../lib/gcc/pic32c/13.2.1/../../../../pic32c/lib/thumb/v8-m.base/nofp\libg-musl.a(sprintf.o)
 .comment       0x00000035       0x36 C:/Applications/Microchip/XC32/bin/bin/../../lib/gcc/pic32c/13.2.1/../../../../pic32c/lib/thumb/v8-m.base/nofp\libg-musl.a(vsprintf.o)
 .comment       0x00000035       0x36 C:/Applications/Microchip/XC32/bin/bin/../../lib/gcc/pic32c/13.2.1/../../../../pic32c/lib/thumb/v8-m.base/nofp\libg-musl.a(gmtime.o)
 .comment       0x00000035       0x36 C:/Applications/Microchip/XC32/bin/bin/../../lib/gcc/pic32c/13.2.1/../../../../pic32c/lib/thumb/v8-m.base/nofp\libg-musl.a(gmtime_r.o)
 .comment       0x00000035       0x36 C:/Applications/Microchip/XC32/bin/bin/../../lib/gcc/pic32c/13.2.1/../../../../pic32c/lib/thumb/v8-m.base/nofp\libg-musl.a(__environ.o)
 .comment       0x00000035       0x36 C:/Applications/Microchip/XC32/bin/bin/../../lib/gcc/pic32c/13.2.1/../../../../pic32c/lib/thumb/v8-m.base/nofp\libg-musl.a(vfprintf.o)
 .comment       0x00000035       0x36 C:/Applications/Microchip/XC32/bin/bin/../../lib/gcc/pic32c/13.2.1/../../../../pic32c/lib/thumb/v8-m.base/nofp\libg-musl.a(__secs_to_tm.o)
 .comment       0x00000035       0x36 C:/Applications/Microchip/XC32/bin/bin/../../lib/gcc/pic32c/13.2.1/../../../../pic32c/lib/thumb/v8-m.base/nofp\libg-musl.a(__pop_float.o)
 .comment       0x00000035       0x36 C:/Applications/Microchip/XC32/bin/bin/../../lib/gcc/pic32c/13.2.1/../../../../pic32c/lib/thumb/v8-m.base/nofp\libg-musl.a(__pop_int.o)
 .comment       0x00000035       0x36 C:/Applications/Microchip/XC32/bin/bin/../../lib/gcc/pic32c/13.2.1/../../../../pic32c/lib/thumb/v8-m.base/nofp\libg-musl.a(__pop_ptr.o)
 .comment       0x00000035       0x36 C:/Applications/Microchip/XC32/bin/bin/../../lib/gcc/pic32c/13.2.1/../../../../pic32c/lib/thumb/v8-m.base/nofp\libg-musl.a(__printf_core.o)
 .comment       0x00000035       0x36 C:/Applications/Microchip/XC32/bin/bin/../../lib/gcc/pic32c/13.2.1/../../../../pic32c/lib/thumb/v8-m.base/nofp\libg-musl.a(atoi.o)
 .comment       0x00000035       0x36 C:/Applications/Microchip/XC32/bin/bin/../../lib/gcc/pic32c/13.2.1/../../../../pic32c/lib/thumb/v8-m.base/nofp\libg-musl.a(tolower.o)
 .comment       0x00000035       0x36 C:/Applications/Microchip/XC32/bin/bin/../../lib/gcc/pic32c/13.2.1/../../../../pic32c/lib/thumb/v8-m.base/nofp\libg-musl.a(__fmt_a.o)
 .comment       0x00000035       0x36 C:/Applications/Microchip/XC32/bin/bin/../../lib/gcc/pic32c/13.2.1/../../../../pic32c/lib/thumb/v8-m.base/nofp\libg-musl.a(__fmt_d.o)
 .comment       0x00000035       0x36 C:/Applications/Microchip/XC32/bin/bin/../../lib/gcc/pic32c/13.2.1/../../../../pic32c/lib/thumb/v8-m.base/nofp\libg-musl.a(__fmt_fp.o)
 .comment       0x00000035       0x36 C:/Applications/Microchip/XC32/bin/bin/../../lib/gcc/pic32c/13.2.1/../../../../pic32c/lib/thumb/v8-m.base/nofp\libg-musl.a(__fmt_o.o)
 .comment       0x00000035       0x36 C:/Applications/Microchip/XC32/bin/bin/../../lib/gcc/pic32c/13.2.1/../../../../pic32c/lib/thumb/v8-m.base/nofp\libg-musl.a(__fmt_s.o)
 .comment       0x00000035       0x36 C:/Applications/Microchip/XC32/bin/bin/../../lib/gcc/pic32c/13.2.1/../../../../pic32c/lib/thumb/v8-m.base/nofp\libg-musl.a(__fmt_u.o)
 .comment       0x00000035       0x36 C:/Applications/Microchip/XC32/bin/bin/../../lib/gcc/pic32c/13.2.1/../../../../pic32c/lib/thumb/v8-m.base/nofp\libg-musl.a(__fmt_x.o)
 .comment       0x00000035       0x36 C:/Applications/Microchip/XC32/bin/bin/../../lib/gcc/pic32c/13.2.1/../../../../pic32c/lib/thumb/v8-m.base/nofp\libg-musl.a(toupper.o)
 .comment       0x00000035       0x36 C:/Applications/Microchip/XC32/bin/bin/../../lib/gcc/pic32c/13.2.1/../../../../pic32c/lib/thumb/v8-m.base/nofp\libg-musl.a(__cvt_u.o)
 .comment       0x00000035       0x36 C:/Applications/Microchip/XC32/bin/bin/../../lib/gcc/pic32c/13.2.1/../../../../pic32c/lib/thumb/v8-m.base/nofp\libm-fast-emfloat.a(fma.o)
 .comment       0x00000035       0x36 C:/Applications/Microchip/XC32/bin/bin/../../lib/gcc/pic32c/13.2.1/../../../../pic32c/lib/thumb/v8-m.base/nofp\libm-fast-emfloat.a(floor.o)
 .comment       0x00000035       0x36 C:/Applications/Microchip/XC32/bin/bin/../../lib/gcc/pic32c/13.2.1/../../../../pic32c/lib/thumb/v8-m.base/nofp\libpic32c.a(sbrk.o)
 .comment       0x00000035       0x36 C:/Applications/Microchip/XC32/bin/bin/../../lib/gcc/pic32c/13.2.1/thumb/v8-m.base/nofp\libgcc.a(_muldi3.o)
 .comment       0x00000035       0x36 C:/Applications/Microchip/XC32/bin/bin/../../lib/gcc/pic32c/13.2.1/thumb/v8-m.base/nofp\libgcc.a(_udivmoddi4.o)
 .comment       0x00000035       0x36 C:/Applications/Microchip/XC32/bin/bin/../../lib/gcc/pic32c/13.2.1/thumb/v8-m.base/nofp\libgcc.a(bpabi.o)
 .comment       0x00000035       0x36 C:/Applications/Microchip/XC32/bin/bin/../../lib/gcc/pic32c/13.2.1/thumb/v8-m.base/nofp\libgcc.a(_divdi3.o)
 .comment       0x00000035       0x36 C:/Applications/Microchip/XC32/bin/bin/../../lib/gcc/pic32c/13.2.1/../../../../pic32c/lib/thumb/v8-m.base/nofp\libpic32c.a(pic32_data_init_clear.o)
 .comment       0x00000035       0x36 C:/Applications/Microchip/XC32/bin/bin/../../lib/gcc/pic32c/13.2.1/../../../../pic32c/lib/thumb/v8-m.base/nofp\libpic32c.a(pic32_data_init_copy.o)

.debug_info     0x00000000    0x83595
 .debug_info    0x00000000     0x200e build/default/debug/_ext/158385033/drv_i2c.o
 .debug_info    0x0000200e     0x2473 build/default/debug/_ext/818654064/drv_usbfsv1.o
 .debug_info    0x00004481     0x3cb0 build/default/debug/_ext/818654064/drv_usbfsv1_device.o
 .debug_info    0x00008131      0xc8e build/default/debug/_ext/622324608/wdrv_winc_spi.o
 .debug_info    0x00008dbf      0x20d build/default/debug/_ext/622324608/wdrv_winc_eint.o
 .debug_info    0x00008fcc     0x51ce build/default/debug/_ext/1857064221/winc_cmds.o
 .debug_info    0x0000e19a      0x54c build/default/debug/_ext/1857064221/winc_cmd_req.o
 .debug_info    0x0000e6e6     0x20e2 build/default/debug/_ext/1857064221/winc_dev.o
 .debug_info    0x000107c8      0xd9b build/default/debug/_ext/1857064221/winc_sdio_drv.o
 .debug_info    0x00011563     0x5ca5 build/default/debug/_ext/1857064221/winc_socket.o
 .debug_info    0x00017208     0x5af7 build/default/debug/_ext/1706628858/wdrv_winc.o
 .debug_info    0x0001ccff     0x2b0a build/default/debug/_ext/1706628858/wdrv_winc_assoc.o
 .debug_info    0x0001f809      0x80c build/default/debug/_ext/1706628858/wdrv_winc_authctx.o
 .debug_info    0x00020015      0x533 build/default/debug/_ext/1706628858/wdrv_winc_bssctx.o
 .debug_info    0x00020548     0x34fc build/default/debug/_ext/1706628858/wdrv_winc_bssfind.o
 .debug_info    0x00023a44     0x2c63 build/default/debug/_ext/1706628858/wdrv_winc_dns.o
 .debug_info    0x000266a7     0x279c build/default/debug/_ext/1706628858/wdrv_winc_dhcps.o
 .debug_info    0x00028e43     0x2a7d build/default/debug/_ext/1706628858/wdrv_winc_extcrypto.o
 .debug_info    0x0002b8c0     0x4bc5 build/default/debug/_ext/1706628858/wdrv_winc_mqtt.o
 .debug_info    0x00030485     0x319a build/default/debug/_ext/1706628858/wdrv_winc_netif.o
 .debug_info    0x0003361f     0x36a5 build/default/debug/_ext/1706628858/wdrv_winc_ota.o
 .debug_info    0x00036cc4     0x2ad0 build/default/debug/_ext/1706628858/wdrv_winc_pps.o
 .debug_info    0x00039794     0x34fc build/default/debug/_ext/1706628858/wdrv_winc_nvm.o
 .debug_info    0x0003cc90     0x2967 build/default/debug/_ext/1706628858/wdrv_winc_prov.o
 .debug_info    0x0003f5f7     0x265f build/default/debug/_ext/1706628858/wdrv_winc_sntp.o
 .debug_info    0x00041c56     0x2b38 build/default/debug/_ext/1706628858/wdrv_winc_socket.o
 .debug_info    0x0004478e     0x316d build/default/debug/_ext/1706628858/wdrv_winc_softap.o
 .debug_info    0x000478fb     0x2fd7 build/default/debug/_ext/1706628858/wdrv_winc_sta.o
 .debug_info    0x0004a8d2     0x27cb build/default/debug/_ext/1706628858/wdrv_winc_systime.o
 .debug_info    0x0004d09d     0x37f4 build/default/debug/_ext/1706628858/wdrv_winc_tls.o
 .debug_info    0x00050891     0x1613 build/default/debug/_ext/1706628858/wdrv_winc_utils.o
 .debug_info    0x00051ea4     0x36fa build/default/debug/_ext/1706628858/wdrv_winc_wifi.o
 .debug_info    0x0005559e      0x70b build/default/debug/_ext/60163342/plib_adc.o
 .debug_info    0x00055ca9      0x6b7 build/default/debug/_ext/1984496892/plib_clock.o
 .debug_info    0x00056360      0xc83 build/default/debug/_ext/1865161661/plib_dmac.o
 .debug_info    0x00056fe3      0x3e7 build/default/debug/_ext/60167341/plib_eic.o
 .debug_info    0x000573ca       0x9b build/default/debug/_ext/1986646378/plib_evsys.o
 .debug_info    0x00057465      0xf96 build/default/debug/_ext/1865468468/plib_nvic.o
 .debug_info    0x000583fb      0x807 build/default/debug/_ext/1593096446/plib_nvmctrl.o
 .debug_info    0x00058c02      0x236 build/default/debug/_ext/829342769/plib_pm.o
 .debug_info    0x00058e38      0x67e build/default/debug/_ext/1865521619/plib_port.o
 .debug_info    0x000594b6       0xf3 build/default/debug/_ext/1865585090/plib_rstc.o
 .debug_info    0x000595a9      0x93e build/default/debug/_ext/60180175/plib_rtc_timer.o
 .debug_info    0x00059ee7     0x155f build/default/debug/_ext/508257091/plib_sercom2_i2c_master.o
 .debug_info    0x0005b446     0x155f build/default/debug/_ext/508257091/plib_sercom0_i2c_master.o
 .debug_info    0x0005c9a5     0x1106 build/default/debug/_ext/17022449/plib_sercom1_spi_master.o
 .debug_info    0x0005daab      0x306 build/default/debug/_ext/1865616679/plib_supc.o
 .debug_info    0x0005ddb1      0x6da build/default/debug/_ext/1827571544/plib_systick.o
 .debug_info    0x0005e48b      0x27f build/default/debug/_ext/60184501/plib_wdt.o
 .debug_info    0x0005e70a     0x1ee7 build/default/debug/_ext/1832805299/sys_console_usb_cdc.o
 .debug_info    0x000605f1      0xcc7 build/default/debug/_ext/1832805299/sys_console.o
 .debug_info    0x000612b8      0x34a build/default/debug/_ext/944882569/sys_debug.o
 .debug_info    0x00061602      0x320 build/default/debug/_ext/14461671/sys_dma.o
 .debug_info    0x00061922      0x6ab build/default/debug/_ext/1881668453/sys_int.o
 .debug_info    0x00061fcd     0x282b build/default/debug/_ext/1766557203/sys_wincs_net_service.o
 .debug_info    0x000647f8     0x1b81 build/default/debug/_ext/101884895/sys_time.o
 .debug_info    0x00066379     0x2cb7 build/default/debug/_ext/634868841/sys_wincs_wifi_service.o
 .debug_info    0x00069030     0x42a3 build/default/debug/_ext/308758920/usb_device.o
 .debug_info    0x0006d2d3     0x237c build/default/debug/_ext/308758920/usb_device_cdc.o
 .debug_info    0x0006f64f      0x9d5 build/default/debug/_ext/308758920/usb_device_cdc_acm.o
 .debug_info    0x00070024     0x1704 build/default/debug/_ext/1171490990/usb_device_init_data.o
 .debug_info    0x00071728      0x271 build/default/debug/_ext/1171490990/tasks.o
 .debug_info    0x00071999     0x32bb build/default/debug/_ext/1171490990/initialization.o
 .debug_info    0x00074c54      0x8ae build/default/debug/_ext/1171490990/interrupts.o
 .debug_info    0x00075502       0xc1 build/default/debug/_ext/1171490990/exceptions.o
 .debug_info    0x000755c3      0x200 build/default/debug/_ext/1171490990/startup_xc32.o
 .debug_info    0x000757c3     0x101b build/default/debug/_ext/1360937237/wincs02_driver.o
 .debug_info    0x000767de      0xaec build/default/debug/_ext/1360937237/timer_driver.o
 .debug_info    0x000772ca      0x637 build/default/debug/_ext/1360937237/rtc_driver.o
 .debug_info    0x00077901      0x7b8 build/default/debug/_ext/1360937237/rstc_driver.o
 .debug_info    0x000780b9      0x4a7 build/default/debug/_ext/1360937237/console_driver.o
 .debug_info    0x00078560     0x224f build/default/debug/_ext/1360937237/bmp585_driver.o
 .debug_info    0x0007a7af      0x856 build/default/debug/_ext/1360937237/battery_driver.o
 .debug_info    0x0007b005      0x94a build/default/debug/_ext/1360937237/app.o
 .debug_info    0x0007b94f       0xed build/default/debug/_ext/1360937237/main.o
 .debug_info    0x0007ba3c      0x212 C:/Applications/Microchip/XC32/bin/bin/../../lib/gcc/pic32c/13.2.1/../../../../pic32c/lib/thumb/v8-m.base/nofp\libpic32c.a(data_init.o)
 .debug_info    0x0007bc4e       0xe7 C:/Applications/Microchip/XC32/bin/bin/../../lib/gcc/pic32c/13.2.1/../../../../pic32c/lib/thumb/v8-m.base/nofp\libc-size-musl.a(memcmp.o)
 .debug_info    0x0007bd35       0xed C:/Applications/Microchip/XC32/bin/bin/../../lib/gcc/pic32c/13.2.1/../../../../pic32c/lib/thumb/v8-m.base/nofp\libc-size-musl.a(memcpy.o)
 .debug_info    0x0007be22       0xe4 C:/Applications/Microchip/XC32/bin/bin/../../lib/gcc/pic32c/13.2.1/../../../../pic32c/lib/thumb/v8-m.base/nofp\libc-size-musl.a(memmove.o)
 .debug_info    0x0007bf06       0xc2 C:/Applications/Microchip/XC32/bin/bin/../../lib/gcc/pic32c/13.2.1/../../../../pic32c/lib/thumb/v8-m.base/nofp\libc-size-musl.a(memset.o)
 .debug_info    0x0007bfc8       0xab C:/Applications/Microchip/XC32/bin/bin/../../lib/gcc/pic32c/13.2.1/../../../../pic32c/lib/thumb/v8-m.base/nofp\libc-size-musl.a(strlen.o)
 .debug_info    0x0007c073       0xc7 C:/Applications/Microchip/XC32/bin/bin/../../lib/gcc/pic32c/13.2.1/../../../../pic32c/lib/thumb/v8-m.base/nofp\libc-size-musl.a(strstr.o)
 .debug_info    0x0007c13a       0xdd C:/Applications/Microchip/XC32/bin/bin/../../lib/gcc/pic32c/13.2.1/../../../../pic32c/lib/thumb/v8-m.base/nofp\libc-size-musl.a(strcpy.o)
 .debug_info    0x0007c217      0x101 C:/Applications/Microchip/XC32/bin/bin/../../lib/gcc/pic32c/13.2.1/../../../../pic32c/lib/thumb/v8-m.base/nofp\libc-size-musl.a(strnlen.o)
 .debug_info    0x0007c318      0x101 C:/Applications/Microchip/XC32/bin/bin/../../lib/gcc/pic32c/13.2.1/../../../../pic32c/lib/thumb/v8-m.base/nofp\libc-size-musl.a(strspn.o)
 .debug_info    0x0007c419       0xec C:/Applications/Microchip/XC32/bin/bin/../../lib/gcc/pic32c/13.2.1/../../../../pic32c/lib/thumb/v8-m.base/nofp\libc-size-musl.a(memchr.o)
 .debug_info    0x0007c505       0xb3 C:/Applications/Microchip/XC32/bin/bin/../../lib/gcc/pic32c/13.2.1/../../../../pic32c/lib/thumb/v8-m.base/nofp\libc-size-musl.a(stpcpy.o)
 .debug_info    0x0007c5b8      0x276 C:/Applications/Microchip/XC32/bin/bin/../../lib/gcc/pic32c/13.2.1/../../../../pic32c/lib/thumb/v8-m.base/nofp\liblmalloc-musl.a(lite_free.o)
 .debug_info    0x0007c82e      0x1dc C:/Applications/Microchip/XC32/bin/bin/../../lib/gcc/pic32c/13.2.1/../../../../pic32c/lib/thumb/v8-m.base/nofp\liblmalloc-musl.a(lite_malloc.o)
 .debug_info    0x0007ca0a      0x2fb C:/Applications/Microchip/XC32/bin/bin/../../lib/gcc/pic32c/13.2.1/../../../../pic32c/lib/thumb/v8-m.base/nofp\libg-musl.a(__libc_start_main.o)
 .debug_info    0x0007cd05       0x5b C:/Applications/Microchip/XC32/bin/bin/../../lib/gcc/pic32c/13.2.1/../../../../pic32c/lib/thumb/v8-m.base/nofp\libg-musl.a(__errno_location.o)
 .debug_info    0x0007cd60      0x276 C:/Applications/Microchip/XC32/bin/bin/../../lib/gcc/pic32c/13.2.1/../../../../pic32c/lib/thumb/v8-m.base/nofp\libg-musl.a(libc.o)
 .debug_info    0x0007cfd6      0x115 C:/Applications/Microchip/XC32/bin/bin/../../lib/gcc/pic32c/13.2.1/../../../../pic32c/lib/thumb/v8-m.base/nofp\libg-musl.a(expand_heap.o)
 .debug_info    0x0007d0eb      0x45b C:/Applications/Microchip/XC32/bin/bin/../../lib/gcc/pic32c/13.2.1/../../../../pic32c/lib/thumb/v8-m.base/nofp\libg-musl.a(vsnprintf.o)
 .debug_info    0x0007d546      0x170 C:/Applications/Microchip/XC32/bin/bin/../../lib/gcc/pic32c/13.2.1/../../../../pic32c/lib/thumb/v8-m.base/nofp\libg-musl.a(snprintf.o)
 .debug_info    0x0007d6b6      0x140 C:/Applications/Microchip/XC32/bin/bin/../../lib/gcc/pic32c/13.2.1/../../../../pic32c/lib/thumb/v8-m.base/nofp\libg-musl.a(sprintf.o)
 .debug_info    0x0007d7f6      0x14f C:/Applications/Microchip/XC32/bin/bin/../../lib/gcc/pic32c/13.2.1/../../../../pic32c/lib/thumb/v8-m.base/nofp\libg-musl.a(vsprintf.o)
 .debug_info    0x0007d945      0x1b2 C:/Applications/Microchip/XC32/bin/bin/../../lib/gcc/pic32c/13.2.1/../../../../pic32c/lib/thumb/v8-m.base/nofp\libg-musl.a(gmtime.o)
 .debug_info    0x0007daf7      0x1bd C:/Applications/Microchip/XC32/bin/bin/../../lib/gcc/pic32c/13.2.1/../../../../pic32c/lib/thumb/v8-m.base/nofp\libg-musl.a(gmtime_r.o)
 .debug_info    0x0007dcb4       0x97 C:/Applications/Microchip/XC32/bin/bin/../../lib/gcc/pic32c/13.2.1/../../../../pic32c/lib/thumb/v8-m.base/nofp\libg-musl.a(__environ.o)
 .debug_info    0x0007dd4b      0x42c C:/Applications/Microchip/XC32/bin/bin/../../lib/gcc/pic32c/13.2.1/../../../../pic32c/lib/thumb/v8-m.base/nofp\libg-musl.a(vfprintf.o)
 .debug_info    0x0007e177      0x2cf C:/Applications/Microchip/XC32/bin/bin/../../lib/gcc/pic32c/13.2.1/../../../../pic32c/lib/thumb/v8-m.base/nofp\libg-musl.a(__secs_to_tm.o)
 .debug_info    0x0007e446      0x163 C:/Applications/Microchip/XC32/bin/bin/../../lib/gcc/pic32c/13.2.1/../../../../pic32c/lib/thumb/v8-m.base/nofp\libg-musl.a(__pop_float.o)
 .debug_info    0x0007e5a9      0x183 C:/Applications/Microchip/XC32/bin/bin/../../lib/gcc/pic32c/13.2.1/../../../../pic32c/lib/thumb/v8-m.base/nofp\libg-musl.a(__pop_int.o)
 .debug_info    0x0007e72c      0x18d C:/Applications/Microchip/XC32/bin/bin/../../lib/gcc/pic32c/13.2.1/../../../../pic32c/lib/thumb/v8-m.base/nofp\libg-musl.a(__pop_ptr.o)
 .debug_info    0x0007e8b9      0xb29 C:/Applications/Microchip/XC32/bin/bin/../../lib/gcc/pic32c/13.2.1/../../../../pic32c/lib/thumb/v8-m.base/nofp\libg-musl.a(__printf_core.o)
 .debug_info    0x0007f3e2       0xf4 C:/Applications/Microchip/XC32/bin/bin/../../lib/gcc/pic32c/13.2.1/../../../../pic32c/lib/thumb/v8-m.base/nofp\libg-musl.a(atoi.o)
 .debug_info    0x0007f4d6      0x13e C:/Applications/Microchip/XC32/bin/bin/../../lib/gcc/pic32c/13.2.1/../../../../pic32c/lib/thumb/v8-m.base/nofp\libg-musl.a(tolower.o)
 .debug_info    0x0007f614      0x77e C:/Applications/Microchip/XC32/bin/bin/../../lib/gcc/pic32c/13.2.1/../../../../pic32c/lib/thumb/v8-m.base/nofp\libg-musl.a(__fmt_a.o)
 .debug_info    0x0007fd92      0x374 C:/Applications/Microchip/XC32/bin/bin/../../lib/gcc/pic32c/13.2.1/../../../../pic32c/lib/thumb/v8-m.base/nofp\libg-musl.a(__fmt_d.o)
 .debug_info    0x00080106      0x7e2 C:/Applications/Microchip/XC32/bin/bin/../../lib/gcc/pic32c/13.2.1/../../../../pic32c/lib/thumb/v8-m.base/nofp\libg-musl.a(__fmt_fp.o)
 .debug_info    0x000808e8      0x345 C:/Applications/Microchip/XC32/bin/bin/../../lib/gcc/pic32c/13.2.1/../../../../pic32c/lib/thumb/v8-m.base/nofp\libg-musl.a(__fmt_o.o)
 .debug_info    0x00080c2d      0x31e C:/Applications/Microchip/XC32/bin/bin/../../lib/gcc/pic32c/13.2.1/../../../../pic32c/lib/thumb/v8-m.base/nofp\libg-musl.a(__fmt_s.o)
 .debug_info    0x00080f4b      0x345 C:/Applications/Microchip/XC32/bin/bin/../../lib/gcc/pic32c/13.2.1/../../../../pic32c/lib/thumb/v8-m.base/nofp\libg-musl.a(__fmt_u.o)
 .debug_info    0x00081290      0x35f C:/Applications/Microchip/XC32/bin/bin/../../lib/gcc/pic32c/13.2.1/../../../../pic32c/lib/thumb/v8-m.base/nofp\libg-musl.a(__fmt_x.o)
 .debug_info    0x000815ef      0x13e C:/Applications/Microchip/XC32/bin/bin/../../lib/gcc/pic32c/13.2.1/../../../../pic32c/lib/thumb/v8-m.base/nofp\libg-musl.a(toupper.o)
 .debug_info    0x0008172d      0x1e3 C:/Applications/Microchip/XC32/bin/bin/../../lib/gcc/pic32c/13.2.1/../../../../pic32c/lib/thumb/v8-m.base/nofp\libg-musl.a(__cvt_u.o)
 .debug_info    0x00081910      0x186 C:/Applications/Microchip/XC32/bin/bin/../../lib/gcc/pic32c/13.2.1/../../../../pic32c/lib/thumb/v8-m.base/nofp\libpic32c.a(sbrk.o)
 .debug_info    0x00081a96       0x35 C:/Applications/Microchip/XC32/bin/bin/../../lib/gcc/pic32c/13.2.1/thumb/v8-m.base/nofp\libgcc.a(_thumb1_case_uqi.o)
 .debug_info    0x00081acb       0x35 C:/Applications/Microchip/XC32/bin/bin/../../lib/gcc/pic32c/13.2.1/thumb/v8-m.base/nofp\libgcc.a(_aeabi_ldivmod.o)
 .debug_info    0x00081b00       0x35 C:/Applications/Microchip/XC32/bin/bin/../../lib/gcc/pic32c/13.2.1/thumb/v8-m.base/nofp\libgcc.a(_aeabi_uldivmod.o)
 .debug_info    0x00081b35      0x44f C:/Applications/Microchip/XC32/bin/bin/../../lib/gcc/pic32c/13.2.1/thumb/v8-m.base/nofp\libgcc.a(_muldi3.o)
 .debug_info    0x00081f84      0x849 C:/Applications/Microchip/XC32/bin/bin/../../lib/gcc/pic32c/13.2.1/thumb/v8-m.base/nofp\libgcc.a(_udivmoddi4.o)
 .debug_info    0x000827cd       0xfd C:/Applications/Microchip/XC32/bin/bin/../../lib/gcc/pic32c/13.2.1/thumb/v8-m.base/nofp\libgcc.a(bpabi.o)
 .debug_info    0x000828ca       0x41 C:/Applications/Microchip/XC32/bin/bin/../../lib/gcc/pic32c/13.2.1/thumb/v8-m.base/nofp\libgcc.a(_dvmd_tls.o)
 .debug_info    0x0008290b       0x35 C:/Applications/Microchip/XC32/bin/bin/../../lib/gcc/pic32c/13.2.1/thumb/v8-m.base/nofp\libgcc.a(_clzsi2.o)
 .debug_info    0x00082940      0xa12 C:/Applications/Microchip/XC32/bin/bin/../../lib/gcc/pic32c/13.2.1/thumb/v8-m.base/nofp\libgcc.a(_divdi3.o)
 .debug_info    0x00083352      0x117 C:/Applications/Microchip/XC32/bin/bin/../../lib/gcc/pic32c/13.2.1/../../../../pic32c/lib/thumb/v8-m.base/nofp\libpic32c.a(pic32_data_init_clear.o)
 .debug_info    0x00083469      0x12c C:/Applications/Microchip/XC32/bin/bin/../../lib/gcc/pic32c/13.2.1/../../../../pic32c/lib/thumb/v8-m.base/nofp\libpic32c.a(pic32_data_init_copy.o)

.debug_abbrev   0x00000000    0x1133d
 .debug_abbrev  0x00000000      0x4bf build/default/debug/_ext/158385033/drv_i2c.o
 .debug_abbrev  0x000004bf      0x3eb build/default/debug/_ext/818654064/drv_usbfsv1.o
 .debug_abbrev  0x000008aa      0x557 build/default/debug/_ext/818654064/drv_usbfsv1_device.o
 .debug_abbrev  0x00000e01      0x371 build/default/debug/_ext/622324608/wdrv_winc_spi.o
 .debug_abbrev  0x00001172      0x108 build/default/debug/_ext/622324608/wdrv_winc_eint.o
 .debug_abbrev  0x0000127a      0x312 build/default/debug/_ext/1857064221/winc_cmds.o
 .debug_abbrev  0x0000158c      0x1af build/default/debug/_ext/1857064221/winc_cmd_req.o
 .debug_abbrev  0x0000173b      0x4d9 build/default/debug/_ext/1857064221/winc_dev.o
 .debug_abbrev  0x00001c14      0x2f4 build/default/debug/_ext/1857064221/winc_sdio_drv.o
 .debug_abbrev  0x00001f08      0x586 build/default/debug/_ext/1857064221/winc_socket.o
 .debug_abbrev  0x0000248e      0x62c build/default/debug/_ext/1706628858/wdrv_winc.o
 .debug_abbrev  0x00002aba      0x3cd build/default/debug/_ext/1706628858/wdrv_winc_assoc.o
 .debug_abbrev  0x00002e87      0x263 build/default/debug/_ext/1706628858/wdrv_winc_authctx.o
 .debug_abbrev  0x000030ea      0x1ea build/default/debug/_ext/1706628858/wdrv_winc_bssctx.o
 .debug_abbrev  0x000032d4      0x454 build/default/debug/_ext/1706628858/wdrv_winc_bssfind.o
 .debug_abbrev  0x00003728      0x39d build/default/debug/_ext/1706628858/wdrv_winc_dns.o
 .debug_abbrev  0x00003ac5      0x308 build/default/debug/_ext/1706628858/wdrv_winc_dhcps.o
 .debug_abbrev  0x00003dcd      0x3da build/default/debug/_ext/1706628858/wdrv_winc_extcrypto.o
 .debug_abbrev  0x000041a7      0x48e build/default/debug/_ext/1706628858/wdrv_winc_mqtt.o
 .debug_abbrev  0x00004635      0x483 build/default/debug/_ext/1706628858/wdrv_winc_netif.o
 .debug_abbrev  0x00004ab8      0x42a build/default/debug/_ext/1706628858/wdrv_winc_ota.o
 .debug_abbrev  0x00004ee2      0x395 build/default/debug/_ext/1706628858/wdrv_winc_pps.o
 .debug_abbrev  0x00005277      0x43c build/default/debug/_ext/1706628858/wdrv_winc_nvm.o
 .debug_abbrev  0x000056b3      0x3a0 build/default/debug/_ext/1706628858/wdrv_winc_prov.o
 .debug_abbrev  0x00005a53      0x308 build/default/debug/_ext/1706628858/wdrv_winc_sntp.o
 .debug_abbrev  0x00005d5b      0x3a6 build/default/debug/_ext/1706628858/wdrv_winc_socket.o
 .debug_abbrev  0x00006101      0x424 build/default/debug/_ext/1706628858/wdrv_winc_softap.o
 .debug_abbrev  0x00006525      0x3ba build/default/debug/_ext/1706628858/wdrv_winc_sta.o
 .debug_abbrev  0x000068df      0x36b build/default/debug/_ext/1706628858/wdrv_winc_systime.o
 .debug_abbrev  0x00006c4a      0x3f7 build/default/debug/_ext/1706628858/wdrv_winc_tls.o
 .debug_abbrev  0x00007041      0x4df build/default/debug/_ext/1706628858/wdrv_winc_utils.o
 .debug_abbrev  0x00007520      0x467 build/default/debug/_ext/1706628858/wdrv_winc_wifi.o
 .debug_abbrev  0x00007987      0x1df build/default/debug/_ext/60163342/plib_adc.o
 .debug_abbrev  0x00007b66      0x142 build/default/debug/_ext/1984496892/plib_clock.o
 .debug_abbrev  0x00007ca8      0x2e8 build/default/debug/_ext/1865161661/plib_dmac.o
 .debug_abbrev  0x00007f90      0x19d build/default/debug/_ext/60167341/plib_eic.o
 .debug_abbrev  0x0000812d       0x46 build/default/debug/_ext/1986646378/plib_evsys.o
 .debug_abbrev  0x00008173      0x268 build/default/debug/_ext/1865468468/plib_nvic.o
 .debug_abbrev  0x000083db      0x1ee build/default/debug/_ext/1593096446/plib_nvmctrl.o
 .debug_abbrev  0x000085c9      0x106 build/default/debug/_ext/829342769/plib_pm.o
 .debug_abbrev  0x000086cf      0x1ea build/default/debug/_ext/1865521619/plib_port.o
 .debug_abbrev  0x000088b9       0x94 build/default/debug/_ext/1865585090/plib_rstc.o
 .debug_abbrev  0x0000894d      0x1a2 build/default/debug/_ext/60180175/plib_rtc_timer.o
 .debug_abbrev  0x00008aef      0x3c2 build/default/debug/_ext/508257091/plib_sercom2_i2c_master.o
 .debug_abbrev  0x00008eb1      0x3c2 build/default/debug/_ext/508257091/plib_sercom0_i2c_master.o
 .debug_abbrev  0x00009273      0x276 build/default/debug/_ext/17022449/plib_sercom1_spi_master.o
 .debug_abbrev  0x000094e9      0x167 build/default/debug/_ext/1865616679/plib_supc.o
 .debug_abbrev  0x00009650      0x236 build/default/debug/_ext/1827571544/plib_systick.o
 .debug_abbrev  0x00009886       0xed build/default/debug/_ext/60184501/plib_wdt.o
 .debug_abbrev  0x00009973      0x3d9 build/default/debug/_ext/1832805299/sys_console_usb_cdc.o
 .debug_abbrev  0x00009d4c      0x3da build/default/debug/_ext/1832805299/sys_console.o
 .debug_abbrev  0x0000a126      0x1a5 build/default/debug/_ext/944882569/sys_debug.o
 .debug_abbrev  0x0000a2cb      0x121 build/default/debug/_ext/14461671/sys_dma.o
 .debug_abbrev  0x0000a3ec      0x2b9 build/default/debug/_ext/1881668453/sys_int.o
 .debug_abbrev  0x0000a6a5      0x43b build/default/debug/_ext/1766557203/sys_wincs_net_service.o
 .debug_abbrev  0x0000aae0      0x536 build/default/debug/_ext/101884895/sys_time.o
 .debug_abbrev  0x0000b016      0x4ea build/default/debug/_ext/634868841/sys_wincs_wifi_service.o
 .debug_abbrev  0x0000b500      0x45a build/default/debug/_ext/308758920/usb_device.o
 .debug_abbrev  0x0000b95a      0x4f3 build/default/debug/_ext/308758920/usb_device_cdc.o
 .debug_abbrev  0x0000be4d      0x219 build/default/debug/_ext/308758920/usb_device_cdc_acm.o
 .debug_abbrev  0x0000c066      0x215 build/default/debug/_ext/1171490990/usb_device_init_data.o
 .debug_abbrev  0x0000c27b       0xdb build/default/debug/_ext/1171490990/tasks.o
 .debug_abbrev  0x0000c356      0x301 build/default/debug/_ext/1171490990/initialization.o
 .debug_abbrev  0x0000c657      0x130 build/default/debug/_ext/1171490990/interrupts.o
 .debug_abbrev  0x0000c787       0x49 build/default/debug/_ext/1171490990/exceptions.o
 .debug_abbrev  0x0000c7d0      0x12c build/default/debug/_ext/1171490990/startup_xc32.o
 .debug_abbrev  0x0000c8fc      0x2f9 build/default/debug/_ext/1360937237/wincs02_driver.o
 .debug_abbrev  0x0000cbf5      0x234 build/default/debug/_ext/1360937237/timer_driver.o
 .debug_abbrev  0x0000ce29      0x2b3 build/default/debug/_ext/1360937237/rtc_driver.o
 .debug_abbrev  0x0000d0dc      0x29d build/default/debug/_ext/1360937237/rstc_driver.o
 .debug_abbrev  0x0000d379      0x23a build/default/debug/_ext/1360937237/console_driver.o
 .debug_abbrev  0x0000d5b3      0x326 build/default/debug/_ext/1360937237/bmp585_driver.o
 .debug_abbrev  0x0000d8d9      0x2c8 build/default/debug/_ext/1360937237/battery_driver.o
 .debug_abbrev  0x0000dba1      0x223 build/default/debug/_ext/1360937237/app.o
 .debug_abbrev  0x0000ddc4       0xa2 build/default/debug/_ext/1360937237/main.o
 .debug_abbrev  0x0000de66      0x156 C:/Applications/Microchip/XC32/bin/bin/../../lib/gcc/pic32c/13.2.1/../../../../pic32c/lib/thumb/v8-m.base/nofp\libpic32c.a(data_init.o)
 .debug_abbrev  0x0000dfbc       0x96 C:/Applications/Microchip/XC32/bin/bin/../../lib/gcc/pic32c/13.2.1/../../../../pic32c/lib/thumb/v8-m.base/nofp\libc-size-musl.a(memcmp.o)
 .debug_abbrev  0x0000e052       0xbb C:/Applications/Microchip/XC32/bin/bin/../../lib/gcc/pic32c/13.2.1/../../../../pic32c/lib/thumb/v8-m.base/nofp\libc-size-musl.a(memcpy.o)
 .debug_abbrev  0x0000e10d       0xae C:/Applications/Microchip/XC32/bin/bin/../../lib/gcc/pic32c/13.2.1/../../../../pic32c/lib/thumb/v8-m.base/nofp\libc-size-musl.a(memmove.o)
 .debug_abbrev  0x0000e1bb       0xa2 C:/Applications/Microchip/XC32/bin/bin/../../lib/gcc/pic32c/13.2.1/../../../../pic32c/lib/thumb/v8-m.base/nofp\libc-size-musl.a(memset.o)
 .debug_abbrev  0x0000e25d       0x91 C:/Applications/Microchip/XC32/bin/bin/../../lib/gcc/pic32c/13.2.1/../../../../pic32c/lib/thumb/v8-m.base/nofp\libc-size-musl.a(strlen.o)
 .debug_abbrev  0x0000e2ee       0xa2 C:/Applications/Microchip/XC32/bin/bin/../../lib/gcc/pic32c/13.2.1/../../../../pic32c/lib/thumb/v8-m.base/nofp\libc-size-musl.a(strstr.o)
 .debug_abbrev  0x0000e390       0xb5 C:/Applications/Microchip/XC32/bin/bin/../../lib/gcc/pic32c/13.2.1/../../../../pic32c/lib/thumb/v8-m.base/nofp\libc-size-musl.a(strcpy.o)