Archive member included to satisfy reference by file (symbol)

C:/Applications/Microchip/XC32/bin/bin/../../lib/gcc/pic32c/13.2.1/../../../../pic32c/lib/thumb/v6-m/nofp\libpic32c.a(data_init.o)
                              build/default/production/_ext/1171490990/startup_xc32.o (__pic32c_data_initialization)
C:/Applications/Microchip/XC32/bin/bin/../../lib/gcc/pic32c/13.2.1/../../../../pic32c/lib/thumb/v6-m/nofp\libc-size-musl.a(memcpy.o)
                              build/default/production/_ext/1593096446/plib_nvmctrl.o (memcpy)
C:/Applications/Microchip/XC32/bin/bin/../../lib/gcc/pic32c/13.2.1/../../../../pic32c/lib/thumb/v6-m/nofp\libc-musl.a(__libc_start_main.o)
                              build/default/production/_ext/1171490990/startup_xc32.o (__libc_init_array)
C:/Applications/Microchip/XC32/bin/bin/../../lib/gcc/pic32c/13.2.1/../../../../pic32c/lib/thumb/v6-m/nofp\libc-musl.a(libc.o)
                              C:/Applications/Microchip/XC32/bin/bin/../../lib/gcc/pic32c/13.2.1/../../../../pic32c/lib/thumb/v6-m/nofp\libc-musl.a(__libc_start_main.o) (__progname_full)
C:/Applications/Microchip/XC32/bin/bin/../../lib/gcc/pic32c/13.2.1/../../../../pic32c/lib/thumb/v6-m/nofp\libc-musl.a(__environ.o)
                              C:/Applications/Microchip/XC32/bin/bin/../../lib/gcc/pic32c/13.2.1/../../../../pic32c/lib/thumb/v6-m/nofp\libc-musl.a(__libc_start_main.o) (__environ)
C:/Applications/Microchip/XC32/bin/bin/../../lib/gcc/pic32c/13.2.1/../../../../pic32c/lib/thumb/v6-m/nofp\libpic32c.a(pic32_data_init_clear.o)
                              (__dinit_clear_needed)
C:/Applications/Microchip/XC32/bin/bin/../../lib/gcc/pic32c/13.2.1/../../../../pic32c/lib/thumb/v6-m/nofp\libpic32c.a(pic32_data_init_copy.o)
                              (__dinit_copy_needed)

Microchip PIC32 Memory-Usage Report

ROM Program-Memory Usage
section                    address  length [bytes]      (dec)  Description
-------                 ----------  -------------------------  -----------
.vectors                         0           0xc0         192   
.text                         0xc0           0x20          32  App's exec code 
.text.Reset_Handler           0xe0           0xd0         208   
.text.CLOCK_Initialize       0x1b0           0x64         100   
.text.__libc_start_init      0x214           0x5c          92   
.text                        0x270           0x48          72  App's exec code 
.text.RTC_Initialize         0x2b8           0x44          68   
.text.__pic32c_data_ini      0x2fc           0x38          56   
.text.RTC_InterruptHand      0x334           0x30          48   
.dinit                       0x364           0x30          48   
.text.NVIC_Initialize        0x394           0x28          40   
.text.SYS_Initialize         0x3bc           0x28          40   
.text.__dinit_copy           0x3e4           0x1e          30   
.text.EVSYS_Initialize       0x402            0x2           2   
.text.main                   0x404           0x1c          28   
.text.RTC_Timer32Start       0x420           0x1c          28   
.text.PORT_Initialize        0x43c           0x16          22   
.text.Dummy_Handler          0x452            0x2           2   
.rodata                      0x454           0x14          20  Read-only const 
.text.__dinit_clear          0x468           0x12          18   
.text.RTC_Alarm_Callbac      0x47a           0x10          16   
.text.NonMaskableInt_Ha      0x48a            0x2           2   
.text.NVMCTRL_Initializ      0x48c            0xc          12   
.text.RTC_Timer32Callba      0x498            0xc          12   
.text.__dummy_decompres      0x4a4            0x4           4   
.text.HardFault_Handler      0x4a8            0x2           2   
.text.Dummy_App_Func         0x4aa            0x2           2   
.text.__dummy_init_tls       0x4ac            0x2           2   
.text.__dummy                0x4ae            0x2           2   
      Total ROM used  :       0x4b0        1200  0.2% of 0x80000
        --------------------------------------------------------------------------
         Total Program Memory used  :       0x4b0        1200  0.2% of 0x80000
        --------------------------------------------------------------------------


RAM Data-Memory Usage
section                    address  length [bytes]      (dec)  Description
-------                 ----------  -------------------------  -----------
.bss                    0x20000000           0x50          80  Uninitialized data 
.bss                    0x20000050           0x1c          28  Uninitialized data 
.bss.rtcObj             0x2000006c            0xc          12   
.bss                    0x20000078            0x4           4  Uninitialized data 
.bss                    0x2000007c            0x4           4  Uninitialized data 
         Total RAM used  :        0x80         128  0.2% of 0x10000
        --------------------------------------------------------------------------
            Total Data Memory used  :        0x80         128  0.2% of 0x10000
        --------------------------------------------------------------------------


Dynamic Data-Memory Reservation
section                    address  length [bytes]      (dec)  Description
-------                 ----------  -------------------------  -----------
heap                    0x20000088         0x1000        4096  Reserved for heap 
stack                   0x200010a0         0xef58       61272  Reserved for stack 

        --------------------------------------------------------------------------

Microchip PIC32 Memory-Usage Report By Module

        text        data         bss         dec         hex    basename                   filename
--------------------------------------------------------------------------------
         210           0           0         210          d2    startup_xc32.o         build/default/production/_ext/1171490990/startup_xc32.o
         194           0           0         194          c2    interrupts.o           build/default/production/_ext/1171490990/interrupts.o
         156           0          12         168          a8    plib_rtc_timer.o       build/default/production/_ext/60180175/plib_rtc_timer.o
          72           8          28         108          6c    crtbegin.o             C:/Applications/Microchip/XC32/bin/bin/../../lib/gcc/pic32c/13.2.1/thumb/v6-m/nofp/crtbegin.o
         100           0           0         100          64    plib_clock.o           build/default/production/_ext/1984496892/plib_clock.o
          94           0           0          94          5e    __libc_start_main.o    libc-musl.a
          82           0           4          86          56    data_init.o            libpic32c.a
           0           0          80          80          50    libc.o                 libc-musl.a
          48           0           0          48          30    data_init              data_init
          48           0           0          48          30    initialization.o       build/default/production/_ext/1171490990/initialization.o
          44           0           0          44          2c    main.o                 build/default/production/_ext/1360937237/main.o
          40           0           0          40          28    plib_nvic.o            build/default/production/_ext/1865468468/plib_nvic.o
          30           0           0          30          1e    pic32_data_init_copy.o libpic32c.a
          22           0           0          22          16    plib_port.o            build/default/production/_ext/1865521619/plib_port.o
          18           0           0          18          12    pic32_data_init_clear.olibpic32c.a
          16           0           0          16          10    crtn.o                 C:/Applications/Microchip/XC32/bin/bin/../../lib/gcc/pic32c/13.2.1/thumb/v6-m/nofp/crtn.o
          12           0           0          12           c    plib_nvmctrl.o         build/default/production/_ext/1593096446/plib_nvmctrl.o
           8           0           0           8           8    crti.o                 C:/Applications/Microchip/XC32/bin/bin/../../lib/gcc/pic32c/13.2.1/thumb/v6-m/nofp/crti.o
           0           0           4           4           4    __environ.o            libc-musl.a
           4           0           0           4           4    exceptions.o           build/default/production/_ext/1171490990/exceptions.o
           2           0           0           2           2    plib_evsys.o           build/default/production/_ext/1986646378/plib_evsys.o
--------------------------------------------------------------------------------
        1200           8         128        1336         538    dist/default/production/RTC_TEST.X.production.elf


Discarded input sections

 .text          0x00000000        0x0 C:/Applications/Microchip/XC32/bin/bin/../../lib/gcc/pic32c/13.2.1/thumb/v6-m/nofp/crti.o
 .data          0x00000000        0x0 C:/Applications/Microchip/XC32/bin/bin/../../lib/gcc/pic32c/13.2.1/thumb/v6-m/nofp/crti.o
 .bss           0x00000000        0x0 C:/Applications/Microchip/XC32/bin/bin/../../lib/gcc/pic32c/13.2.1/thumb/v6-m/nofp/crti.o
 .xc_stack_usage.hdr
                0x00000000        0xe C:/Applications/Microchip/XC32/bin/bin/../../lib/gcc/pic32c/13.2.1/thumb/v6-m/nofp/crti.o
 .xc_stack_usage
                0x00000000       0x26 C:/Applications/Microchip/XC32/bin/bin/../../lib/gcc/pic32c/13.2.1/thumb/v6-m/nofp/crti.o
 .data          0x00000000        0x4 C:/Applications/Microchip/XC32/bin/bin/../../lib/gcc/pic32c/13.2.1/thumb/v6-m/nofp/crtbegin.o
 .rodata        0x00000000       0x24 C:/Applications/Microchip/XC32/bin/bin/../../lib/gcc/pic32c/13.2.1/thumb/v6-m/nofp/crtbegin.o
 .xc_stack_usage
                0x00000000       0x3c C:/Applications/Microchip/XC32/bin/bin/../../lib/gcc/pic32c/13.2.1/thumb/v6-m/nofp/crtbegin.o
 .xc_stack_usage.hdr
                0x00000000        0xe C:/Applications/Microchip/XC32/bin/bin/../../lib/gcc/pic32c/13.2.1/thumb/v6-m/nofp/crtbegin.o
 .text          0x00000000        0x0 build/default/production/_ext/1984496892/plib_clock.o
 .data          0x00000000        0x0 build/default/production/_ext/1984496892/plib_clock.o
 .bss           0x00000000        0x0 build/default/production/_ext/1984496892/plib_clock.o
 .text          0x00000000        0x0 build/default/production/_ext/1986646378/plib_evsys.o
 .data          0x00000000        0x0 build/default/production/_ext/1986646378/plib_evsys.o
 .bss           0x00000000        0x0 build/default/production/_ext/1986646378/plib_evsys.o
 .text          0x00000000        0x0 build/default/production/_ext/1865468468/plib_nvic.o
 .data          0x00000000        0x0 build/default/production/_ext/1865468468/plib_nvic.o
 .bss           0x00000000        0x0 build/default/production/_ext/1865468468/plib_nvic.o
 .text.NVIC_INT_Enable
                0x00000000        0x8 build/default/production/_ext/1865468468/plib_nvic.o
 .text.NVIC_INT_Disable
                0x00000000       0x12 build/default/production/_ext/1865468468/plib_nvic.o
 .text.NVIC_INT_Restore
                0x00000000       0x14 build/default/production/_ext/1865468468/plib_nvic.o
 .text.NVIC_INT_SourceDisable
                0x00000000       0x3c build/default/production/_ext/1865468468/plib_nvic.o
 .text.NVIC_INT_SourceRestore
                0x00000000       0x1c build/default/production/_ext/1865468468/plib_nvic.o
 .text          0x00000000        0x0 build/default/production/_ext/1593096446/plib_nvmctrl.o
 .data          0x00000000        0x0 build/default/production/_ext/1593096446/plib_nvmctrl.o
 .bss           0x00000000        0x0 build/default/production/_ext/1593096446/plib_nvmctrl.o
 .text.NVMCTRL_CacheInvalidate
                0x00000000       0x10 build/default/production/_ext/1593096446/plib_nvmctrl.o
 .text.NVMCTRL_DATA_FLASH_Read
                0x00000000       0x10 build/default/production/_ext/1593096446/plib_nvmctrl.o
 .text.NVMCTRL_DATA_FLASH_PageWrite
                0x00000000       0x28 build/default/production/_ext/1593096446/plib_nvmctrl.o
 .text.NVMCTRL_DATA_FLASH_RowErase
                0x00000000       0x18 build/default/production/_ext/1593096446/plib_nvmctrl.o
 .text.NVMCTRL_Read
                0x00000000       0x10 build/default/production/_ext/1593096446/plib_nvmctrl.o
 .text.NVMCTRL_PageBufferWrite
                0x00000000       0x16 build/default/production/_ext/1593096446/plib_nvmctrl.o
 .text.NVMCTRL_PageBufferCommit
                0x00000000       0x2c build/default/production/_ext/1593096446/plib_nvmctrl.o
 .text.NVMCTRL_PageWrite
                0x00000000       0x28 build/default/production/_ext/1593096446/plib_nvmctrl.o
 .text.NVMCTRL_RowErase
                0x00000000       0x18 build/default/production/_ext/1593096446/plib_nvmctrl.o
 .text.NVMCTRL_USER_ROW_PageWrite
                0x00000000       0x38 build/default/production/_ext/1593096446/plib_nvmctrl.o
 .text.NVMCTRL_USER_ROW_RowErase
                0x00000000       0x2c build/default/production/_ext/1593096446/plib_nvmctrl.o
 .text.NVMCTRL_ErrorGet
                0x00000000       0x28 build/default/production/_ext/1593096446/plib_nvmctrl.o
 .text.NVMCTRL_IsBusy
                0x00000000       0x14 build/default/production/_ext/1593096446/plib_nvmctrl.o
 .text.NVMCTRL_RegionLock
                0x00000000       0x14 build/default/production/_ext/1593096446/plib_nvmctrl.o
 .text.NVMCTRL_RegionUnlock
                0x00000000       0x14 build/default/production/_ext/1593096446/plib_nvmctrl.o
 .text.NVMCTRL_InterruptFlagGet
                0x00000000       0x14 build/default/production/_ext/1593096446/plib_nvmctrl.o
 .text.NVMCTRL_SecurityBitSet
                0x00000000       0x10 build/default/production/_ext/1593096446/plib_nvmctrl.o
 .text.NVMCTRL_ChipEraseHardLockSet
                0x00000000       0x10 build/default/production/_ext/1593096446/plib_nvmctrl.o
 .text          0x00000000        0x0 build/default/production/_ext/1865521619/plib_port.o
 .data          0x00000000        0x0 build/default/production/_ext/1865521619/plib_port.o
 .bss           0x00000000        0x0 build/default/production/_ext/1865521619/plib_port.o
 .text.PORT_GroupRead
                0x00000000        0x4 build/default/production/_ext/1865521619/plib_port.o
 .text.PORT_GroupWrite
                0x00000000        0xc build/default/production/_ext/1865521619/plib_port.o
 .text.PORT_GroupLatchRead
                0x00000000        0x4 build/default/production/_ext/1865521619/plib_port.o
 .text.PORT_GroupSet
                0x00000000        0x4 build/default/production/_ext/1865521619/plib_port.o
 .text.PORT_GroupClear
                0x00000000        0x4 build/default/production/_ext/1865521619/plib_port.o
 .text.PORT_GroupToggle
                0x00000000        0x4 build/default/production/_ext/1865521619/plib_port.o
 .text.PORT_GroupInputEnable
                0x00000000       0x2a build/default/production/_ext/1865521619/plib_port.o
 .text.PORT_GroupOutputEnable
                0x00000000        0x4 build/default/production/_ext/1865521619/plib_port.o
 .text.PORT_PinPeripheralFunctionConfig
                0x00000000       0x48 build/default/production/_ext/1865521619/plib_port.o
 .text.PORT_PinGPIOConfig
                0x00000000       0x1e build/default/production/_ext/1865521619/plib_port.o
 .text          0x00000000        0x0 build/default/production/_ext/163028504/xc32_monitor.o
 .data          0x00000000        0x0 build/default/production/_ext/163028504/xc32_monitor.o
 .bss           0x00000000        0x0 build/default/production/_ext/163028504/xc32_monitor.o
 .text.read     0x00000000        0x6 build/default/production/_ext/163028504/xc32_monitor.o
 .text.write    0x00000000        0x6 build/default/production/_ext/163028504/xc32_monitor.o
 .debug_info    0x00000000       0xf5 build/default/production/_ext/163028504/xc32_monitor.o
 .debug_abbrev  0x00000000       0xb2 build/default/production/_ext/163028504/xc32_monitor.o
 .debug_loc     0x00000000       0x56 build/default/production/_ext/163028504/xc32_monitor.o
 .debug_aranges
                0x00000000       0x28 build/default/production/_ext/163028504/xc32_monitor.o
 .debug_ranges  0x00000000       0x18 build/default/production/_ext/163028504/xc32_monitor.o
 .debug_line    0x00000000       0xd2 build/default/production/_ext/163028504/xc32_monitor.o
 .debug_str     0x00000000      0x2a7 build/default/production/_ext/163028504/xc32_monitor.o
 .comment       0x00000000       0x36 build/default/production/_ext/163028504/xc32_monitor.o
 .debug_frame   0x00000000       0x30 build/default/production/_ext/163028504/xc32_monitor.o
 .ARM.attributes
                0x00000000       0x2c build/default/production/_ext/163028504/xc32_monitor.o
 .text          0x00000000        0x0 build/default/production/_ext/1171490990/initialization.o
 .data          0x00000000        0x0 build/default/production/_ext/1171490990/initialization.o
 .bss           0x00000000        0x0 build/default/production/_ext/1171490990/initialization.o
 .text          0x00000000        0x0 build/default/production/_ext/1171490990/interrupts.o
 .data          0x00000000        0x0 build/default/production/_ext/1171490990/interrupts.o
 .bss           0x00000000        0x0 build/default/production/_ext/1171490990/interrupts.o
 .text          0x00000000        0x0 build/default/production/_ext/1171490990/exceptions.o
 .data          0x00000000        0x0 build/default/production/_ext/1171490990/exceptions.o
 .bss           0x00000000        0x0 build/default/production/_ext/1171490990/exceptions.o
 .text          0x00000000        0x0 build/default/production/_ext/1171490990/startup_xc32.o
 .data          0x00000000        0x0 build/default/production/_ext/1171490990/startup_xc32.o
 .bss           0x00000000        0x0 build/default/production/_ext/1171490990/startup_xc32.o
 .text          0x00000000        0x0 build/default/production/_ext/1171490990/libc_syscalls.o
 .data          0x00000000        0x0 build/default/production/_ext/1171490990/libc_syscalls.o
 .bss           0x00000000        0x0 build/default/production/_ext/1171490990/libc_syscalls.o
 .text._exit    0x00000000        0x2 build/default/production/_ext/1171490990/libc_syscalls.o
 .debug_info    0x00000000       0xaa build/default/production/_ext/1171490990/libc_syscalls.o
 .debug_abbrev  0x00000000       0x5d build/default/production/_ext/1171490990/libc_syscalls.o
 .debug_loc     0x00000000       0x15 build/default/production/_ext/1171490990/libc_syscalls.o
 .debug_aranges
                0x00000000       0x20 build/default/production/_ext/1171490990/libc_syscalls.o
 .debug_ranges  0x00000000       0x10 build/default/production/_ext/1171490990/libc_syscalls.o
 .debug_line    0x00000000       0x5e build/default/production/_ext/1171490990/libc_syscalls.o
 .debug_str     0x00000000      0x2db build/default/production/_ext/1171490990/libc_syscalls.o
 .comment       0x00000000       0x36 build/default/production/_ext/1171490990/libc_syscalls.o
 .debug_frame   0x00000000       0x20 build/default/production/_ext/1171490990/libc_syscalls.o
 .ARM.attributes
                0x00000000       0x2c build/default/production/_ext/1171490990/libc_syscalls.o
 .text          0x00000000        0x0 build/default/production/_ext/1360937237/main.o
 .data          0x00000000        0x0 build/default/production/_ext/1360937237/main.o
 .bss           0x00000000        0x0 build/default/production/_ext/1360937237/main.o
 .text          0x00000000        0x0 build/default/production/_ext/60180175/plib_rtc_timer.o
 .data          0x00000000        0x0 build/default/production/_ext/60180175/plib_rtc_timer.o
 .bss           0x00000000        0x0 build/default/production/_ext/60180175/plib_rtc_timer.o
 .text.RTC_Timer32CountSyncEnable
                0x00000000       0x1c build/default/production/_ext/60180175/plib_rtc_timer.o
 .text.RTC_Timer32CountSyncDisable
                0x00000000       0x1c build/default/production/_ext/60180175/plib_rtc_timer.o
 .text.RTC_Timer32Stop
                0x00000000       0x1c build/default/production/_ext/60180175/plib_rtc_timer.o
 .text.RTC_Timer32CounterSet
                0x00000000       0x14 build/default/production/_ext/60180175/plib_rtc_timer.o
 .text.RTC_Timer32CompareSet
                0x00000000       0x14 build/default/production/_ext/60180175/plib_rtc_timer.o
 .text.RTC_Timer32CounterGet
                0x00000000       0x34 build/default/production/_ext/60180175/plib_rtc_timer.o
 .text.RTC_Timer32PeriodGet
                0x00000000        0x6 build/default/production/_ext/60180175/plib_rtc_timer.o
 .text.RTC_Timer32FrequencyGet
                0x00000000        0x4 build/default/production/_ext/60180175/plib_rtc_timer.o
 .text.RTC_Timer32InterruptEnable
                0x00000000        0xc build/default/production/_ext/60180175/plib_rtc_timer.o
 .text.RTC_Timer32InterruptDisable
                0x00000000        0xc build/default/production/_ext/60180175/plib_rtc_timer.o
 .text          0x00000000        0x0 C:/Applications/Microchip/XC32/bin/bin/../../lib/gcc/pic32c/13.2.1/../../../../pic32c/lib/thumb/v6-m/nofp\libpic32c.a(data_init.o)
 .data          0x00000000        0x0 C:/Applications/Microchip/XC32/bin/bin/../../lib/gcc/pic32c/13.2.1/../../../../pic32c/lib/thumb/v6-m/nofp\libpic32c.a(data_init.o)
 .xc_stack_usage
                0x00000000       0x68 C:/Applications/Microchip/XC32/bin/bin/../../lib/gcc/pic32c/13.2.1/../../../../pic32c/lib/thumb/v6-m/nofp\libpic32c.a(data_init.o)
 .xc_stack_usage.hdr
                0x00000000        0xe C:/Applications/Microchip/XC32/bin/bin/../../lib/gcc/pic32c/13.2.1/../../../../pic32c/lib/thumb/v6-m/nofp\libpic32c.a(data_init.o)
 .text          0x00000000        0x0 C:/Applications/Microchip/XC32/bin/bin/../../lib/gcc/pic32c/13.2.1/../../../../pic32c/lib/thumb/v6-m/nofp\libc-size-musl.a(memcpy.o)
 .data          0x00000000        0x0 C:/Applications/Microchip/XC32/bin/bin/../../lib/gcc/pic32c/13.2.1/../../../../pic32c/lib/thumb/v6-m/nofp\libc-size-musl.a(memcpy.o)
 .bss           0x00000000        0x0 C:/Applications/Microchip/XC32/bin/bin/../../lib/gcc/pic32c/13.2.1/../../../../pic32c/lib/thumb/v6-m/nofp\libc-size-musl.a(memcpy.o)
 .xc_stack_usage
                0x00000000       0x14 C:/Applications/Microchip/XC32/bin/bin/../../lib/gcc/pic32c/13.2.1/../../../../pic32c/lib/thumb/v6-m/nofp\libc-size-musl.a(memcpy.o)
 .text.memcpy   0x00000000       0x14 C:/Applications/Microchip/XC32/bin/bin/../../lib/gcc/pic32c/13.2.1/../../../../pic32c/lib/thumb/v6-m/nofp\libc-size-musl.a(memcpy.o)
 .xc_stack_usage.hdr
                0x00000000        0xe C:/Applications/Microchip/XC32/bin/bin/../../lib/gcc/pic32c/13.2.1/../../../../pic32c/lib/thumb/v6-m/nofp\libc-size-musl.a(memcpy.o)
 .debug_info    0x00000000       0xed C:/Applications/Microchip/XC32/bin/bin/../../lib/gcc/pic32c/13.2.1/../../../../pic32c/lib/thumb/v6-m/nofp\libc-size-musl.a(memcpy.o)
 .debug_abbrev  0x00000000       0xbb C:/Applications/Microchip/XC32/bin/bin/../../lib/gcc/pic32c/13.2.1/../../../../pic32c/lib/thumb/v6-m/nofp\libc-size-musl.a(memcpy.o)
 .debug_loc     0x00000000      0x12d C:/Applications/Microchip/XC32/bin/bin/../../lib/gcc/pic32c/13.2.1/../../../../pic32c/lib/thumb/v6-m/nofp\libc-size-musl.a(memcpy.o)
 .debug_aranges
                0x00000000       0x20 C:/Applications/Microchip/XC32/bin/bin/../../lib/gcc/pic32c/13.2.1/../../../../pic32c/lib/thumb/v6-m/nofp\libc-size-musl.a(memcpy.o)
 .debug_ranges  0x00000000       0x10 C:/Applications/Microchip/XC32/bin/bin/../../lib/gcc/pic32c/13.2.1/../../../../pic32c/lib/thumb/v6-m/nofp\libc-size-musl.a(memcpy.o)
 .debug_line    0x00000000      0x16c C:/Applications/Microchip/XC32/bin/bin/../../lib/gcc/pic32c/13.2.1/../../../../pic32c/lib/thumb/v6-m/nofp\libc-size-musl.a(memcpy.o)
 .debug_str     0x00000000      0x238 C:/Applications/Microchip/XC32/bin/bin/../../lib/gcc/pic32c/13.2.1/../../../../pic32c/lib/thumb/v6-m/nofp\libc-size-musl.a(memcpy.o)
 .comment       0x00000000       0x36 C:/Applications/Microchip/XC32/bin/bin/../../lib/gcc/pic32c/13.2.1/../../../../pic32c/lib/thumb/v6-m/nofp\libc-size-musl.a(memcpy.o)
 .note.GNU-stack
                0x00000000        0x0 C:/Applications/Microchip/XC32/bin/bin/../../lib/gcc/pic32c/13.2.1/../../../../pic32c/lib/thumb/v6-m/nofp\libc-size-musl.a(memcpy.o)
 .debug_frame   0x00000000       0x28 C:/Applications/Microchip/XC32/bin/bin/../../lib/gcc/pic32c/13.2.1/../../../../pic32c/lib/thumb/v6-m/nofp\libc-size-musl.a(memcpy.o)
 .ARM.attributes
                0x00000000       0x2e C:/Applications/Microchip/XC32/bin/bin/../../lib/gcc/pic32c/13.2.1/../../../../pic32c/lib/thumb/v6-m/nofp\libc-size-musl.a(memcpy.o)
 .text          0x00000000        0x0 C:/Applications/Microchip/XC32/bin/bin/../../lib/gcc/pic32c/13.2.1/../../../../pic32c/lib/thumb/v6-m/nofp\libc-musl.a(__libc_start_main.o)
 .data          0x00000000        0x0 C:/Applications/Microchip/XC32/bin/bin/../../lib/gcc/pic32c/13.2.1/../../../../pic32c/lib/thumb/v6-m/nofp\libc-musl.a(__libc_start_main.o)
 .bss           0x00000000        0x0 C:/Applications/Microchip/XC32/bin/bin/../../lib/gcc/pic32c/13.2.1/../../../../pic32c/lib/thumb/v6-m/nofp\libc-musl.a(__libc_start_main.o)
 .xc_stack_usage
                0x00000000       0x34 C:/Applications/Microchip/XC32/bin/bin/../../lib/gcc/pic32c/13.2.1/../../../../pic32c/lib/thumb/v6-m/nofp\libc-musl.a(__libc_start_main.o)
 .xc_stack_usage.hdr
                0x00000000        0xe C:/Applications/Microchip/XC32/bin/bin/../../lib/gcc/pic32c/13.2.1/../../../../pic32c/lib/thumb/v6-m/nofp\libc-musl.a(__libc_start_main.o)
 .text          0x00000000        0x0 C:/Applications/Microchip/XC32/bin/bin/../../lib/gcc/pic32c/13.2.1/../../../../pic32c/lib/thumb/v6-m/nofp\libc-musl.a(libc.o)
 .data          0x00000000        0x0 C:/Applications/Microchip/XC32/bin/bin/../../lib/gcc/pic32c/13.2.1/../../../../pic32c/lib/thumb/v6-m/nofp\libc-musl.a(libc.o)
 .xc_stack_usage.hdr
                0x00000000        0xe C:/Applications/Microchip/XC32/bin/bin/../../lib/gcc/pic32c/13.2.1/../../../../pic32c/lib/thumb/v6-m/nofp\libc-musl.a(libc.o)
 .text          0x00000000        0x0 C:/Applications/Microchip/XC32/bin/bin/../../lib/gcc/pic32c/13.2.1/../../../../pic32c/lib/thumb/v6-m/nofp\libc-musl.a(__environ.o)
 .data          0x00000000        0x0 C:/Applications/Microchip/XC32/bin/bin/../../lib/gcc/pic32c/13.2.1/../../../../pic32c/lib/thumb/v6-m/nofp\libc-musl.a(__environ.o)
 .xc_stack_usage.hdr
                0x00000000        0xe C:/Applications/Microchip/XC32/bin/bin/../../lib/gcc/pic32c/13.2.1/../../../../pic32c/lib/thumb/v6-m/nofp\libc-musl.a(__environ.o)
 .text          0x00000000        0x0 C:/Applications/Microchip/XC32/bin/bin/../../lib/gcc/pic32c/13.2.1/thumb/v6-m/nofp/crtend.o
 .data          0x00000000        0x0 C:/Applications/Microchip/XC32/bin/bin/../../lib/gcc/pic32c/13.2.1/thumb/v6-m/nofp/crtend.o
 .bss           0x00000000        0x0 C:/Applications/Microchip/XC32/bin/bin/../../lib/gcc/pic32c/13.2.1/thumb/v6-m/nofp/crtend.o
 .rodata        0x00000000       0x24 C:/Applications/Microchip/XC32/bin/bin/../../lib/gcc/pic32c/13.2.1/thumb/v6-m/nofp/crtend.o
 .eh_frame      0x00000000        0x4 C:/Applications/Microchip/XC32/bin/bin/../../lib/gcc/pic32c/13.2.1/thumb/v6-m/nofp/crtend.o
 .xc_stack_usage.hdr
                0x00000000        0xe C:/Applications/Microchip/XC32/bin/bin/../../lib/gcc/pic32c/13.2.1/thumb/v6-m/nofp/crtend.o
 .comment       0x00000000       0x36 C:/Applications/Microchip/XC32/bin/bin/../../lib/gcc/pic32c/13.2.1/thumb/v6-m/nofp/crtend.o
 .ARM.attributes
                0x00000000       0x2c C:/Applications/Microchip/XC32/bin/bin/../../lib/gcc/pic32c/13.2.1/thumb/v6-m/nofp/crtend.o
 .text          0x00000000        0x0 C:/Applications/Microchip/XC32/bin/bin/../../lib/gcc/pic32c/13.2.1/thumb/v6-m/nofp/crtn.o
 .data          0x00000000        0x0 C:/Applications/Microchip/XC32/bin/bin/../../lib/gcc/pic32c/13.2.1/thumb/v6-m/nofp/crtn.o
 .bss           0x00000000        0x0 C:/Applications/Microchip/XC32/bin/bin/../../lib/gcc/pic32c/13.2.1/thumb/v6-m/nofp/crtn.o
 .xc_stack_usage.hdr
                0x00000000        0xe C:/Applications/Microchip/XC32/bin/bin/../../lib/gcc/pic32c/13.2.1/thumb/v6-m/nofp/crtn.o
 .text          0x00000000        0x0 C:/Applications/Microchip/XC32/bin/bin/../../lib/gcc/pic32c/13.2.1/../../../../pic32c/lib/thumb/v6-m/nofp\libpic32c.a(pic32_data_init_clear.o)
 .data          0x00000000        0x0 C:/Applications/Microchip/XC32/bin/bin/../../lib/gcc/pic32c/13.2.1/../../../../pic32c/lib/thumb/v6-m/nofp\libpic32c.a(pic32_data_init_clear.o)
 .bss           0x00000000        0x0 C:/Applications/Microchip/XC32/bin/bin/../../lib/gcc/pic32c/13.2.1/../../../../pic32c/lib/thumb/v6-m/nofp\libpic32c.a(pic32_data_init_clear.o)
 .xc_stack_usage
                0x00000000       0x1b C:/Applications/Microchip/XC32/bin/bin/../../lib/gcc/pic32c/13.2.1/../../../../pic32c/lib/thumb/v6-m/nofp\libpic32c.a(pic32_data_init_clear.o)
 .xc_stack_usage.hdr
                0x00000000        0xe C:/Applications/Microchip/XC32/bin/bin/../../lib/gcc/pic32c/13.2.1/../../../../pic32c/lib/thumb/v6-m/nofp\libpic32c.a(pic32_data_init_clear.o)
 .text          0x00000000        0x0 C:/Applications/Microchip/XC32/bin/bin/../../lib/gcc/pic32c/13.2.1/../../../../pic32c/lib/thumb/v6-m/nofp\libpic32c.a(pic32_data_init_copy.o)
 .data          0x00000000        0x0 C:/Applications/Microchip/XC32/bin/bin/../../lib/gcc/pic32c/13.2.1/../../../../pic32c/lib/thumb/v6-m/nofp\libpic32c.a(pic32_data_init_copy.o)
 .bss           0x00000000        0x0 C:/Applications/Microchip/XC32/bin/bin/../../lib/gcc/pic32c/13.2.1/../../../../pic32c/lib/thumb/v6-m/nofp\libpic32c.a(pic32_data_init_copy.o)
 .xc_stack_usage
                0x00000000       0x1a C:/Applications/Microchip/XC32/bin/bin/../../lib/gcc/pic32c/13.2.1/../../../../pic32c/lib/thumb/v6-m/nofp\libpic32c.a(pic32_data_init_copy.o)
 .xc_stack_usage.hdr
                0x00000000        0xe C:/Applications/Microchip/XC32/bin/bin/../../lib/gcc/pic32c/13.2.1/../../../../pic32c/lib/thumb/v6-m/nofp\libpic32c.a(pic32_data_init_copy.o)

Memory Configuration

Name             Origin             Length             Attributes
rom              0x00000000         0x00080000         xrl
ram              0x20000000         0x00010000         xw!r
config_00804000  0x00804000         0x00000004
config_00804004  0x00804004         0x00000004
*default*        0x00000000         0xffffffff

Linker script and memory map

LOAD C:/Applications/Microchip/XC32/bin/bin/../../lib/gcc/pic32c/13.2.1/thumb/v6-m/nofp/crti.o
LOAD C:/Applications/Microchip/XC32/bin/bin/../../lib/gcc/pic32c/13.2.1/thumb/v6-m/nofp/crtbegin.o
LOAD build/default/production/_ext/1984496892/plib_clock.o
LOAD build/default/production/_ext/1986646378/plib_evsys.o
LOAD build/default/production/_ext/1865468468/plib_nvic.o
LOAD build/default/production/_ext/1593096446/plib_nvmctrl.o
LOAD build/default/production/_ext/1865521619/plib_port.o
LOAD build/default/production/_ext/163028504/xc32_monitor.o
LOAD build/default/production/_ext/1171490990/initialization.o
LOAD build/default/production/_ext/1171490990/interrupts.o
LOAD build/default/production/_ext/1171490990/exceptions.o
LOAD build/default/production/_ext/1171490990/startup_xc32.o
LOAD build/default/production/_ext/1171490990/libc_syscalls.o
LOAD build/default/production/_ext/1360937237/main.o
LOAD build/default/production/_ext/60180175/plib_rtc_timer.o
                0x00000001                        __MPLAB_BUILD = 0x1
                0x00080000                        __rom_end = (ORIGIN (rom) + LENGTH (rom))
                0x20010000                        __ram_end = (ORIGIN (ram) + LENGTH (ram))

.config_00804000
                0x00804000        0x4
 *(.config_00804000)
 .config_00804000
                0x00804000        0x4 build/default/production/_ext/1171490990/initialization.o
                0x00804000                __config_00804000

.config_00804004
                0x00804004        0x4
 *(.config_00804004)
 .config_00804004
                0x00804004        0x4 build/default/production/_ext/1171490990/initialization.o
                0x00804004                __config_00804004

.vectors        0x00000000       0xc0
                0x00000000                        . = ALIGN (0x4)
                0x00000000                        _sfixed = .
 *(.vectors .vectors.* .vectors_default .vectors_default.*)
 .vectors       0x00000000       0xc0 build/default/production/_ext/1171490990/interrupts.o
                0x00000000                exception_table
 *(.isr_vector)
 *(.reset*)
 *(.after_vectors)

.text           0x000000c0       0x20
                0x000000c0                        . = ALIGN (0x4)
 *(.glue_7t)
 .glue_7t       0x000000c0        0x0 linker stubs
 *(.glue_7)
 .glue_7        0x000000c0        0x0 linker stubs
 *(.gnu.linkonce.r.*)
 *(.ARM.extab* .gnu.linkonce.armextab.*)
                0x000000c0                        . = ALIGN (0x4)
 *(.init)
 .init          0x000000c0        0x4 C:/Applications/Microchip/XC32/bin/bin/../../lib/gcc/pic32c/13.2.1/thumb/v6-m/nofp/crti.o
                0x000000c0                _init
 .init          0x000000c4        0x8 C:/Applications/Microchip/XC32/bin/bin/../../lib/gcc/pic32c/13.2.1/thumb/v6-m/nofp/crtn.o
                0x000000cc                        . = ALIGN (0x4)
                0x000000cc                        __preinit_array_start = .
 *(.preinit_array)
                0x000000cc                        __preinit_array_end = .
                0x000000cc                        . = ALIGN (0x4)
                0x000000cc                        __init_array_start = .
 *(SORT_BY_NAME(.init_array.*))
 *(.init_array)
 .init_array    0x000000cc        0x4 C:/Applications/Microchip/XC32/bin/bin/../../lib/gcc/pic32c/13.2.1/thumb/v6-m/nofp/crtbegin.o
                0x000000d0                        __init_array_end = .
                0x000000d0                        . = ALIGN (0x4)
 *crtbegin.o(.ctors)
 *(EXCLUDE_FILE(*crtend.o) .ctors)
 *(SORT_BY_NAME(.ctors.*))
 *crtend.o(.ctors)
                0x000000d0                        . = ALIGN (0x4)
 *(.fini)
 .fini          0x000000d0        0x4 C:/Applications/Microchip/XC32/bin/bin/../../lib/gcc/pic32c/13.2.1/thumb/v6-m/nofp/crti.o
                0x000000d0                _fini
 .fini          0x000000d4        0x8 C:/Applications/Microchip/XC32/bin/bin/../../lib/gcc/pic32c/13.2.1/thumb/v6-m/nofp/crtn.o
                0x000000dc                        . = ALIGN (0x4)
                0x000000dc                        __fini_array_start = .
 *(.fini_array)
 .fini_array    0x000000dc        0x4 C:/Applications/Microchip/XC32/bin/bin/../../lib/gcc/pic32c/13.2.1/thumb/v6-m/nofp/crtbegin.o
 *(SORT_BY_NAME(.fini_array.*))
                0x000000e0                        __fini_array_end = .
 *crtbegin.o(.dtors)
 *(EXCLUDE_FILE(*crtend.o) .dtors)
 *(SORT_BY_NAME(.dtors.*))
 *crtend.o(.dtors)
                0x000000e0                        . = ALIGN (0x4)
                0x000000e0                        _efixed = .
                [!provide]                        PROVIDE (__exidx_start = .)

.ARM.exidx
 *(.ARM.exidx* .gnu.linkonce.armexidx.*)
                [!provide]                        PROVIDE (__exidx_end = .)
                0x000000e0                        . = ALIGN (0x4)
                0x000000e0                        _etext = .

.bss            0x20000000        0x0
                0x20000000                        . = ALIGN (0x4)
                0x20000000                        __bss_start__ = .
                0x20000000                        _sbss = .
                0x20000000                        _szero = .
 *(COMMON)
                0x20000000                        . = ALIGN (0x4)
                0x20000000                        __bss_end__ = .
                0x20000000                        _ebss = .
                0x20000000                        _ezero = .
                0x20000000                        . = ALIGN (0x4)
                0x20000000                        _end = .
                0x2000ffff                        _ram_end_ = ((ORIGIN (ram) + LENGTH (ram)) - 0x1)
                0x00001000                        _min_heap_size = 0x1000
START GROUP
LOAD C:/Applications/Microchip/XC32/bin/bin/../../lib/gcc/pic32c/13.2.1/../../../../pic32c/lib/thumb/v6-m/nofp\libpic32c.a
LOAD C:/Applications/Microchip/XC32/bin/bin/../../lib/gcc/pic32c/13.2.1/../../../../pic32c/lib/thumb/v6-m/nofp\libc-size-musl.a
LOAD C:/Applications/Microchip/XC32/bin/bin/../../lib/gcc/pic32c/13.2.1/../../../../pic32c/lib/thumb/v6-m/nofp\liblmalloc-musl.a
LOAD C:/Applications/Microchip/XC32/bin/bin/../../lib/gcc/pic32c/13.2.1/../../../../pic32c/lib/thumb/v6-m/nofp\libc-musl.a
LOAD C:/Applications/Microchip/XC32/bin/bin/../../lib/gcc/pic32c/13.2.1/../../../../pic32c/lib/thumb/v6-m/nofp\libm-fast-emfloat.a
LOAD C:/Applications/Microchip/XC32/bin/bin/../../lib/gcc/pic32c/13.2.1/../../../../pic32c/lib/thumb/v6-m/nofp\libm-musl.a
END GROUP
LOAD C:/Applications/Microchip/XC32/bin/bin/../../lib/gcc/pic32c/13.2.1/thumb/v6-m/nofp\libgcc.a
LOAD C:/Applications/Microchip/XC32/bin/bin/../../lib/gcc/pic32c/13.2.1/thumb/v6-m/nofp/crtend.o
LOAD C:/Applications/Microchip/XC32/bin/bin/../../lib/gcc/pic32c/13.2.1/thumb/v6-m/nofp/crtn.o
OUTPUT(dist/default/production/RTC_TEST.X.production.elf elf32-littlearm)
LOAD linker stubs
LOAD data_init

.note           0x00000000      0x2a0
 .note          0x00000000       0x18 C:/Applications/Microchip/XC32/bin/bin/../../lib/gcc/pic32c/13.2.1/thumb/v6-m/nofp/crti.o
 .note          0x00000018       0x18 C:/Applications/Microchip/XC32/bin/bin/../../lib/gcc/pic32c/13.2.1/thumb/v6-m/nofp/crtbegin.o
 .note          0x00000030       0x18 build/default/production/_ext/1984496892/plib_clock.o
 .note          0x00000048       0x18 build/default/production/_ext/1986646378/plib_evsys.o
 .note          0x00000060       0x18 build/default/production/_ext/1865468468/plib_nvic.o
 .note          0x00000078       0x18 build/default/production/_ext/1593096446/plib_nvmctrl.o
 .note          0x00000090       0x18 build/default/production/_ext/1865521619/plib_port.o
 .note          0x000000a8       0x18 build/default/production/_ext/163028504/xc32_monitor.o
 .note          0x000000c0       0x78 build/default/production/_ext/1171490990/initialization.o
 .note          0x00000138       0x18 build/default/production/_ext/1171490990/interrupts.o
 .note          0x00000150       0x18 build/default/production/_ext/1171490990/exceptions.o
 .note          0x00000168       0x18 build/default/production/_ext/1171490990/startup_xc32.o
 .note          0x00000180       0x18 build/default/production/_ext/1171490990/libc_syscalls.o
 .note          0x00000198       0x18 build/default/production/_ext/1360937237/main.o
 .note          0x000001b0       0x18 build/default/production/_ext/60180175/plib_rtc_timer.o
 .note          0x000001c8       0x18 C:/Applications/Microchip/XC32/bin/bin/../../lib/gcc/pic32c/13.2.1/../../../../pic32c/lib/thumb/v6-m/nofp\libpic32c.a(data_init.o)
 .note          0x000001e0       0x18 C:/Applications/Microchip/XC32/bin/bin/../../lib/gcc/pic32c/13.2.1/../../../../pic32c/lib/thumb/v6-m/nofp\libc-size-musl.a(memcpy.o)
 .note          0x000001f8       0x18 C:/Applications/Microchip/XC32/bin/bin/../../lib/gcc/pic32c/13.2.1/../../../../pic32c/lib/thumb/v6-m/nofp\libc-musl.a(__libc_start_main.o)
 .note          0x00000210       0x18 C:/Applications/Microchip/XC32/bin/bin/../../lib/gcc/pic32c/13.2.1/../../../../pic32c/lib/thumb/v6-m/nofp\libc-musl.a(libc.o)
 .note          0x00000228       0x18 C:/Applications/Microchip/XC32/bin/bin/../../lib/gcc/pic32c/13.2.1/../../../../pic32c/lib/thumb/v6-m/nofp\libc-musl.a(__environ.o)
 .note          0x00000240       0x18 C:/Applications/Microchip/XC32/bin/bin/../../lib/gcc/pic32c/13.2.1/thumb/v6-m/nofp/crtend.o
 .note          0x00000258       0x18 C:/Applications/Microchip/XC32/bin/bin/../../lib/gcc/pic32c/13.2.1/thumb/v6-m/nofp/crtn.o
 .note          0x00000270       0x18 C:/Applications/Microchip/XC32/bin/bin/../../lib/gcc/pic32c/13.2.1/../../../../pic32c/lib/thumb/v6-m/nofp\libpic32c.a(pic32_data_init_clear.o)
 .note          0x00000288       0x18 C:/Applications/Microchip/XC32/bin/bin/../../lib/gcc/pic32c/13.2.1/../../../../pic32c/lib/thumb/v6-m/nofp\libpic32c.a(pic32_data_init_copy.o)

.ARM.attributes
                0x00000000       0x2c
 .ARM.attributes
                0x00000000       0x1e C:/Applications/Microchip/XC32/bin/bin/../../lib/gcc/pic32c/13.2.1/thumb/v6-m/nofp/crti.o
 .ARM.attributes
                0x0000001e       0x2c C:/Applications/Microchip/XC32/bin/bin/../../lib/gcc/pic32c/13.2.1/thumb/v6-m/nofp/crtbegin.o
 .ARM.attributes
                0x0000004a       0x2c build/default/production/_ext/1984496892/plib_clock.o
 .ARM.attributes
                0x00000076       0x2c build/default/production/_ext/1986646378/plib_evsys.o
 .ARM.attributes
                0x000000a2       0x2c build/default/production/_ext/1865468468/plib_nvic.o
 .ARM.attributes
                0x000000ce       0x2c build/default/production/_ext/1593096446/plib_nvmctrl.o
 .ARM.attributes
                0x000000fa       0x2c build/default/production/_ext/1865521619/plib_port.o
 .ARM.attributes
                0x00000126       0x2c build/default/production/_ext/1171490990/initialization.o
 .ARM.attributes
                0x00000152       0x2c build/default/production/_ext/1171490990/interrupts.o
 .ARM.attributes
                0x0000017e       0x2c build/default/production/_ext/1171490990/exceptions.o
 .ARM.attributes
                0x000001aa       0x2c build/default/production/_ext/1171490990/startup_xc32.o
 .ARM.attributes
                0x000001d6       0x2c build/default/production/_ext/1360937237/main.o
 .ARM.attributes
                0x00000202       0x2c build/default/production/_ext/60180175/plib_rtc_timer.o
 .ARM.attributes
                0x0000022e       0x2c C:/Applications/Microchip/XC32/bin/bin/../../lib/gcc/pic32c/13.2.1/../../../../pic32c/lib/thumb/v6-m/nofp\libpic32c.a(data_init.o)
 .ARM.attributes
                0x0000025a       0x2e C:/Applications/Microchip/XC32/bin/bin/../../lib/gcc/pic32c/13.2.1/../../../../pic32c/lib/thumb/v6-m/nofp\libc-musl.a(__libc_start_main.o)
 .ARM.attributes
                0x00000288       0x2e C:/Applications/Microchip/XC32/bin/bin/../../lib/gcc/pic32c/13.2.1/../../../../pic32c/lib/thumb/v6-m/nofp\libc-musl.a(libc.o)
 .ARM.attributes
                0x000002b6       0x2e C:/Applications/Microchip/XC32/bin/bin/../../lib/gcc/pic32c/13.2.1/../../../../pic32c/lib/thumb/v6-m/nofp\libc-musl.a(__environ.o)
 .ARM.attributes
                0x000002e4       0x1e C:/Applications/Microchip/XC32/bin/bin/../../lib/gcc/pic32c/13.2.1/thumb/v6-m/nofp/crtn.o
 .ARM.attributes
                0x00000302       0x2c C:/Applications/Microchip/XC32/bin/bin/../../lib/gcc/pic32c/13.2.1/../../../../pic32c/lib/thumb/v6-m/nofp\libpic32c.a(pic32_data_init_clear.o)
 .ARM.attributes
                0x0000032e       0x2c C:/Applications/Microchip/XC32/bin/bin/../../lib/gcc/pic32c/13.2.1/../../../../pic32c/lib/thumb/v6-m/nofp\libpic32c.a(pic32_data_init_copy.o)

.comment        0x00000000       0x35
 .comment       0x00000000       0x35 C:/Applications/Microchip/XC32/bin/bin/../../lib/gcc/pic32c/13.2.1/thumb/v6-m/nofp/crtbegin.o
                                 0x36 (size before relaxing)
 .comment       0x00000035       0x36 build/default/production/_ext/1984496892/plib_clock.o
 .comment       0x00000035       0x36 build/default/production/_ext/1986646378/plib_evsys.o
 .comment       0x00000035       0x36 build/default/production/_ext/1865468468/plib_nvic.o
 .comment       0x00000035       0x36 build/default/production/_ext/1593096446/plib_nvmctrl.o
 .comment       0x00000035       0x36 build/default/production/_ext/1865521619/plib_port.o
 .comment       0x00000035       0x36 build/default/production/_ext/1171490990/initialization.o
 .comment       0x00000035       0x36 build/default/production/_ext/1171490990/interrupts.o
 .comment       0x00000035       0x36 build/default/production/_ext/1171490990/exceptions.o
 .comment       0x00000035       0x36 build/default/production/_ext/1171490990/startup_xc32.o
 .comment       0x00000035       0x36 build/default/production/_ext/1360937237/main.o
 .comment       0x00000035       0x36 build/default/production/_ext/60180175/plib_rtc_timer.o
 .comment       0x00000035       0x36 C:/Applications/Microchip/XC32/bin/bin/../../lib/gcc/pic32c/13.2.1/../../../../pic32c/lib/thumb/v6-m/nofp\libpic32c.a(data_init.o)
 .comment       0x00000035       0x36 C:/Applications/Microchip/XC32/bin/bin/../../lib/gcc/pic32c/13.2.1/../../../../pic32c/lib/thumb/v6-m/nofp\libc-musl.a(__libc_start_main.o)
 .comment       0x00000035       0x36 C:/Applications/Microchip/XC32/bin/bin/../../lib/gcc/pic32c/13.2.1/../../../../pic32c/lib/thumb/v6-m/nofp\libc-musl.a(libc.o)
 .comment       0x00000035       0x36 C:/Applications/Microchip/XC32/bin/bin/../../lib/gcc/pic32c/13.2.1/../../../../pic32c/lib/thumb/v6-m/nofp\libc-musl.a(__environ.o)
 .comment       0x00000035       0x36 C:/Applications/Microchip/XC32/bin/bin/../../lib/gcc/pic32c/13.2.1/../../../../pic32c/lib/thumb/v6-m/nofp\libpic32c.a(pic32_data_init_clear.o)
 .comment       0x00000035       0x36 C:/Applications/Microchip/XC32/bin/bin/../../lib/gcc/pic32c/13.2.1/../../../../pic32c/lib/thumb/v6-m/nofp\libpic32c.a(pic32_data_init_copy.o)

.debug_info     0x00000000     0x3d1e
 .debug_info    0x00000000      0x4e2 build/default/production/_ext/1984496892/plib_clock.o
 .debug_info    0x000004e2       0x9b build/default/production/_ext/1986646378/plib_evsys.o
 .debug_info    0x0000057d      0x7ac build/default/production/_ext/1865468468/plib_nvic.o
 .debug_info    0x00000d29      0x868 build/default/production/_ext/1593096446/plib_nvmctrl.o
 .debug_info    0x00001591      0x697 build/default/production/_ext/1865521619/plib_port.o
 .debug_info    0x00001c28      0x37a build/default/production/_ext/1171490990/initialization.o
 .debug_info    0x00001fa2      0x417 build/default/production/_ext/1171490990/interrupts.o
 .debug_info    0x000023b9       0xb3 build/default/production/_ext/1171490990/exceptions.o
 .debug_info    0x0000246c      0x31f build/default/production/_ext/1171490990/startup_xc32.o
 .debug_info    0x0000278b      0x34c build/default/production/_ext/1360937237/main.o
 .debug_info    0x00002ad7      0x7ea build/default/production/_ext/60180175/plib_rtc_timer.o
 .debug_info    0x000032c1      0x212 C:/Applications/Microchip/XC32/bin/bin/../../lib/gcc/pic32c/13.2.1/../../../../pic32c/lib/thumb/v6-m/nofp\libpic32c.a(data_init.o)
 .debug_info    0x000034d3      0x2fb C:/Applications/Microchip/XC32/bin/bin/../../lib/gcc/pic32c/13.2.1/../../../../pic32c/lib/thumb/v6-m/nofp\libc-musl.a(__libc_start_main.o)
 .debug_info    0x000037ce      0x276 C:/Applications/Microchip/XC32/bin/bin/../../lib/gcc/pic32c/13.2.1/../../../../pic32c/lib/thumb/v6-m/nofp\libc-musl.a(libc.o)
 .debug_info    0x00003a44       0x97 C:/Applications/Microchip/XC32/bin/bin/../../lib/gcc/pic32c/13.2.1/../../../../pic32c/lib/thumb/v6-m/nofp\libc-musl.a(__environ.o)
 .debug_info    0x00003adb      0x117 C:/Applications/Microchip/XC32/bin/bin/../../lib/gcc/pic32c/13.2.1/../../../../pic32c/lib/thumb/v6-m/nofp\libpic32c.a(pic32_data_init_clear.o)
 .debug_info    0x00003bf2      0x12c C:/Applications/Microchip/XC32/bin/bin/../../lib/gcc/pic32c/13.2.1/../../../../pic32c/lib/thumb/v6-m/nofp\libpic32c.a(pic32_data_init_copy.o)

.debug_abbrev   0x00000000     0x13b3
 .debug_abbrev  0x00000000      0x140 build/default/production/_ext/1984496892/plib_clock.o
 .debug_abbrev  0x00000140       0x46 build/default/production/_ext/1986646378/plib_evsys.o
 .debug_abbrev  0x00000186      0x24c build/default/production/_ext/1865468468/plib_nvic.o
 .debug_abbrev  0x000003d2      0x21e build/default/production/_ext/1593096446/plib_nvmctrl.o
 .debug_abbrev  0x000005f0      0x206 build/default/production/_ext/1865521619/plib_port.o
 .debug_abbrev  0x000007f6       0xf0 build/default/production/_ext/1171490990/initialization.o
 .debug_abbrev  0x000008e6       0xd3 build/default/production/_ext/1171490990/interrupts.o
 .debug_abbrev  0x000009b9       0x49 build/default/production/_ext/1171490990/exceptions.o
 .debug_abbrev  0x00000a02      0x190 build/default/production/_ext/1171490990/startup_xc32.o
 .debug_abbrev  0x00000b92      0x162 build/default/production/_ext/1360937237/main.o
 .debug_abbrev  0x00000cf4      0x1a2 build/default/production/_ext/60180175/plib_rtc_timer.o
 .debug_abbrev  0x00000e96      0x156 C:/Applications/Microchip/XC32/bin/bin/../../lib/gcc/pic32c/13.2.1/../../../../pic32c/lib/thumb/v6-m/nofp\libpic32c.a(data_init.o)
 .debug_abbrev  0x00000fec      0x133 C:/Applications/Microchip/XC32/bin/bin/../../lib/gcc/pic32c/13.2.1/../../../../pic32c/lib/thumb/v6-m/nofp\libc-musl.a(__libc_start_main.o)
 .debug_abbrev  0x0000111f       0xd4 C:/Applications/Microchip/XC32/bin/bin/../../lib/gcc/pic32c/13.2.1/../../../../pic32c/lib/thumb/v6-m/nofp\libc-musl.a(libc.o)
 .debug_abbrev  0x000011f3       0x62 C:/Applications/Microchip/XC32/bin/bin/../../lib/gcc/pic32c/13.2.1/../../../../pic32c/lib/thumb/v6-m/nofp\libc-musl.a(__environ.o)
 .debug_abbrev  0x00001255       0xa5 C:/Applications/Microchip/XC32/bin/bin/../../lib/gcc/pic32c/13.2.1/../../../../pic32c/lib/thumb/v6-m/nofp\libpic32c.a(pic32_data_init_clear.o)
 .debug_abbrev  0x000012fa       0xb9 C:/Applications/Microchip/XC32/bin/bin/../../lib/gcc/pic32c/13.2.1/../../../../pic32c/lib/thumb/v6-m/nofp\libpic32c.a(pic32_data_init_copy.o)

.debug_loc      0x00000000     0x10f3
 .debug_loc     0x00000000       0x45 build/default/production/_ext/1984496892/plib_clock.o
 .debug_loc     0x00000045      0x131 build/default/production/_ext/1865468468/plib_nvic.o
 .debug_loc     0x00000176      0x725 build/default/production/_ext/1593096446/plib_nvmctrl.o
 .debug_loc     0x0000089b      0x2b8 build/default/production/_ext/1865521619/plib_port.o
 .debug_loc     0x00000b53       0x4b build/default/production/_ext/1171490990/initialization.o
 .debug_loc     0x00000b9e       0x6b build/default/production/_ext/1171490990/startup_xc32.o
 .debug_loc     0x00000c09       0x4b build/default/production/_ext/1360937237/main.o
 .debug_loc     0x00000c54       0xa0 build/default/production/_ext/60180175/plib_rtc_timer.o
 .debug_loc     0x00000cf4      0x113 C:/Applications/Microchip/XC32/bin/bin/../../lib/gcc/pic32c/13.2.1/../../../../pic32c/lib/thumb/v6-m/nofp\libpic32c.a(data_init.o)
 .debug_loc     0x00000e07       0x5e C:/Applications/Microchip/XC32/bin/bin/../../lib/gcc/pic32c/13.2.1/../../../../pic32c/lib/thumb/v6-m/nofp\libc-musl.a(__libc_start_main.o)
 .debug_loc     0x00000e65       0xf7 C:/Applications/Microchip/XC32/bin/bin/../../lib/gcc/pic32c/13.2.1/../../../../pic32c/lib/thumb/v6-m/nofp\libpic32c.a(pic32_data_init_clear.o)
 .debug_loc     0x00000f5c      0x197 C:/Applications/Microchip/XC32/bin/bin/../../lib/gcc/pic32c/13.2.1/../../../../pic32c/lib/thumb/v6-m/nofp\libpic32c.a(pic32_data_init_copy.o)

.debug_aranges  0x00000000      0x3b0
 .debug_aranges
                0x00000000       0x20 build/default/production/_ext/1984496892/plib_clock.o
 .debug_aranges
                0x00000020       0x20 build/default/production/_ext/1986646378/plib_evsys.o
 .debug_aranges
                0x00000040       0x48 build/default/production/_ext/1865468468/plib_nvic.o
 .debug_aranges
                0x00000088       0xb0 build/default/production/_ext/1593096446/plib_nvmctrl.o
 .debug_aranges
                0x00000138       0x70 build/default/production/_ext/1865521619/plib_port.o
 .debug_aranges
                0x000001a8       0x20 build/default/production/_ext/1171490990/initialization.o
 .debug_aranges
                0x000001c8       0x20 build/default/production/_ext/1171490990/interrupts.o
 .debug_aranges
                0x000001e8       0x28 build/default/production/_ext/1171490990/exceptions.o
 .debug_aranges
                0x00000210       0x28 build/default/production/_ext/1171490990/startup_xc32.o
 .debug_aranges
                0x00000238       0x28 build/default/production/_ext/1360937237/main.o
 .debug_aranges
                0x00000260       0x88 build/default/production/_ext/60180175/plib_rtc_timer.o
 .debug_aranges
                0x000002e8       0x30 C:/Applications/Microchip/XC32/bin/bin/../../lib/gcc/pic32c/13.2.1/../../../../pic32c/lib/thumb/v6-m/nofp\libpic32c.a(data_init.o)
 .debug_aranges
                0x00000318       0x28 C:/Applications/Microchip/XC32/bin/bin/../../lib/gcc/pic32c/13.2.1/../../../../pic32c/lib/thumb/v6-m/nofp\libc-musl.a(__libc_start_main.o)
 .debug_aranges
                0x00000340       0x18 C:/Applications/Microchip/XC32/bin/bin/../../lib/gcc/pic32c/13.2.1/../../../../pic32c/lib/thumb/v6-m/nofp\libc-musl.a(libc.o)
 .debug_aranges
                0x00000358       0x18 C:/Applications/Microchip/XC32/bin/bin/../../lib/gcc/pic32c/13.2.1/../../../../pic32c/lib/thumb/v6-m/nofp\libc-musl.a(__environ.o)
 .debug_aranges
                0x00000370       0x20 C:/Applications/Microchip/XC32/bin/bin/../../lib/gcc/pic32c/13.2.1/../../../../pic32c/lib/thumb/v6-m/nofp\libpic32c.a(pic32_data_init_clear.o)
 .debug_aranges
                0x00000390       0x20 C:/Applications/Microchip/XC32/bin/bin/../../lib/gcc/pic32c/13.2.1/../../../../pic32c/lib/thumb/v6-m/nofp\libpic32c.a(pic32_data_init_copy.o)

.debug_ranges   0x00000000      0x2c0
 .debug_ranges  0x00000000       0x10 build/default/production/_ext/1984496892/plib_clock.o
 .debug_ranges  0x00000010       0x10 build/default/production/_ext/1986646378/plib_evsys.o
 .debug_ranges  0x00000020       0x50 build/default/production/_ext/1865468468/plib_nvic.o
 .debug_ranges  0x00000070       0xa0 build/default/production/_ext/1593096446/plib_nvmctrl.o
 .debug_ranges  0x00000110       0x60 build/default/production/_ext/1865521619/plib_port.o
 .debug_ranges  0x00000170       0x10 build/default/production/_ext/1171490990/initialization.o
 .debug_ranges  0x00000180       0x10 build/default/production/_ext/1171490990/interrupts.o
 .debug_ranges  0x00000190       0x18 build/default/production/_ext/1171490990/exceptions.o
 .debug_ranges  0x000001a8       0x18 build/default/production/_ext/1171490990/startup_xc32.o
 .debug_ranges  0x000001c0       0x18 build/default/production/_ext/1360937237/main.o
 .debug_ranges  0x000001d8       0x78 build/default/production/_ext/60180175/plib_rtc_timer.o
 .debug_ranges  0x00000250       0x20 C:/Applications/Microchip/XC32/bin/bin/../../lib/gcc/pic32c/13.2.1/../../../../pic32c/lib/thumb/v6-m/nofp\libpic32c.a(data_init.o)
 .debug_ranges  0x00000270       0x30 C:/Applications/Microchip/XC32/bin/bin/../../lib/gcc/pic32c/13.2.1/../../../../pic32c/lib/thumb/v6-m/nofp\libc-musl.a(__libc_start_main.o)
 .debug_ranges  0x000002a0       0x10 C:/Applications/Microchip/XC32/bin/bin/../../lib/gcc/pic32c/13.2.1/../../../../pic32c/lib/thumb/v6-m/nofp\libpic32c.a(pic32_data_init_clear.o)
 .debug_ranges  0x000002b0       0x10 C:/Applications/Microchip/XC32/bin/bin/../../lib/gcc/pic32c/13.2.1/../../../../pic32c/lib/thumb/v6-m/nofp\libpic32c.a(pic32_data_init_copy.o)

.debug_line     0x00000000     0x211b
 .debug_line    0x00000000      0x1e6 build/default/production/_ext/1984496892/plib_clock.o
 .debug_line    0x000001e6       0x66 build/default/production/_ext/1986646378/plib_evsys.o
 .debug_line    0x0000024c      0x39f build/default/production/_ext/1865468468/plib_nvic.o
 .debug_line    0x000005eb      0x539 build/default/production/_ext/1593096446/plib_nvmctrl.o
 .debug_line    0x00000b24      0x2cf build/default/production/_ext/1865521619/plib_port.o
 .debug_line    0x00000df3      0x237 build/default/production/_ext/1171490990/initialization.o
 .debug_line    0x0000102a       0xc6 build/default/production/_ext/1171490990/interrupts.o
 .debug_line    0x000010f0       0x75 build/default/production/_ext/1171490990/exceptions.o
 .debug_line    0x00001165      0x278 build/default/production/_ext/1171490990/startup_xc32.o
 .debug_line    0x000013dd      0x143 build/default/production/_ext/1360937237/main.o
 .debug_line    0x00001520      0x4c7 build/default/production/_ext/60180175/plib_rtc_timer.o
 .debug_line    0x000019e7      0x165 C:/Applications/Microchip/XC32/bin/bin/../../lib/gcc/pic32c/13.2.1/../../../../pic32c/lib/thumb/v6-m/nofp\libpic32c.a(data_init.o)
 .debug_line    0x00001b4c      0x1cb C:/Applications/Microchip/XC32/bin/bin/../../lib/gcc/pic32c/13.2.1/../../../../pic32c/lib/thumb/v6-m/nofp\libc-musl.a(__libc_start_main.o)
 .debug_line    0x00001d17       0xb5 C:/Applications/Microchip/XC32/bin/bin/../../lib/gcc/pic32c/13.2.1/../../../../pic32c/lib/thumb/v6-m/nofp\libc-musl.a(libc.o)
 .debug_line    0x00001dcc       0xfb C:/Applications/Microchip/XC32/bin/bin/../../lib/gcc/pic32c/13.2.1/../../../../pic32c/lib/thumb/v6-m/nofp\libc-musl.a(__environ.o)
 .debug_line    0x00001ec7      0x11e C:/Applications/Microchip/XC32/bin/bin/../../lib/gcc/pic32c/13.2.1/../../../../pic32c/lib/thumb/v6-m/nofp\libpic32c.a(pic32_data_init_clear.o)
 .debug_line    0x00001fe5      0x136 C:/Applications/Microchip/XC32/bin/bin/../../lib/gcc/pic32c/13.2.1/../../../../pic32c/lib/thumb/v6-m/nofp\libpic32c.a(pic32_data_init_copy.o)

.debug_str      0x00000000     0x21e3
 .debug_str     0x00000000     0x21e3 build/default/production/_ext/1984496892/plib_clock.o
                                0x601 (size before relaxing)
 .debug_str     0x000021e3      0x2f9 build/default/production/_ext/1986646378/plib_evsys.o
 .debug_str     0x000021e3      0x6b9 build/default/production/_ext/1865468468/plib_nvic.o
 .debug_str     0x000021e3      0x6b3 build/default/production/_ext/1593096446/plib_nvmctrl.o
 .debug_str     0x000021e3      0x813 build/default/production/_ext/1865521619/plib_port.o
 .debug_str     0x000021e3      0x4e4 build/default/production/_ext/1171490990/initialization.o
 .debug_str     0x000021e3      0x696 build/default/production/_ext/1171490990/interrupts.o
 .debug_str     0x000021e3      0x300 build/default/production/_ext/1171490990/exceptions.o
 .debug_str     0x000021e3      0x40f build/default/production/_ext/1171490990/startup_xc32.o
 .debug_str     0x000021e3      0x440 build/default/production/_ext/1360937237/main.o
 .debug_str     0x000021e3      0x629 build/default/production/_ext/60180175/plib_rtc_timer.o
 .debug_str     0x000021e3      0x2ef C:/Applications/Microchip/XC32/bin/bin/../../lib/gcc/pic32c/13.2.1/../../../../pic32c/lib/thumb/v6-m/nofp\libpic32c.a(data_init.o)
 .debug_str     0x000021e3      0x3dd C:/Applications/Microchip/XC32/bin/bin/../../lib/gcc/pic32c/13.2.1/../../../../pic32c/lib/thumb/v6-m/nofp\libc-musl.a(__libc_start_main.o)
 .debug_str     0x000021e3      0x348 C:/Applications/Microchip/XC32/bin/bin/../../lib/gcc/pic32c/13.2.1/../../../../pic32c/lib/thumb/v6-m/nofp\libc-musl.a(libc.o)
 .debug_str     0x000021e3      0x248 C:/Applications/Microchip/XC32/bin/bin/../../lib/gcc/pic32c/13.2.1/../../../../pic32c/lib/thumb/v6-m/nofp\libc-musl.a(__environ.o)
 .debug_str     0x000021e3      0x280 C:/Applications/Microchip/XC32/bin/bin/../../lib/gcc/pic32c/13.2.1/../../../../pic32c/lib/thumb/v6-m/nofp\libpic32c.a(pic32_data_init_clear.o)
 .debug_str     0x000021e3      0x287 C:/Applications/Microchip/XC32/bin/bin/../../lib/gcc/pic32c/13.2.1/../../../../pic32c/lib/thumb/v6-m/nofp\libpic32c.a(pic32_data_init_copy.o)

.debug_frame    0x00000000      0x5b8
 .debug_frame   0x00000000       0x20 build/default/production/_ext/1984496892/plib_clock.o
 .debug_frame   0x00000020       0x20 build/default/production/_ext/1986646378/plib_evsys.o
 .debug_frame   0x00000040       0x7c build/default/production/_ext/1865468468/plib_nvic.o
 .debug_frame   0x000000bc      0x174 build/default/production/_ext/1593096446/plib_nvmctrl.o
 .debug_frame   0x00000230       0xd8 build/default/production/_ext/1865521619/plib_port.o
 .debug_frame   0x00000308       0x28 build/default/production/_ext/1171490990/initialization.o
 .debug_frame   0x00000330       0x20 build/default/production/_ext/1171490990/interrupts.o
 .debug_frame   0x00000350       0x30 build/default/production/_ext/1171490990/exceptions.o
 .debug_frame   0x00000380       0x40 build/default/production/_ext/1171490990/startup_xc32.o
 .debug_frame   0x000003c0       0x38 build/default/production/_ext/1360937237/main.o
 .debug_frame   0x000003f8       0xf8 build/default/production/_ext/60180175/plib_rtc_timer.o
 .debug_frame   0x000004f0       0x48 C:/Applications/Microchip/XC32/bin/bin/../../lib/gcc/pic32c/13.2.1/../../../../pic32c/lib/thumb/v6-m/nofp\libpic32c.a(data_init.o)
 .debug_frame   0x00000538       0x38 C:/Applications/Microchip/XC32/bin/bin/../../lib/gcc/pic32c/13.2.1/../../../../pic32c/lib/thumb/v6-m/nofp\libc-musl.a(__libc_start_main.o)
 .debug_frame   0x00000570       0x20 C:/Applications/Microchip/XC32/bin/bin/../../lib/gcc/pic32c/13.2.1/../../../../pic32c/lib/thumb/v6-m/nofp\libpic32c.a(pic32_data_init_clear.o)
 .debug_frame   0x00000590       0x28 C:/Applications/Microchip/XC32/bin/bin/../../lib/gcc/pic32c/13.2.1/../../../../pic32c/lib/thumb/v6-m/nofp\libpic32c.a(pic32_data_init_copy.o)

.note.GNU-stack
                0x00000000        0x0
 .note.GNU-stack
                0x00000000        0x0 C:/Applications/Microchip/XC32/bin/bin/../../lib/gcc/pic32c/13.2.1/../../../../pic32c/lib/thumb/v6-m/nofp\libc-musl.a(__libc_start_main.o)
 .note.GNU-stack
                0x00000000        0x0 C:/Applications/Microchip/XC32/bin/bin/../../lib/gcc/pic32c/13.2.1/../../../../pic32c/lib/thumb/v6-m/nofp\libc-musl.a(libc.o)
 .note.GNU-stack
                0x00000000        0x0 C:/Applications/Microchip/XC32/bin/bin/../../lib/gcc/pic32c/13.2.1/../../../../pic32c/lib/thumb/v6-m/nofp\libc-musl.a(__environ.o)

.vfp11_veneer%z1

.v4_bx%z2

.iplt%z3

.rel.iplt%z4

.igot.plt%z5

.bss%1          0x20000000       0x50
 .bss           0x20000000       0x50 C:/Applications/Microchip/XC32/bin/bin/../../lib/gcc/pic32c/13.2.1/../../../../pic32c/lib/thumb/v6-m/nofp\libc-musl.a(libc.o)
                0x20000000                __progname_full
                0x20000000                program_invocation_name
                0x20000004                program_invocation_short_name
                0x20000004                __progname
                0x20000008                __sysinfo
                0x2000000c                __hwcap
                0x20000010                __libc

.bss%2          0x20000050       0x1c
 .bss           0x20000050       0x1c C:/Applications/Microchip/XC32/bin/bin/../../lib/gcc/pic32c/13.2.1/thumb/v6-m/nofp/crtbegin.o

.bss.rtcObj%3   0x2000006c        0xc
 .bss.rtcObj    0x2000006c        0xc build/default/production/_ext/60180175/plib_rtc_timer.o

.bss%4          0x20000078        0x4
 .bss           0x20000078        0x4 C:/Applications/Microchip/XC32/bin/bin/../../lib/gcc/pic32c/13.2.1/../../../../pic32c/lib/thumb/v6-m/nofp\libpic32c.a(data_init.o)

.bss%5          0x2000007c        0x4
 .bss           0x2000007c        0x4 C:/Applications/Microchip/XC32/bin/bin/../../lib/gcc/pic32c/13.2.1/../../../../pic32c/lib/thumb/v6-m/nofp\libc-musl.a(__environ.o)
                0x2000007c                __environ
                0x2000007c                environ
                0x2000007c                ___environ
                0x2000007c                _environ

.eh_frame%z6    0x00000000        0x0
 .eh_frame      0x00000000        0x0 C:/Applications/Microchip/XC32/bin/bin/../../lib/gcc/pic32c/13.2.1/thumb/v6-m/nofp/crtbegin.o

.text.Reset_Handler%6
                0x000000e0       0xd0
 .text.Reset_Handler
                0x000000e0       0xd0 build/default/production/_ext/1171490990/startup_xc32.o
                0x000000e0                Reset_Handler

.text.CLOCK_Initialize%7
                0x000001b0       0x64
 .text.CLOCK_Initialize
                0x000001b0       0x64 build/default/production/_ext/1984496892/plib_clock.o
                0x000001b0                CLOCK_Initialize

.text.__libc_start_init%8
                0x00000214       0x5c
 .text.__libc_start_init
                0x00000214       0x5c C:/Applications/Microchip/XC32/bin/bin/../../lib/gcc/pic32c/13.2.1/../../../../pic32c/lib/thumb/v6-m/nofp\libc-musl.a(__libc_start_main.o)
                0x00000214                __libc_init_array

.text%9         0x00000270       0x48
 .text          0x00000270       0x48 C:/Applications/Microchip/XC32/bin/bin/../../lib/gcc/pic32c/13.2.1/thumb/v6-m/nofp/crtbegin.o

.text.RTC_Initialize%10
                0x000002b8       0x44
 .text.RTC_Initialize
                0x000002b8       0x44 build/default/production/_ext/60180175/plib_rtc_timer.o
                0x000002b8                RTC_Initialize

.text.__pic32c_data_initialization%11
                0x000002fc       0x38
 .text.__pic32c_data_initialization
                0x000002fc       0x38 C:/Applications/Microchip/XC32/bin/bin/../../lib/gcc/pic32c/13.2.1/../../../../pic32c/lib/thumb/v6-m/nofp\libpic32c.a(data_init.o)
                0x000002fc                __pic32c_data_initialization
                0x000002fc                __pic32_data_init

.text.RTC_InterruptHandler%12
                0x00000334       0x30
 .text.RTC_InterruptHandler
                0x00000334       0x30 build/default/production/_ext/60180175/plib_rtc_timer.o
                0x00000334                RTC_InterruptHandler

.dinit%13       0x00000364       0x30
 .dinit         0x00000364       0x30 data_init

.text.NVIC_Initialize%14
                0x00000394       0x28
 .text.NVIC_Initialize
                0x00000394       0x28 build/default/production/_ext/1865468468/plib_nvic.o
                0x00000394                NVIC_Initialize

.text.SYS_Initialize%15
                0x000003bc       0x28
 .text.SYS_Initialize
                0x000003bc       0x28 build/default/production/_ext/1171490990/initialization.o
                0x000003bc                SYS_Initialize

.text.__dinit_copy%16
                0x000003e4       0x1e
 .text.__dinit_copy
                0x000003e4       0x1e C:/Applications/Microchip/XC32/bin/bin/../../lib/gcc/pic32c/13.2.1/../../../../pic32c/lib/thumb/v6-m/nofp\libpic32c.a(pic32_data_init_copy.o)
                0x000003e4                __dinit_copy_needed
                0x000003e4                __dinit_copy

.text.main%17   0x00000404       0x1c
 .text.main     0x00000404       0x1c build/default/production/_ext/1360937237/main.o
                0x00000404                main

.text.RTC_Timer32Start%18
                0x00000420       0x1c
 .text.RTC_Timer32Start
                0x00000420       0x1c build/default/production/_ext/60180175/plib_rtc_timer.o
                0x00000420                RTC_Timer32Start

.text.PORT_Initialize%19
                0x0000043c       0x16
 .text.PORT_Initialize
                0x0000043c       0x16 build/default/production/_ext/1865521619/plib_port.o
                0x0000043c                PORT_Initialize

.rodata%20      0x00000454       0x14
 .rodata        0x00000454       0x14 C:/Applications/Microchip/XC32/bin/bin/../../lib/gcc/pic32c/13.2.1/../../../../pic32c/lib/thumb/v6-m/nofp\libpic32c.a(data_init.o)

.text.__dinit_clear%21
                0x00000468       0x12
 .text.__dinit_clear
                0x00000468       0x12 C:/Applications/Microchip/XC32/bin/bin/../../lib/gcc/pic32c/13.2.1/../../../../pic32c/lib/thumb/v6-m/nofp\libpic32c.a(pic32_data_init_clear.o)
                0x00000468                __dinit_clear
                0x00000468                __dinit_clear_needed

.text.RTC_Alarm_Callback%22
                0x0000047a       0x10
 .text.RTC_Alarm_Callback
                0x0000047a       0x10 build/default/production/_ext/1360937237/main.o
                0x0000047a                RTC_Alarm_Callback

.text.NVMCTRL_Initialize%23
                0x0000048c        0xc
 .text.NVMCTRL_Initialize
                0x0000048c        0xc build/default/production/_ext/1593096446/plib_nvmctrl.o
                0x0000048c                NVMCTRL_Initialize

.text.RTC_Timer32CallbackRegister%24
                0x00000498        0xc
 .text.RTC_Timer32CallbackRegister
                0x00000498        0xc build/default/production/_ext/60180175/plib_rtc_timer.o
                0x00000498                RTC_Timer32CallbackRegister

.text.__dummy_decompress%25
                0x000004a4        0x4
 .text.__dummy_decompress
                0x000004a4        0x4 C:/Applications/Microchip/XC32/bin/bin/../../lib/gcc/pic32c/13.2.1/../../../../pic32c/lib/thumb/v6-m/nofp\libpic32c.a(data_init.o)
                0x000004a4                __dinit_decompress
                0x000004a4                __dinit_copy_val_data
                0x000004a4                __dinit_copy_emb

.text.EVSYS_Initialize%26
                0x00000402        0x2
 .text.EVSYS_Initialize
                0x00000402        0x2 build/default/production/_ext/1986646378/plib_evsys.o
                0x00000402                EVSYS_Initialize

.text.Dummy_Handler%27
                0x00000452        0x2
 .text.Dummy_Handler
                0x00000452        0x2 build/default/production/_ext/1171490990/interrupts.o
                0x00000452                SVCall_Handler
                0x00000452                DMAC_Handler
                0x00000452                AC_Handler
                0x00000452                SysTick_Handler
                0x00000452                PendSV_Handler
                0x00000452                SERCOM1_Handler
                0x00000452                TCC1_Handler
                0x00000452                TC2_7_Handler
                0x00000452                SERCOM2_Handler
                0x00000452                TCC0_Handler
                0x00000452                TC1_6_Handler
                0x00000452                ADC1_Handler
                0x00000452                EIC_Handler
                0x00000452                WDT_Handler
                0x00000452                CAN0_Handler
                0x00000452                TC4_Handler
                0x00000452                TC3_Handler
                0x00000452                Dummy_Handler
                0x00000452                TC0_5_Handler
                0x00000452                SERCOM5_Handler
                0x00000452                MCRAMC_Handler
                0x00000452                CAN1_Handler
                0x00000452                ADC0_Handler
                0x00000452                PDEC_Handler
                0x00000452                TCC2_Handler
                0x00000452                EVSYS_Handler
                0x00000452                SERCOM3_Handler
                0x00000452                SERCOM4_Handler
                0x00000452                NVMCTRL_Handler
                0x00000452                SYSTEM_Handler
                0x00000452                SERCOM0_Handler
                0x00000452                DAC_Handler
                0x00000452                PTC_Handler
                0x00000452                FREQM_Handler
                0x00000452                ICM_Handler

.text.NonMaskableInt_Handler%28
                0x0000048a        0x2
 .text.NonMaskableInt_Handler
                0x0000048a        0x2 build/default/production/_ext/1171490990/exceptions.o
                0x0000048a                NonMaskableInt_Handler

.text.HardFault_Handler%29
                0x000004a8        0x2
 .text.HardFault_Handler
                0x000004a8        0x2 build/default/production/_ext/1171490990/exceptions.o
                0x000004a8                HardFault_Handler

.text.Dummy_App_Func%30
                0x000004aa        0x2
 .text.Dummy_App_Func
                0x000004aa        0x2 build/default/production/_ext/1171490990/startup_xc32.o
                0x000004aa                _on_reset
                0x000004aa                _on_bootstrap
                0x000004aa                __xc32_on_reset
                0x000004aa                Dummy_App_Func
                0x000004aa                __xc32_on_bootstrap

.text.__dummy_init_tls%31
                0x000004ac        0x2
 .text.__dummy_init_tls
                0x000004ac        0x2 C:/Applications/Microchip/XC32/bin/bin/../../lib/gcc/pic32c/13.2.1/../../../../pic32c/lib/thumb/v6-m/nofp\libpic32c.a(data_init.o)
                0x000004ac                xc32_init_tls

.text.__dummy%32
                0x000004ae        0x2
 .text.__dummy  0x000004ae        0x2 C:/Applications/Microchip/XC32/bin/bin/../../lib/gcc/pic32c/13.2.1/../../../../pic32c/lib/thumb/v6-m/nofp\libc-musl.a(__libc_start_main.o)
                0x000004ae                __init_stdio
                0x000004ae                __init_host
